I/EventWatcherService(17798): Received start id 18: Intent { cmp=com.asksven.betterbatterystats_xdaedition/com.asksven.betterbatterystats.services.EventWatcherService }
I/WriteScreenOffReferenceService(17798): Called at 2013-10-30 03:00:42
D/Globals (17798): Wakelock BBS_WAKELOCK_WHILE_SAVING_REF aquired
V/KeyguardHostView(  646): hide transport, gen:24
V/KeyguardHostView(  646): music state changed: 2
D/StatsProvider(17798): Added Deep sleep:4 h 18 m 2 s  (15482 s) Ratio: 71.7%
I/StatsProvider(17798): rawRealtime = 21605624000
I/StatsProvider(17798): whichRealtime = 7092438
I/StatsProvider(17798): Trace: Calling root operations2013-10-30 03:00:42
I/AlarmsDumpsys(17798): getAlarms: SDK=18, RELEASE=4.3.1
I/StatsProvider(17798): Trace: Finished root operations2013-10-30 03:00:42
I/ReferenceStore(17798): Serializing reference ref_screen_off
D/Globals (17798): Wakelock BBS_WAKELOCK_WHILE_SAVING_REF released
E/WriteScreenOffReferenceService(17798): Destroyed at2013-10-30 03:00:42
I/SmallWidgetProvider(17798): onReceive method called, action = 'BBS_WIDGET_UPDATE' at 2013-10-30 03:00:42
I/ReferenceStore(17798): Saved ref ref_screen_off
V/yao     (18294): 
V/yao     (18294): <methodCall>
V/yao     (18294):  <methodName>login</methodName>
V/yao     (18294):  <params>
V/yao     (18294):   <param>
V/yao     (18294):    <value>
V/yao     (18294):     <base64>YXNoamFz</base64>
V/yao     (18294):    </value>
V/yao     (18294):   </param>
V/yao     (18294):   <param>
V/yao     (18294):    <value>
V/yao     (18294):     <base64>ZWE2MjYyZTA4MWY2ZTViMzFkMGY5ZjJjYWE2MzQ3Y2M=</base64>
V/yao     (18294):    </value>
V/yao     (18294):   </param>
V/yao     (18294):  </params>
V/yao     (18294): </methodCall>
V/yao     (18294): 
V/yao     (18294): <methodCall>
V/yao     (18294):  <methodName>get_inbox_stat</methodName>
V/yao     (18294): </methodCall>
V/yao     (18294): 
V/yao     (18294): <methodCall>
V/yao     (18294):  <methodName>get_subscribed_topic</methodName>
V/yao     (18294): </methodCall>
V/lights  (  646): set_notification_led_locked: red 255 green 255 blue 0 onMS 1000 offMS 1000
D/AwesomePlayer(  195): Before reset_l
D/AwesomePlayer(  195): printFileName fd(40) -> /data/media/0/Notifications/notification sounds/good/jingle-bells-sms_lowAmp.mp3
I/AudioService(  646):  AudioFocus  requestAudioFocus() from android.media.AudioManager@96fc2518
V/KeyguardHostView(  646): hide transport, gen:25
I/OMXNodeInstance(  195): OMX_FreeBuffer for buffer header 0xb7fa2348 successful
I/OMXNodeInstance(  195): OMX_FreeBuffer for buffer header 0xb7fa2290 successful
I/OMXNodeInstance(  195): OMX_FreeBuffer for buffer header 0xb7fa61d8 successful
I/OMXNodeInstance(  195): OMX_FreeBuffer for buffer header 0xb7fa5b80 successful
I/OMXNodeInstance(  195): OMX_FreeBuffer for buffer header 0xb7fa3de8 successful
I/OMXNodeInstance(  195): OMX_FreeBuffer for buffer header 0xb7fa3cc0 successful
I/OMXNodeInstance(  195): OMX_FreeBuffer for buffer header 0xb7fa3b80 successful
I/OMXNodeInstance(  195): OMX_FreeBuffer for buffer header 0xb7f9f6b8 successful
D/audio_hw_primary(  195): start_output_stream: enter: usecase(1: low-latency-playback) devices(0x2)
D/audio_hw_primary(  195): select_devices: out_snd_device(2: speaker) in_snd_device(0: none)
D/audio_hw_primary(  195): enable_snd_device: sending audio calibration for snd_device(2) acdb_id(14)
D/ACDB-LOADER(  195): ACDB -> send_afe_cal
D/audio_hw_primary(  195): enable_snd_device: snd_device(2: speaker)
D/audio_hw_primary(  195): enable_audio_route: apply mixer path: low-latency-playback
D/audio_hw_primary(  195): start_output_stream: exit
I/AudioService(  646):  AudioFocus  abandonAudioFocus() from android.media.AudioManager@96fc2518
V/KeyguardHostView(  646): hide transport, gen:26
D/audio_hw_primary(  195): out_standby: enter: usecase(1: low-latency-playback)
D/audio_hw_primary(  195): stop_output_stream: enter: usecase(1: low-latency-playback)
D/audio_hw_primary(  195): disable_audio_route: reset mixer path: low-latency-playback
D/audio_hw_primary(  195): disable_snd_device: snd_device(2: speaker)
D/audio_hw_primary(  195): stop_output_stream: exit: status(0)
D/audio_hw_primary(  195): out_standby: exit
I/Velvet.VelvetFactory( 9179): refreshing internal icing corpora
I/Velvet.VelvetFactory( 9179): refreshing search history.
I/Icing.InternalIcingCorporaProvider( 9179): Updating corpora: A: MAYBE, C: MAYBE
I/Search.SearchUrlHelper( 9179): No config timestamp found.
W/ActivityManager(  646): Permission denied: checkComponentPermission() owningUid=10065
W/ActivityManager(  646): Permission denied: checkComponentPermission() owningUid=10065
W/ActivityManager(  646): Permission denied: checkComponentPermission() owningUid=10065
W/ActivityManager(  646): Permission denied: checkComponentPermission() owningUid=10065
W/ActivityManager(  646): Permission denied: checkComponentPermission() owningUid=10065
W/ActivityManager(  646): Permission denied: checkComponentPermission() owningUid=10065
W/ActivityManager(  646): Permission denied: checkComponentPermission() owningUid=10065
W/ActivityManager(  646): Permission denied: checkComponentPermission() owningUid=10065
W/ActivityManager(  646): Permission denied: checkComponentPermission() owningUid=10065
W/ActivityManager(  646): Permission denied: checkComponentPermission() owningUid=10065
D/YahooWeatherProvider(12778): Weather updated: WeatherInfo for Delhi (29021828) @ Wed Oct 30 03:08:30 GMT+05:30 2013: Clear(31), temperature 21C, low 18, high 32, humidity 73%, wind 0km/h at N
I/Dropsync( 2348): === Sync requested: mode = NORMAL_SYNC
I/Dropsync( 2348): --- Dropbox account info ---
I/Dropsync( 2348): Dropbox user: First Last myboxbooks@gmail.com IN
I/Dropsync( 2348): Dropbox quota: 18.88 GB
I/Dropsync( 2348): Dropbox used:   6.23 GB (32%)
I/Dropsync( 2348): Dropbox shared: 38 KB (0%)
I/Dropsync( 2348): Dropbox free  : 12.65 GB (68%)
I/Dropsync( 2348): --- Dropbox account info end ---
I/Dropsync( 2348): --- Dropsync settings ---
I/Dropsync( 2348): Local: /storage/emulated/0/Encfs/DropboxMyBoxBooksInfo/1aZ3gKfq
I/Dropsync( 2348): Remote: /infoRoot/1aZ3gKfq
I/Dropsync( 2348): Method: Two-way
I/Dropsync( 2348): Enabled: true
I/Dropsync( 2348): ---
I/Dropsync( 2348): Local: /storage/emulated/0/Encfs/DropboxMyBoxBooksCrankShaft/XzyWPesv3m,DqvvXgXEPBEOH20
I/Dropsync( 2348): Remote: /crankshaft/XzyWPesv3m,DqvvXgXEPBEOH20
I/Dropsync( 2348): Method: Two-way
I/Dropsync( 2348): Enabled: true
I/Dropsync( 2348): ---
I/Dropsync( 2348): --- Dropsync settings end ---
I/Dropsync( 2348): Device supports WIFI_MODE_FULL_HIGH_PERF (3)
I/Dropsync( 2348): Purged 0 log records older than 604800 sec
I/Dropsync( 2348): Opening /storage/emulated/0/Android/data/com.ttxapps.dropsync/cache/dropbox_listing_118542065.db
I/Dropsync( 2348): Curent db version 119
I/Dropsync( 2348): Trying to set WAL mode
I/Dropsync( 2348): >>> Dropbox delta: start
I/Dropsync( 2348): <<< Dropbox delta: finished 1814 ms, 0 changes inside synced folders
I/Dropsync( 2348): Sync finished in 4 seconds
I/Dropsync( 2348): 0 change(s) detected and synced
I/Dropsync( 2348): --- Sync completed, duration 4 seconds
I/Dropsync( 2348): Closing dropbox_listing_118542065.db
I/Dropsync( 2348): === Sync ended: mode = NORMAL_SYNC
I/Dropsync( 2348): Next sync cycle scheduled to run at 2013-10-30 04:09:23+0530
I/Dropsync( 2348): Next sync cycle scheduled to run at 2013-10-30 04:09:23+0530
V/BackupManagerService(  646): Running a backup pass
V/BackupManagerService(  646): clearing pending backups
D/PerformBackupTask(  646): invokeAgentForBackup on @pm@
V/PerformBackupTask(  646): Beginning backup of 1 targets
V/BackupServiceBinder(  646): doBackup() invoked
V/BackupServiceBinder(  646): doBackup() invoked
D/BackupHelperDispatcher(  646): handling existing helper 'profiles' android.app.backup.AbsoluteFileBackupHelper@95d59028
D/BackupHelperDispatcher(  646): handling existing helper 'wallpaper' android.app.backup.WallpaperBackupHelper@95cd7ea0
I/PerformBackupTask(  646): no backup data written; not calling transport
D/PerformBackupTask(  646): starting agent for backup of BackupRequest{pkg=android}
D/BackupManagerService(  646): awaiting agent for ApplicationInfo{96066528 android}
D/BackupManagerService(  646): agentConnected pkg=android agent=android.app.backup.BackupAgent$BackupServiceBinder@95d91dd0
I/BackupManagerService(  646): got agent android.app.backup.BackupAgent$BackupServiceBinder@95d91dd0
D/PerformBackupTask(  646): invokeAgentForBackup on android
I/PerformBackupTask(  646): no backup data written; not calling transport
I/PerformBackupTask(  646): Backup pass finished.
D/GCM     ( 1400): Ignoring attempt to send heartbeat on dead connection.
I/AvailabilitySDK(21328): analyzing venezia submission policies
D/MobileDataStateTracker(  646): default: setPolicyDataEnable(enabled=true)
W/Settings(21328): Setting airplane_mode_on has moved from android.provider.Settings.System to android.provider.Settings.Global, returning read-only value.
I/AvailabilitySDK(21328): looking for venezia measurements to submit...
I/AmazonAppstore.AndroidLogRecordCollector(21328): AmazonAppstore.SimpleObfuscator Moar JB mode: Attempting to use Crypto provider. PropertyMap:{ Name:Log RecordType:Log LogLevel:Info device.systemTime:1383083139083 device.sdkVersion:18 device.hardware:mako LogTag:SimpleObfuscator device.androidRelease:4.3.1 device.manufacturer:LGE device.brand:google device.model:Nexus 4 MessageContents:Moar JB mode: Attempting to use Crypto provider. };
I/AvailabilitySDK(21328): analyzing maps submission policies
W/Settings(21328): Setting airplane_mode_on has moved from android.provider.Settings.System to android.provider.Settings.Global, returning read-only value.
I/AvailabilitySDK(21328): looking for maps measurements to submit...
I/AvailabilitySDK(21328): analyzing gamelab-custom submission policies
W/Settings(21328): Setting airplane_mode_on has moved from android.provider.Settings.System to android.provider.Settings.Global, returning read-only value.
I/AvailabilitySDK(21328): looking for gamelab-custom measurements to submit...
I/AvailabilitySDK(21328): analyzing venezia-metrics submission policies
W/Settings(21328): Setting airplane_mode_on has moved from android.provider.Settings.System to android.provider.Settings.Global, returning read-only value.
I/AvailabilitySDK(21328): looking for venezia-metrics measurements to submit...
I/AvailabilitySDK(21328): analyzing location-services submission policies
W/Settings(21328): Setting airplane_mode_on has moved from android.provider.Settings.System to android.provider.Settings.Global, returning read-only value.
I/AvailabilitySDK(21328): looking for location-services measurements to submit...
I/AmazonAppstore.AndroidLogRecordCollector(21328): AmazonAppstore.SimpleObfuscator Moar JB mode: Attempting to use Crypto provider. PropertyMap:{ Name:Log RecordType:Log LogLevel:Info device.systemTime:1383083149058 device.sdkVersion:18 device.hardware:mako LogTag:SimpleObfuscator device.androidRelease:4.3.1 device.manufacturer:LGE device.brand:google device.model:Nexus 4 MessageContents:Moar JB mode: Attempting to use Crypto provider. };
W/AmazonAppstore.BasicSoftwareEvaluator(21328): Could not getLastKnownLocation: need ACCESS_FINE_LOCATION
I/AvailabilitySDK(21328): analyzing html5 submission policies
W/Settings(21328): Setting airplane_mode_on has moved from android.provider.Settings.System to android.provider.Settings.Global, returning read-only value.
I/AvailabilitySDK(21328): looking for html5 measurements to submit...
I/AvailabilitySDK(21328): analyzing gamecircle submission policies
W/Settings(21328): Setting airplane_mode_on has moved from android.provider.Settings.System to android.provider.Settings.Global, returning read-only value.
I/AvailabilitySDK(21328): looking for gamecircle measurements to submit...
I/AvailabilitySDK(21328): analyzing zeroes submission policies
W/Settings(21328): Setting airplane_mode_on has moved from android.provider.Settings.System to android.provider.Settings.Global, returning read-only value.
I/AvailabilitySDK(21328): looking for zeroes measurements to submit...
I/AvailabilitySDK(21328): analyzing gamelab submission policies
W/Settings(21328): Setting airplane_mode_on has moved from android.provider.Settings.System to android.provider.Settings.Global, returning read-only value.
I/AvailabilitySDK(21328): looking for gamelab measurements to submit...
I/AvailabilitySDK(21328): analyzing gamecircle-staging submission policies
W/Settings(21328): Setting airplane_mode_on has moved from android.provider.Settings.System to android.provider.Settings.Global, returning read-only value.
I/AvailabilitySDK(21328): looking for gamecircle-staging measurements to submit...
I/AvailabilitySDK(21328): analyzing ad3.report.venezia submission policies
W/Settings(21328): Setting airplane_mode_on has moved from android.provider.Settings.System to android.provider.Settings.Global, returning read-only value.
I/AvailabilitySDK(21328): looking for ad3.report.venezia measurements to submit...
I/AmazonAppstore.BasicHttpClient(21328): Closing all expired connections
I/ActivityManager(  646): Start proc net.tsapps.appsales:remote for broadcast net.tsapps.appsales/.notificationservice.AlarmReciever: pid=19614 uid=10086 gids={50086, 3003, 1015, 1028}
I/ActivityManager(  646): Start proc net.tsapps.appsales for service net.tsapps.appsales/.notificationservice.NotificationService: pid=19627 uid=10086 gids={50086, 3003, 1015, 1028}
I/ActivityManager(  646): No longer want com.google.android.partnersetup (pid 18348): empty #17
I/ActivityManager(  646): No longer want com.android.calendar (pid 27237): empty #17
I/EventLogService( 1400): Aggregate from 1383081729313 (log), 1383081729313 (data)
I/ServiceDumpSys( 1400): dumping service [account]
I/ActivityManager(  646): Start proc com.android.calendar for broadcast com.android.calendar/.widget.CalendarAppWidgetService$CalendarFactory: pid=19763 uid=10010 gids={50010, 3003, 1028}
D/AlarmManagerService(  646): Kernel timezone updated to -330 minutes west of GMT
D/SystemClock( 1319): Setting time of day to sec=1383083607
D/ExtensionsFactory(19763): No custom extensions.
V/AlarmClock(17892): Alarm set for id=2 03:30:00.000/Wed
V/AlarmClock(17892): Setting next alarm string in system to Wed 3:30 AM
V/AlarmClock(17892): AlarmInitReceiver finished
D/m       (14265): insertReminder.....
E/SQLiteDatabase(14265): Error inserting taskId=100000080 lastModifyDate=1383083607293 reminderTime=1383148800000 USER_TYPE=0 isSnoozer=false status=0
E/SQLiteDatabase(14265): android.database.sqlite.SQLiteConstraintException: PRIMARY KEY must be unique (code 19)
E/SQLiteDatabase(14265): 	at android.database.sqlite.SQLiteConnection.nativeExecuteForLastInsertedRowId(Native Method)
E/SQLiteDatabase(14265): 	at android.database.sqlite.SQLiteConnection.executeForLastInsertedRowId(SQLiteConnection.java:782)
E/SQLiteDatabase(14265): 	at android.database.sqlite.SQLiteSession.executeForLastInsertedRowId(SQLiteSession.java:788)
E/SQLiteDatabase(14265): 	at android.database.sqlite.SQLiteStatement.executeInsert(SQLiteStatement.java:86)
E/SQLiteDatabase(14265): 	at android.database.sqlite.SQLiteDatabase.insertWithOnConflict(SQLiteDatabase.java:1469)
E/SQLiteDatabase(14265): 	at android.database.sqlite.SQLiteDatabase.insert(SQLiteDatabase.java:1339)
E/SQLiteDatabase(14265): 	at org.dayup.gtask.b.f.a(Table.java:91)
E/SQLiteDatabase(14265): 	at org.dayup.gtask.data.m.b(Reminder.java:249)
E/SQLiteDatabase(14265): 	at org.dayup.gtask.reminder.AlertService.a(AlertService.java:82)
E/SQLiteDatabase(14265): 	at org.dayup.gtask.reminder.a.handleMessage(AlertService.java:64)
E/SQLiteDatabase(14265): 	at android.os.Handler.dispatchMessage(Handler.java:99)
E/SQLiteDatabase(14265): 	at android.os.Looper.loop(Looper.java:137)
E/SQLiteDatabase(14265): 	at android.os.HandlerThread.run(HandlerThread.java:61)
D/m       (14265): insertReminder.....
E/SQLiteDatabase(14265): Error inserting taskId=100000072 lastModifyDate=1383083607297 reminderTime=1383150600000 USER_TYPE=0 isSnoozer=false status=0
E/SQLiteDatabase(14265): android.database.sqlite.SQLiteConstraintException: PRIMARY KEY must be unique (code 19)
E/SQLiteDatabase(14265): 	at android.database.sqlite.SQLiteConnection.nativeExecuteForLastInsertedRowId(Native Method)
E/SQLiteDatabase(14265): 	at android.database.sqlite.SQLiteConnection.executeForLastInsertedRowId(SQLiteConnection.java:782)
E/SQLiteDatabase(14265): 	at android.database.sqlite.SQLiteSession.executeForLastInsertedRowId(SQLiteSession.java:788)
E/SQLiteDatabase(14265): 	at android.database.sqlite.SQLiteStatement.executeInsert(SQLiteStatement.java:86)
E/SQLiteDatabase(14265): 	at android.database.sqlite.SQLiteDatabase.insertWithOnConflict(SQLiteDatabase.java:1469)
E/SQLiteDatabase(14265): 	at android.database.sqlite.SQLiteDatabase.insert(SQLiteDatabase.java:1339)
E/SQLiteDatabase(14265): 	at org.dayup.gtask.b.f.a(Table.java:91)
E/SQLiteDatabase(14265): 	at org.dayup.gtask.data.m.b(Reminder.java:249)
E/SQLiteDatabase(14265): 	at org.dayup.gtask.reminder.AlertService.a(AlertService.java:82)
E/SQLiteDatabase(14265): 	at org.dayup.gtask.reminder.a.handleMessage(AlertService.java:64)
E/SQLiteDatabase(14265): 	at android.os.Handler.dispatchMessage(Handler.java:99)
E/SQLiteDatabase(14265): 	at android.os.Looper.loop(Looper.java:137)
E/SQLiteDatabase(14265): 	at android.os.HandlerThread.run(HandlerThread.java:61)
D/m       (14265): insertReminder.....
E/SQLiteDatabase(14265): Error inserting taskId=100000066 lastModifyDate=1383083607301 reminderTime=1383150600000 USER_TYPE=0 isSnoozer=false status=0
E/SQLiteDatabase(14265): android.database.sqlite.SQLiteConstraintException: PRIMARY KEY must be unique (code 19)
E/SQLiteDatabase(14265): 	at android.database.sqlite.SQLiteConnection.nativeExecuteForLastInsertedRowId(Native Method)
E/SQLiteDatabase(14265): 	at android.database.sqlite.SQLiteConnection.executeForLastInsertedRowId(SQLiteConnection.java:782)
E/SQLiteDatabase(14265): 	at android.database.sqlite.SQLiteSession.executeForLastInsertedRowId(SQLiteSession.java:788)
E/SQLiteDatabase(14265): 	at android.database.sqlite.SQLiteStatement.executeInsert(SQLiteStatement.java:86)
E/SQLiteDatabase(14265): 	at android.database.sqlite.SQLiteDatabase.insertWithOnConflict(SQLiteDatabase.java:1469)
E/SQLiteDatabase(14265): 	at android.database.sqlite.SQLiteDatabase.insert(SQLiteDatabase.java:1339)
E/SQLiteDatabase(14265): 	at org.dayup.gtask.b.f.a(Table.java:91)
E/SQLiteDatabase(14265): 	at org.dayup.gtask.data.m.b(Reminder.java:249)
E/SQLiteDatabase(14265): 	at org.dayup.gtask.reminder.AlertService.a(AlertService.java:82)
E/SQLiteDatabase(14265): 	at org.dayup.gtask.reminder.a.handleMessage(AlertService.java:64)
E/SQLiteDatabase(14265): 	at android.os.Handler.dispatchMessage(Handler.java:99)
E/SQLiteDatabase(14265): 	at android.os.Looper.loop(Looper.java:137)
E/SQLiteDatabase(14265): 	at android.os.HandlerThread.run(HandlerThread.java:61)
D/m       (14265): insertReminder.....
E/SQLiteDatabase(14265): Error inserting taskId=100000103 lastModifyDate=1383083607305 reminderTime=1383150600000 USER_TYPE=0 isSnoozer=false status=0
E/SQLiteDatabase(14265): android.database.sqlite.SQLiteConstraintException: PRIMARY KEY must be unique (code 19)
E/SQLiteDatabase(14265): 	at android.database.sqlite.SQLiteConnection.nativeExecuteForLastInsertedRowId(Native Method)
E/SQLiteDatabase(14265): 	at android.database.sqlite.SQLiteConnection.executeForLastInsertedRowId(SQLiteConnection.java:782)
E/SQLiteDatabase(14265): 	at android.database.sqlite.SQLiteSession.executeForLastInsertedRowId(SQLiteSession.java:788)
E/SQLiteDatabase(14265): 	at android.database.sqlite.SQLiteStatement.executeInsert(SQLiteStatement.java:86)
E/SQLiteDatabase(14265): 	at android.database.sqlite.SQLiteDatabase.insertWithOnConflict(SQLiteDatabase.java:1469)
E/SQLiteDatabase(14265): 	at android.database.sqlite.SQLiteDatabase.insert(SQLiteDatabase.java:1339)
E/SQLiteDatabase(14265): 	at org.dayup.gtask.b.f.a(Table.java:91)
E/SQLiteDatabase(14265): 	at org.dayup.gtask.data.m.b(Reminder.java:249)
E/SQLiteDatabase(14265): 	at org.dayup.gtask.reminder.AlertService.a(AlertService.java:82)
E/SQLiteDatabase(14265): 	at org.dayup.gtask.reminder.a.handleMessage(AlertService.java:64)
E/SQLiteDatabase(14265): 	at android.os.Handler.dispatchMessage(Handler.java:99)
E/SQLiteDatabase(14265): 	at android.os.Looper.loop(Looper.java:137)
E/SQLiteDatabase(14265): 	at android.os.HandlerThread.run(HandlerThread.java:61)
D/m       (14265): insertReminder.....
E/SQLiteDatabase(14265): Error inserting taskId=100000071 lastModifyDate=1383083607311 reminderTime=1383152400000 USER_TYPE=0 isSnoozer=false status=0
E/SQLiteDatabase(14265): android.database.sqlite.SQLiteConstraintException: PRIMARY KEY must be unique (code 19)
E/SQLiteDatabase(14265): 	at android.database.sqlite.SQLiteConnection.nativeExecuteForLastInsertedRowId(Native Method)
E/SQLiteDatabase(14265): 	at android.database.sqlite.SQLiteConnection.executeForLastInsertedRowId(SQLiteConnection.java:782)
E/SQLiteDatabase(14265): 	at android.database.sqlite.SQLiteSession.executeForLastInsertedRowId(SQLiteSession.java:788)
E/SQLiteDatabase(14265): 	at android.database.sqlite.SQLiteStatement.executeInsert(SQLiteStatement.java:86)
E/SQLiteDatabase(14265): 	at android.database.sqlite.SQLiteDatabase.insertWithOnConflict(SQLiteDatabase.java:1469)
E/SQLiteDatabase(14265): 	at android.database.sqlite.SQLiteDatabase.insert(SQLiteDatabase.java:1339)
E/SQLiteDatabase(14265): 	at org.dayup.gtask.b.f.a(Table.java:91)
E/SQLiteDatabase(14265): 	at org.dayup.gtask.data.m.b(Reminder.java:249)
E/SQLiteDatabase(14265): 	at org.dayup.gtask.reminder.AlertService.a(AlertService.java:82)
E/SQLiteDatabase(14265): 	at org.dayup.gtask.reminder.a.handleMessage(AlertService.java:64)
E/SQLiteDatabase(14265): 	at android.os.Handler.dispatchMessage(Handler.java:99)
E/SQLiteDatabase(14265): 	at android.os.Looper.loop(Looper.java:137)
E/SQLiteDatabase(14265): 	at android.os.HandlerThread.run(HandlerThread.java:61)
D/m       (14265): insertReminder.....
E/SQLiteDatabase(14265): Error inserting taskId=100000080 lastModifyDate=1383083607350 reminderTime=1383148800000 USER_TYPE=0 isSnoozer=false status=0
E/SQLiteDatabase(14265): android.database.sqlite.SQLiteConstraintException: PRIMARY KEY must be unique (code 19)
E/SQLiteDatabase(14265): 	at android.database.sqlite.SQLiteConnection.nativeExecuteForLastInsertedRowId(Native Method)
E/SQLiteDatabase(14265): 	at android.database.sqlite.SQLiteConnection.executeForLastInsertedRowId(SQLiteConnection.java:782)
E/SQLiteDatabase(14265): 	at android.database.sqlite.SQLiteSession.executeForLastInsertedRowId(SQLiteSession.java:788)
E/SQLiteDatabase(14265): 	at android.database.sqlite.SQLiteStatement.executeInsert(SQLiteStatement.java:86)
E/SQLiteDatabase(14265): 	at android.database.sqlite.SQLiteDatabase.insertWithOnConflict(SQLiteDatabase.java:1469)
E/SQLiteDatabase(14265): 	at android.database.sqlite.SQLiteDatabase.insert(SQLiteDatabase.java:1339)
E/SQLiteDatabase(14265): 	at org.dayup.gtask.b.f.a(Table.java:91)
E/SQLiteDatabase(14265): 	at org.dayup.gtask.data.m.b(Reminder.java:249)
E/SQLiteDatabase(14265): 	at org.dayup.gtask.reminder.AlertService.a(AlertService.java:82)
E/SQLiteDatabase(14265): 	at org.dayup.gtask.reminder.a.handleMessage(AlertService.java:64)
E/SQLiteDatabase(14265): 	at android.os.Handler.dispatchMessage(Handler.java:99)
E/SQLiteDatabase(14265): 	at android.os.Looper.loop(Looper.java:137)
E/SQLiteDatabase(14265): 	at android.os.HandlerThread.run(HandlerThread.java:61)
D/m       (14265): insertReminder.....
E/SQLiteDatabase(14265): Error inserting taskId=100000072 lastModifyDate=1383083607353 reminderTime=1383150600000 USER_TYPE=0 isSnoozer=false status=0
E/SQLiteDatabase(14265): android.database.sqlite.SQLiteConstraintException: PRIMARY KEY must be unique (code 19)
E/SQLiteDatabase(14265): 	at android.database.sqlite.SQLiteConnection.nativeExecuteForLastInsertedRowId(Native Method)
E/SQLiteDatabase(14265): 	at android.database.sqlite.SQLiteConnection.executeForLastInsertedRowId(SQLiteConnection.java:782)
E/SQLiteDatabase(14265): 	at android.database.sqlite.SQLiteSession.executeForLastInsertedRowId(SQLiteSession.java:788)
E/SQLiteDatabase(14265): 	at android.database.sqlite.SQLiteStatement.executeInsert(SQLiteStatement.java:86)
E/SQLiteDatabase(14265): 	at android.database.sqlite.SQLiteDatabase.insertWithOnConflict(SQLiteDatabase.java:1469)
E/SQLiteDatabase(14265): 	at android.database.sqlite.SQLiteDatabase.insert(SQLiteDatabase.java:1339)
E/SQLiteDatabase(14265): 	at org.dayup.gtask.b.f.a(Table.java:91)
E/SQLiteDatabase(14265): 	at org.dayup.gtask.data.m.b(Reminder.java:249)
E/SQLiteDatabase(14265): 	at org.dayup.gtask.reminder.AlertService.a(AlertService.java:82)
E/SQLiteDatabase(14265): 	at org.dayup.gtask.reminder.a.handleMessage(AlertService.java:64)
E/SQLiteDatabase(14265): 	at android.os.Handler.dispatchMessage(Handler.java:99)
E/SQLiteDatabase(14265): 	at android.os.Looper.loop(Looper.java:137)
E/SQLiteDatabase(14265): 	at android.os.HandlerThread.run(HandlerThread.java:61)
D/m       (14265): insertReminder.....
E/SQLiteDatabase(14265): Error inserting taskId=100000066 lastModifyDate=1383083607357 reminderTime=1383150600000 USER_TYPE=0 isSnoozer=false status=0
E/SQLiteDatabase(14265): android.database.sqlite.SQLiteConstraintException: PRIMARY KEY must be unique (code 19)
E/SQLiteDatabase(14265): 	at android.database.sqlite.SQLiteConnection.nativeExecuteForLastInsertedRowId(Native Method)
E/SQLiteDatabase(14265): 	at android.database.sqlite.SQLiteConnection.executeForLastInsertedRowId(SQLiteConnection.java:782)
E/SQLiteDatabase(14265): 	at android.database.sqlite.SQLiteSession.executeForLastInsertedRowId(SQLiteSession.java:788)
E/SQLiteDatabase(14265): 	at android.database.sqlite.SQLiteStatement.executeInsert(SQLiteStatement.java:86)
E/SQLiteDatabase(14265): 	at android.database.sqlite.SQLiteDatabase.insertWithOnConflict(SQLiteDatabase.java:1469)
E/SQLiteDatabase(14265): 	at android.database.sqlite.SQLiteDatabase.insert(SQLiteDatabase.java:1339)
E/SQLiteDatabase(14265): 	at org.dayup.gtask.b.f.a(Table.java:91)
E/SQLiteDatabase(14265): 	at org.dayup.gtask.data.m.b(Reminder.java:249)
E/SQLiteDatabase(14265): 	at org.dayup.gtask.reminder.AlertService.a(AlertService.java:82)
E/SQLiteDatabase(14265): 	at org.dayup.gtask.reminder.a.handleMessage(AlertService.java:64)
E/SQLiteDatabase(14265): 	at android.os.Handler.dispatchMessage(Handler.java:99)
E/SQLiteDatabase(14265): 	at android.os.Looper.loop(Looper.java:137)
E/SQLiteDatabase(14265): 	at android.os.HandlerThread.run(HandlerThread.java:61)
D/m       (14265): insertReminder.....
E/SQLiteDatabase(14265): Error inserting taskId=100000103 lastModifyDate=1383083607360 reminderTime=1383150600000 USER_TYPE=0 isSnoozer=false status=0
E/SQLiteDatabase(14265): android.database.sqlite.SQLiteConstraintException: PRIMARY KEY must be unique (code 19)
E/SQLiteDatabase(14265): 	at android.database.sqlite.SQLiteConnection.nativeExecuteForLastInsertedRowId(Native Method)
E/SQLiteDatabase(14265): 	at android.database.sqlite.SQLiteConnection.executeForLastInsertedRowId(SQLiteConnection.java:782)
E/SQLiteDatabase(14265): 	at android.database.sqlite.SQLiteSession.executeForLastInsertedRowId(SQLiteSession.java:788)
E/SQLiteDatabase(14265): 	at android.database.sqlite.SQLiteStatement.executeInsert(SQLiteStatement.java:86)
E/SQLiteDatabase(14265): 	at android.database.sqlite.SQLiteDatabase.insertWithOnConflict(SQLiteDatabase.java:1469)
E/SQLiteDatabase(14265): 	at android.database.sqlite.SQLiteDatabase.insert(SQLiteDatabase.java:1339)
E/SQLiteDatabase(14265): 	at org.dayup.gtask.b.f.a(Table.java:91)
E/SQLiteDatabase(14265): 	at org.dayup.gtask.data.m.b(Reminder.java:249)
E/SQLiteDatabase(14265): 	at org.dayup.gtask.reminder.AlertService.a(AlertService.java:82)
E/SQLiteDatabase(14265): 	at org.dayup.gtask.reminder.a.handleMessage(AlertService.java:64)
E/SQLiteDatabase(14265): 	at android.os.Handler.dispatchMessage(Handler.java:99)
E/SQLiteDatabase(14265): 	at android.os.Looper.loop(Looper.java:137)
E/SQLiteDatabase(14265): 	at android.os.HandlerThread.run(HandlerThread.java:61)
D/m       (14265): insertReminder.....
E/SQLiteDatabase(14265): Error inserting taskId=100000071 lastModifyDate=1383083607363 reminderTime=1383152400000 USER_TYPE=0 isSnoozer=false status=0
E/SQLiteDatabase(14265): android.database.sqlite.SQLiteConstraintException: PRIMARY KEY must be unique (code 19)
E/SQLiteDatabase(14265): 	at android.database.sqlite.SQLiteConnection.nativeExecuteForLastInsertedRowId(Native Method)
E/SQLiteDatabase(14265): 	at android.database.sqlite.SQLiteConnection.executeForLastInsertedRowId(SQLiteConnection.java:782)
E/SQLiteDatabase(14265): 	at android.database.sqlite.SQLiteSession.executeForLastInsertedRowId(SQLiteSession.java:788)
E/SQLiteDatabase(14265): 	at android.database.sqlite.SQLiteStatement.executeInsert(SQLiteStatement.java:86)
E/SQLiteDatabase(14265): 	at android.database.sqlite.SQLiteDatabase.insertWithOnConflict(SQLiteDatabase.java:1469)
E/SQLiteDatabase(14265): 	at android.database.sqlite.SQLiteDatabase.insert(SQLiteDatabase.java:1339)
E/SQLiteDatabase(14265): 	at org.dayup.gtask.b.f.a(Table.java:91)
E/SQLiteDatabase(14265): 	at org.dayup.gtask.data.m.b(Reminder.java:249)
E/SQLiteDatabase(14265): 	at org.dayup.gtask.reminder.AlertService.a(AlertService.java:82)
E/SQLiteDatabase(14265): 	at org.dayup.gtask.reminder.a.handleMessage(AlertService.java:64)
E/SQLiteDatabase(14265): 	at android.os.Handler.dispatchMessage(Handler.java:99)
E/SQLiteDatabase(14265): 	at android.os.Looper.loop(Looper.java:137)
E/SQLiteDatabase(14265): 	at android.os.HandlerThread.run(HandlerThread.java:61)
I/ActivityManager(  646): No longer want com.google.android.apps.plus (pid 7244): empty #17
D/BackupManagerService(  646): Now staging backup of android
I/eph     ( 8626): I/O exception (org.apache.http.NoHttpResponseException) caught when processing request: The target server failed to respond
I/eph     ( 8626): Retrying request
E/KeepSync(17909): IOException
E/KeepSync(17909): java.io.IOException: unexpected end of stream
E/KeepSync(17909): 	at libcore.net.http.FixedLengthOutputStream.close(FixedLengthOutputStream.java:58)
E/KeepSync(17909): 	at com.google.api.client.http.javanet.NetHttpRequest.execute(SourceFile:81)
E/KeepSync(17909): 	at com.google.api.client.http.HttpRequest.execute(SourceFile:960)
E/KeepSync(17909): 	at com.google.api.client.googleapis.services.AbstractGoogleClientRequest.executeUnparsed(SourceFile:410)
E/KeepSync(17909): 	at com.google.api.client.googleapis.services.AbstractGoogleClientRequest.executeUnparsed(SourceFile:343)
E/KeepSync(17909): 	at com.google.api.client.googleapis.services.AbstractGoogleClientRequest.execute(SourceFile:460)
E/KeepSync(17909): 	at com.google.android.keep.c.a(SourceFile:103)
E/KeepSync(17909): 	at com.google.android.keep.syncadapter.MemorySyncAdapter.a(SourceFile:203)
E/KeepSync(17909): 	at com.google.android.keep.syncadapter.MemorySyncAdapter.onPerformSync(SourceFile:146)
E/KeepSync(17909): 	at android.content.AbstractThreadedSyncAdapter$SyncThread.run(AbstractThreadedSyncAdapter.java:257)
W/KeepSync(17909): Sync result 2
D/SyncManager(  646): failed sync operation ashishsony@gmail.com u0 (com.google), com.google.android.keep, LOCAL, earliestRunTime 23000556, reason: 10082, SyncResult: stats [ numIoExceptions: 1]
D/GoogleServicesManager( 8784): setState: sync = true, wantedSyncState = true
D/GoogleServicesManager( 8784): Enabling sync
D/SyncManager(  646): retrying sync operation as a two-way sync because an upload-only sync encountered an error: ashishsony@gmail.com u0 (com.google), com.google.android.keep, LOCAL, earliestRunTime 23003501, reason: 10082
E/kickstart(  617): Wrote to /sys/power/wake_lock
E/kickstart(  617): Received file "/dev/block/platform/msm_sdcc.1/by-name/m9kefs1"
E/kickstart(  617): 786432 bytes transferred in 0.096s (7.83 MBps)
E/kickstart(  617): Successfully downloaded files from target 
E/kickstart(  617): Wrote to /sys/power/wake_unlock
E/kickstart(  617): Sahara protocol completed
D/GoogleServicesManager( 8784): setState: sync = true, wantedSyncState = true
D/GoogleServicesManager( 8784): Enabling sync
E/MP-Decision(  203): Hotplug is disabled, actioncould not be completed
I/Dropsync( 2348): Next sync cycle scheduled to run at 2013-10-30 04:09:23+0530
D/GCM     ( 1400): Ignoring attempt to send heartbeat on dead connection.
V/AlarmClock(17892): Alarm set for id=1 03:00:00.000/Thu
V/AlarmClock(17892): Setting next alarm string in system to Thu 3:00 AM
V/AlarmClock(17892): Received alarm set for id=2 03:30:00.000/Wed
W/BackupManagerService(  646): dataChanged but no participant pkg='com.android.providers.settings' uid=10016
V/lights  (  646): set_notification_led_locked: red 255 green 255 blue 255 onMS 1000 offMS 9000
V/AlarmClock(17892): Alarm doesn't define a profile to change to
D/AwesomePlayer(  195): Before reset_l
D/AwesomePlayer(  195): printFileName fd(44) -> /data/media/0/Notifications/notification sounds/alarms/6c_early-sunrise-song.mp3
D/audio_hw_primary(  195): start_output_stream: enter: usecase(1: low-latency-playback) devices(0x2)
D/audio_hw_primary(  195): select_devices: out_snd_device(2: speaker) in_snd_device(0: none)
D/audio_hw_primary(  195): enable_snd_device: sending audio calibration for snd_device(2) acdb_id(14)
D/ACDB-LOADER(  195): ACDB -> send_afe_cal
D/audio_hw_primary(  195): enable_snd_device: snd_device(2: speaker)
D/audio_hw_primary(  195): enable_audio_route: apply mixer path: low-latency-playback
D/audio_hw_primary(  195): start_output_stream: exit
V/AlarmClock(17892): AlarmAlertFullScreen - onCreate
V/AlarmClock(17892): AlarmAlertFullScreen - Alarm Id Alarm{alert=content://media/external/audio/media/732, id=2, enabled=true, hour=3, minutes=30, daysOfWeek=DaysOfWeek{mDays=127}, time=1383084000000, vibrate=true, increasingVolume=false, label='', silent=false, profile=00000000-0000-0000-0000-000000000000}
V/AlarmClock(17892): AlarmAlertFullScreen - updateLayout
I/ActivityManager(  646): START u0 {cmp=com.android.deskclock/.AlarmAlertFullScreen (has extras)} from pid -1
W/ActivityManager(  646): startActivity called from non-Activity context; forcing Intent.FLAG_ACTIVITY_NEW_TASK for: Intent { flg=0x800000 cmp=com.android.deskclock/.AlarmAlertFullScreen (has extras) }
V/AlarmClock(17892): AlarmAlertFullScreen - onResume
D/PhoneStatusBar( 1196): disable: < expand icons alerts ticker system_info back* home* RECENT clock* search >
I/ActivityManager(  646): Displayed com.android.deskclock/.AlarmAlertFullScreen: +119ms
I/PowerManagerService(  646): Waking up from sleep...
D/SurfaceFlinger(  192): Screen acquired, type=0 flinger=0xb73e4478
D/qdhwcomposer(  192): hwc_blank: Unblanking display: 0
D/qdhwcomposer(  192): hwc_blank: Done unblanking display: 0
W/WindowManager(  646): Aborted waiting for drawn: Window{95f34e00 u0 Keyguard}
I/WindowManager(  646): Lock screen displayed!
V/AlarmClock(17892): AlarmAlertFullScreen - onResume
D/PhoneApp( 1319): mReceiver: ACTION_SCREEN_OFF / ACTION_SCREEN_ON
D/AccelerometerListener( 1319): enable(false)
D/audio_hw_primary(  195): adev_set_parameters: enter: screen_state=on
D/audio_hw_primary(  195): adev_set_parameters: exit with code(-2)
I/System.out( 3412): Just caught an IllegalArgumentException...Receiver not registered: com.plexnor.gravityscreenofffree.ar@95cbb9c0
I/ScreenEventHandler(17798): Received Broadcast ACTION_SCREEN_ON
I/EventWatcherService(17798): Received start id 19: Intent { cmp=com.asksven.betterbatterystats_xdaedition/com.asksven.betterbatterystats.services.EventWatcherService }
I/SmallWidgetProvider(17798): onReceive method called, action = 'BBS_WIDGET_UPDATE' at 2013-10-30 03:30:01
V/lights  (  646): set_notification_led_locked: red 0 green 0 blue 0 onMS 0 offMS 0
I/OMXNodeInstance(  195): OMX_FreeBuffer for buffer header 0xb7fb9b48 successful
I/OMXNodeInstance(  195): OMX_FreeBuffer for buffer header 0xb7fb9a90 successful
I/OMXNodeInstance(  195): OMX_FreeBuffer for buffer header 0xb7fb99c0 successful
I/OMXNodeInstance(  195): OMX_FreeBuffer for buffer header 0xb7fb9838 successful
I/OMXNodeInstance(  195): OMX_FreeBuffer for buffer header 0xb7fa2500 successful
I/OMXNodeInstance(  195): OMX_FreeBuffer for buffer header 0xb7fba020 successful
I/OMXNodeInstance(  195): OMX_FreeBuffer for buffer header 0xb7fb9ee0 successful
I/OMXNodeInstance(  195): OMX_FreeBuffer for buffer header 0xb7fb9cd0 successful
V/PanelView( 1196): animationTick called with dtms=0; nothing to do (h=1.8185472 v=-0.0)
W/InputMethodManagerService(  646): Window already focused, ignoring focus gain of: com.android.internal.view.IInputMethodClient$Stub$Proxy@966e10d8 attribute=null, token = android.os.BinderProxy@96a74780
V/AlarmClock(17892): AlarmAlertFullScreen - dismiss
I/AlarmClock(17892): Alarm id=2 dismissed by user
I/OMXNodeInstance(  195): OMX_FreeBuffer for buffer header 0xb7fb8640 successful
I/OMXNodeInstance(  195): OMX_FreeBuffer for buffer header 0xb7fa6260 successful
I/OMXNodeInstance(  195): OMX_FreeBuffer for buffer header 0xb7fa6190 successful
I/OMXNodeInstance(  195): OMX_FreeBuffer for buffer header 0xb7fa5c50 successful
I/OMXNodeInstance(  195): OMX_FreeBuffer for buffer header 0xb7fa2320 successful
I/OMXNodeInstance(  195): OMX_FreeBuffer for buffer header 0xb7f9f460 successful
I/OMXNodeInstance(  195): OMX_FreeBuffer for buffer header 0xb7f9f320 successful
I/OMXNodeInstance(  195): OMX_FreeBuffer for buffer header 0xb7fa9990 successful
D/PhoneStatusBar( 1196): disable: < expand icons alerts ticker system_info BACK* HOME* RECENT CLOCK* search >
V/AlarmClock(17892): AlarmAlertFullScreen.onDestroy()
D/audio_hw_primary(  195): out_standby: enter: usecase(1: low-latency-playback)
D/audio_hw_primary(  195): stop_output_stream: enter: usecase(1: low-latency-playback)
D/audio_hw_primary(  195): disable_audio_route: reset mixer path: low-latency-playback
D/audio_hw_primary(  195): disable_snd_device: snd_device(2: speaker)
D/audio_hw_primary(  195): stop_output_stream: exit: status(0)
D/audio_hw_primary(  195): out_standby: exit
I/PowerManagerService(  646): Going to sleep by user request...
D/SurfaceFlinger(  192): Screen released, type=0 flinger=0xb73e4478
D/qdhwcomposer(  192): hwc_blank: Blanking display: 0
D/qdhwcomposer(  192): hwc_blank: Done blanking display: 0
D/SurfaceControl(  646): Excessive delay in blankDisplay() while turning screen off: 188ms
I/WindowManager(  646): Screenshot max retries 4 of Token{96b59ca0 ActivityRecord{96b59650 u0 com.teslacoilsw.launcher/com.android.launcher2.Launcher}} appWin=Window{96b45428 u0 com.teslacoilsw.launcher/com.android.launcher2.Launcher} drawState=4
W/WindowManager(  646): Screenshot failure taking screenshot for (768x1280) to layer 21015
D/PhoneApp( 1319): mReceiver: ACTION_SCREEN_OFF / ACTION_SCREEN_ON
D/AccelerometerListener( 1319): enable(false)
D/audio_hw_primary(  195): adev_set_parameters: enter: screen_state=off
D/audio_hw_primary(  195): adev_set_parameters: exit with code(-2)
V/KeyguardHostView(  646): hide transport, gen:26
V/KeyguardHostView(  646): music state changed: 2
I/ScreenEventHandler(17798): Received Broadcast ACTION_SCREEN_OFF
I/EventWatcherService(17798): Received start id 20: Intent { cmp=com.asksven.betterbatterystats_xdaedition/com.asksven.betterbatterystats.services.EventWatcherService }
I/WriteScreenOffReferenceService(17798): Called at 2013-10-30 03:30:19
D/Globals (17798): Wakelock BBS_WAKELOCK_WHILE_SAVING_REF aquired
W/SQLiteConnectionPool(17798): A SQLiteConnection object for database '/data/data/com.asksven.betterbatterystats_xdaedition/databases/betterbatterystats' was leaked!  Please fix your application to end transactions in progress properly and to close the database when it is no longer needed.
D/StatsProvider(17798): Added Deep sleep:4 h 45 m 17 s  (17117 s) Ratio: 73.2%
I/StatsProvider(17798): rawRealtime = 23382832000
I/StatsProvider(17798): whichRealtime = 8869602
I/StatsProvider(17798): Trace: Calling root operations2013-10-30 03:30:19
I/AlarmsDumpsys(17798): getAlarms: SDK=18, RELEASE=4.3.1
I/StatsProvider(17798): Trace: Finished root operations2013-10-30 03:30:19
I/ReferenceStore(17798): Serializing reference ref_screen_off
D/Globals (17798): Wakelock BBS_WAKELOCK_WHILE_SAVING_REF released
E/WriteScreenOffReferenceService(17798): Destroyed at2013-10-30 03:30:19
I/SmallWidgetProvider(17798): onReceive method called, action = 'BBS_WIDGET_UPDATE' at 2013-10-30 03:30:19
I/ReferenceStore(17798): Saved ref ref_screen_off
I/Dropsync( 2348): Next sync cycle scheduled to run at 2013-10-30 04:09:23+0530
D/GCM     ( 1400): Ignoring attempt to send heartbeat on dead connection.
D/MobileDataStateTracker(  646): default: setPolicyDataEnable(enabled=true)
I/ActivityManager(  646): No longer want com.maxmpz.audioplayer (pid 13013): empty for 1801s
W/ActivityManager(  646): Scheduling restart of crashed service com.maxmpz.audioplayer/.player.HeadsetMicroService in 5000ms
I/ActivityManager(  646): Start proc com.google.android.apps.plus for service com.google.android.apps.plus/.service.EsSyncAdapterService: pid=24543 uid=10060 gids={50060, 3003, 3002, 1015, 1006, 1028}
D/gp.PicasaPhotoCP(24543): set fsid first time:-1
D/dalvikvm(24543): Trying to load lib /data/app-lib/com.google.android.apps.plus-1/libwebp_android.so 0x95cabba0
D/dalvikvm(24543): Added shared lib /data/app-lib/com.google.android.apps.plus-1/libwebp_android.so 0x95cabba0
D/dalvikvm(24543): No JNI_OnLoad found in /data/app-lib/com.google.android.apps.plus-1/libwebp_android.so 0x95cabba0, skipping init
D/dalvikvm(24543): Trying to load lib /data/app-lib/com.google.android.apps.plus-1/libplus_jni_v8.so 0x95cabba0
D/dalvikvm(24543): Added shared lib /data/app-lib/com.google.android.apps.plus-1/libplus_jni_v8.so 0x95cabba0
D/dalvikvm(24543): No JNI_OnLoad found in /data/app-lib/com.google.android.apps.plus-1/libplus_jni_v8.so 0x95cabba0, skipping init
I/NativeLibrarySupport(24543): Native WEBP decoder, version=0.3.1
I/NativeLibrarySupport(24543): Native networking disabled
I/qtaguid (24543): Failed write_ctrl(u 46) res=-1 errno=22
I/qtaguid (24543): Untagging socket 46 failed errno=-22
W/NetworkManagementSocketTagger(24543): untagSocket(46) failed with errno -22
I/ActivityManager(  646): Start proc com.maxmpz.audioplayer for service com.maxmpz.audioplayer/.player.HeadsetMicroService: pid=24579 uid=10088 gids={50088, 1015, 3003, 3002, 1028}
E/HttpTransaction(24543): Failed to find the apiHeader field on an http request, this should not happen.
E/HttpTransaction(24543): java.lang.NoSuchFieldException: apiHeader
E/HttpTransaction(24543): 	at java.lang.Class.getField(Class.java:673)
E/HttpTransaction(24543): 	at lf.i(ProGuard:180)
E/HttpTransaction(24543): 	at lf.e(ProGuard:139)
E/HttpTransaction(24543): 	at ayw.h(ProGuard:67)
E/HttpTransaction(24543): 	at jq.a(ProGuard:73)
E/HttpTransaction(24543): 	at jn.a(ProGuard:93)
E/HttpTransaction(24543): 	at it.run(ProGuard:105)
W/audioplayer.Application(24579): Detected NEON support, using optimized libraries
I/audioplayer.Application(24579): man=LGE pro=occam mod=Nexus 4 dev=mako type=userdebug board=MAKO rel=4.3.1 osVersion=3.4.0-cyanogenmod-g6ee4d33
W/audioplayer.Application(24579): Using HD
I/str_params(  195): key: 'active_ap' value: 'Music'
I/str_params(  195): key: 'dolby_srs_eq' value: ''
I/qtaguid (24543): Failed write_ctrl(u 46) res=-1 errno=22
I/qtaguid (24543): Untagging socket 46 failed errno=-22
W/NetworkManagementSocketTagger(24543): untagSocket(46) failed with errno -22
I/qtaguid (24543): Failed write_ctrl(u 46) res=-1 errno=22
I/qtaguid (24543): Untagging socket 46 failed errno=-22
W/NetworkManagementSocketTagger(24543): untagSocket(46) failed with errno -22
I/qtaguid (24543): Failed write_ctrl(u 46) res=-1 errno=22
I/qtaguid (24543): Untagging socket 46 failed errno=-22
W/NetworkManagementSocketTagger(24543): untagSocket(46) failed with errno -22
I/qtaguid (24543): Failed write_ctrl(u 46) res=-1 errno=22
I/qtaguid (24543): Untagging socket 46 failed errno=-22
W/NetworkManagementSocketTagger(24543): untagSocket(46) failed with errno -22
I/ActivityManager(  646): No longer want com.google.android.gm (pid 9812): empty #17
I/EventLogService( 1400): Aggregate from 1383083529463 (log), 1383083529463 (data)
I/ServiceDumpSys( 1400): dumping service [account]
W/ProcessStats(  646): Skipping unknown process pid 25074
W/ProcessStats(  646): Skipping unknown process pid 25810
W/ProcessStats(  646): Skipping unknown process pid 25811
W/ProcessStats(  646): Skipping unknown process pid 25812
W/ProcessStats(  646): Skipping unknown process pid 25813
W/ProcessStats(  646): Skipping unknown process pid 25814
W/ProcessStats(  646): Skipping unknown process pid 25815
W/ProcessStats(  646): Skipping unknown process pid 25816
W/ProcessStats(  646): Skipping unknown process pid 25817
W/ProcessStats(  646): Skipping unknown process pid 25818
W/ProcessStats(  646): Skipping unknown process pid 25819
W/ProcessStats(  646): Skipping unknown process pid 25820
W/ProcessStats(  646): Skipping unknown process pid 25821
W/ProcessStats(  646): Skipping unknown process pid 25822
W/ProcessStats(  646): Skipping unknown process pid 25823
W/ProcessStats(  646): Skipping unknown process pid 25824
W/ProcessStats(  646): Skipping unknown process pid 25825
I/Dropsync( 2348): Next sync cycle scheduled to run at 2013-10-30 04:09:23+0530
D/GCM     ( 1400): Ignoring attempt to send heartbeat on dead connection.
I/AmazonAppstore.UpdateCommands(21328): Self-updating enabled: true
I/AmazonAppstore.UpdateService(21328): Received action: com.amazon.mas.client.framework.UpdateService.EXECUTE_RECURRING_TASKS from intent: Intent { act=com.amazon.mas.client.framework.UpdateService.EXECUTE_RECURRING_TASKS flg=0x4 cmp=com.amazon.venezia/com.amazon.mas.client.framework.UpdateService (has extras) }
I/DeviceServiceBehaviorDefaults(21328): Selecting default endpoint: mas-ext.amazon.com
I/AmazonAppstore.AndroidLogRecordCollector(21328): AmazonAppstore.SimpleObfuscator Moar JB mode: Attempting to use Crypto provider. PropertyMap:{ Name:Log RecordType:Log LogLevel:Info device.systemTime:1383085875030 device.sdkVersion:18 device.hardware:mako LogTag:SimpleObfuscator device.androidRelease:4.3.1 device.manufacturer:LGE device.brand:google device.model:Nexus 4 MessageContents:Moar JB mode: Attempting to use Crypto provider. };
I/Manifest(21328): MASCLIENT-1972: Could not find delimiter.
I/ResourceDescriptor(21328): MASCLIENT-1972: Resource descriptor JSON was empty object.
I/AmazonAppstore.AndroidLogRecordCollector(21328): AmazonAppstore.DynamicResources.DynamicResourcesManagerImpl Incoming manifest contained empty resource descriptor. Update not necessary. PropertyMap:{ Name:Log RecordType:Log LogLevel:Info device.systemTime:1383085876032 device.sdkVersion:18 device.hardware:mako LogTag:DynamicResources.DynamicResourcesManagerImpl device.androidRelease:4.3.1 device.manufacturer:LGE device.brand:google device.model:Nexus 4 MessageContents:Incoming manifest contained empty resource descriptor. Update not necessary. };
D/dalvikvm(13028): DexOpt: --- BEGIN 'avast-android-vps-v2-release.apk' (bootstrap=0) ---
D/dalvikvm(26918): DexOpt: load 6ms, verify+opt 51ms, 340484 bytes
D/dalvikvm(13028): DexOpt: --- END 'avast-android-vps-v2-release.apk' (success) ---
D/dalvikvm(13028): DEX prep '/data/data/com.avast.android.mobilesecurity/app_dex/avast-android-vps-v2-release.apk': unzip in 2ms, rewrite 174ms
W/Uploader( 9837): No account for auth token provided
W/ActivityThread( 9837): ClassLoader.loadClass: The class loader returned by Thread.getContextClassLoader() may fail for processes that host multiple applications. You should explicitly specify a context class loader. For example: Thread.setContextClassLoader(getClass().getClassLoader());
D/YahooWeatherProvider(12778): Weather updated: WeatherInfo for Delhi (29021828) @ Wed Oct 30 04:08:32 GMT+05:30 2013: Clear(31), temperature 19C, low 18, high 32, humidity 83%, wind 0km/h at N
I/Dropsync( 2348): === Sync requested: mode = NORMAL_SYNC
I/Dropsync( 2348): --- Dropbox account info ---
I/Dropsync( 2348): Dropbox user: First Last myboxbooks@gmail.com IN
I/Dropsync( 2348): Dropbox quota: 18.88 GB
I/Dropsync( 2348): Dropbox used:   6.23 GB (32%)
I/Dropsync( 2348): Dropbox shared: 38 KB (0%)
I/Dropsync( 2348): Dropbox free  : 12.65 GB (68%)
I/Dropsync( 2348): --- Dropbox account info end ---
I/Dropsync( 2348): --- Dropsync settings ---
I/Dropsync( 2348): Local: /storage/emulated/0/Encfs/DropboxMyBoxBooksInfo/1aZ3gKfq
I/Dropsync( 2348): Remote: /infoRoot/1aZ3gKfq
I/Dropsync( 2348): Method: Two-way
I/Dropsync( 2348): Enabled: true
I/Dropsync( 2348): ---
I/Dropsync( 2348): Local: /storage/emulated/0/Encfs/DropboxMyBoxBooksCrankShaft/XzyWPesv3m,DqvvXgXEPBEOH20
I/Dropsync( 2348): Remote: /crankshaft/XzyWPesv3m,DqvvXgXEPBEOH20
I/Dropsync( 2348): Method: Two-way
I/Dropsync( 2348): Enabled: true
I/Dropsync( 2348): ---
I/Dropsync( 2348): --- Dropsync settings end ---
I/Dropsync( 2348): Device supports WIFI_MODE_FULL_HIGH_PERF (3)
I/Dropsync( 2348): Purged 0 log records older than 604800 sec
I/Dropsync( 2348): Opening /storage/emulated/0/Android/data/com.ttxapps.dropsync/cache/dropbox_listing_118542065.db
I/Dropsync( 2348): Curent db version 119
I/Dropsync( 2348): Trying to set WAL mode
I/Dropsync( 2348): >>> Dropbox delta: start
I/Dropsync( 2348): <<< Dropbox delta: finished 1817 ms, 0 changes inside synced folders
I/Dropsync( 2348): Sync finished in 4 seconds
I/Dropsync( 2348): 0 change(s) detected and synced
I/Dropsync( 2348): --- Sync completed, duration 4 seconds
I/Dropsync( 2348): Closing dropbox_listing_118542065.db
I/Dropsync( 2348): === Sync ended: mode = NORMAL_SYNC
I/Dropsync( 2348): Next sync cycle scheduled to run at 2013-10-30 05:10:18+0530
