D/MobileDataStateTracker(  646): cbs: Broadcast received: android.intent.action.ANY_DATA_STATE apnType=cbs
D/MobileDataStateTracker(  646): cbs: cbs setting isAvailable to false
D/MobileDataStateTracker(  646): cbs: Received state=DISCONNECTED, old=DISCONNECTED, reason=dataAttached
I/ActivityManager(  646): Start proc com.android.mms for broadcast com.android.mms/.transaction.SmsReceiver: pid=7452 uid=10031 gids={50031, 3003, 1015, 1028}
I/ActivityManager(  646): No longer want com.cyanogenmod.updater (pid 7137): empty #17
D/CountryDetector(  646): The first listener is added
I/ActivityManager(  646): Start proc com.google.android.gsf.login for service com.google.android.gms/.auth.be.recovery.AccountRecoveryBackgroundService: pid=7481 uid=10038 gids={50038, 3003, 1007, 1028, 1015, 1006, 2001, 3006}
I/ActivityManager(  646): No longer want com.cyanogenmod.lockclock (pid 4435): empty #17
I/ActivityManager(  646): Start proc android.process.acore for content provider com.android.providers.contacts/.ContactsProvider2: pid=7495 uid=10001 gids={50001, 3003, 1015, 1028}
I/ActivityManager(  646): No longer want android.process.media (pid 3863): empty #17
I/ActivityManager(  646): No longer want com.google.android.apps.uploader (pid 6494): empty #17
I/ActivityManager(  646): No longer want com.google.android.music:main (pid 5517): empty #17
D/ConnectivityService(  646): Captive portal check NetworkInfo: type: WIFI[], state: CONNECTING/CAPTIVE_PORTAL_CHECK, reason: (unspecified), extra: "ASUS", roaming: false, failover: false, isAvailable: true, isConnectedToProvisioningNetwork: false
D/ConnectivityService(  646): handleCaptivePortalTrackerCheck: call captivePortalCheckComplete ni=NetworkInfo: type: WIFI[], state: CONNECTING/CAPTIVE_PORTAL_CHECK, reason: (unspecified), extra: "ASUS", roaming: false, failover: false, isAvailable: true, isConnectedToProvisioningNetwork: false
D/ConnectivityService(  646): ConnectivityChange for WIFI: CONNECTED/CONNECTED
D/Nat464Xlat(  646): requiresClat: netType=1, hasIPv4Address=true
D/MobileDataStateTracker(  646): default: setPolicyDataEnable(enabled=true)
D/MobileDataStateTracker(  646): default: setPolicyDataEnable(enabled=true)
W/ActivityManager(  646): Unable to start service Intent { act=com.google.android.gms.analytics.service.START (has extras) } U=0: not found
I/ActivityManager(  646): Start proc com.asksven.betterbatterystats_xdaedition for service com.asksven.betterbatterystats_xdaedition/com.asksven.betterbatterystats.services.EventWatcherService: pid=7593 uid=10074 gids={50074, 1015, 3003, 3002, 1028}
D/ConnectivityService(  646): NetTransition Wakelock for ConnectedState released by timeout
V/RegulatoryObserver(  646): uevent:
V/RegulatoryObserver(  646): {SUBSYSTEM=platform, DEVPATH=/devices/platform/regulatory.0, SEQNUM=3181, ACTION=change, COUNTRY=00, MODALIAS=platform:regulatory}
V/RegulatoryObserver(  646): Regulatory Country Code:00
V/RegulatoryObserver(  646): Start wifi-crda service to run crda.
V/RegulatoryObserver(  646): Country Code is 00
I/RegulatoryObserver(  646): Broadcast intent for crda country code: 00
W/ContextImpl(  646): Calling a method in the system process without a qualified user: android.app.ContextImpl.sendBroadcast:1113 com.android.server.RegulatoryObserver$1.handleMessage:129 android.os.Handler.dispatchMessage:99 android.os.Looper.loop:137 com.android.server.ServerThread.run:1172 
V/RegulatoryObserver(  646): Send broadcast country code message.
D/ConnectivityService(  646): ConnectivityChange for WIFI: DISCONNECTED/DISCONNECTED
D/ConnectivityService(  646): tryFailover: set mActiveDefaultNetwork=-1, prevNetType=1
D/ConnectivityService(  646): Attempting to switch to mobile
D/ConnectivityService(  646): Attempting to switch to BLUETOOTH_TETHER
D/MobileDataStateTracker(  646): fota: Broadcast received: android.intent.action.ANY_DATA_STATE apnType=fota
D/MobileDataStateTracker(  646): fota: fota setting isAvailable to false
D/MobileDataStateTracker(  646): fota: Received state=DISCONNECTED, old=DISCONNECTED, reason=dataEnabled
D/MobileDataStateTracker(  646): dun: Broadcast received: android.intent.action.ANY_DATA_STATE apnType=dun
D/ConnectivityService(  646): resetConnections(wlan0, 3)
D/MobileDataStateTracker(  646): dun: dun setting isAvailable to false
D/MobileDataStateTracker(  646): dun: Received state=DISCONNECTED, old=DISCONNECTED, reason=dataEnabled
D/MobileDataStateTracker(  646): supl: Broadcast received: android.intent.action.ANY_DATA_STATE apnType=supl
D/MobileDataStateTracker(  646): supl: supl setting isAvailable to false
D/MobileDataStateTracker(  646): supl: Received state=DISCONNECTED, old=DISCONNECTED, reason=dataEnabled
D/MobileDataStateTracker(  646): hipri: Broadcast received: android.intent.action.ANY_DATA_STATE apnType=hipri
D/MobileDataStateTracker(  646): hipri: hipri setting isAvailable to false
D/MobileDataStateTracker(  646): hipri: Received state=DISCONNECTED, old=DISCONNECTED, reason=dataEnabled
D/MobileDataStateTracker(  646): ims: Broadcast received: android.intent.action.ANY_DATA_STATE apnType=ims
D/MobileDataStateTracker(  646): ims: ims setting isAvailable to false
D/MobileDataStateTracker(  646): ims: Received state=DISCONNECTED, old=DISCONNECTED, reason=dataEnabled
D/MobileDataStateTracker(  646): mms: Broadcast received: android.intent.action.ANY_DATA_STATE apnType=mms
D/MobileDataStateTracker(  646): mms: mms setting isAvailable to false
D/MobileDataStateTracker(  646): mms: Received state=DISCONNECTED, old=DISCONNECTED, reason=dataEnabled
D/MobileDataStateTracker(  646): cbs: Broadcast received: android.intent.action.ANY_DATA_STATE apnType=cbs
D/MobileDataStateTracker(  646): cbs: cbs setting isAvailable to false
D/MobileDataStateTracker(  646): cbs: Received state=DISCONNECTED, old=DISCONNECTED, reason=dataEnabled
D/Nat464Xlat(  646): requiresClat: netType=1, hasIPv4Address=false
D/MobileDataStateTracker(  646): default: setPolicyDataEnable(enabled=true)
D/MobileDataStateTracker(  646): default: setPolicyDataEnable(enabled=true)
D/MobileDataStateTracker(  646): default: setPolicyDataEnable(enabled=true)
D/MobileDataStateTracker(  646): default: setPolicyDataEnable(enabled=true)
I/ActivityManager(  646): Start proc com.google.android.music:main for broadcast com.google.android.music/.leanback.AutoCacheSchedulingService$ActionReceiver: pid=7666 uid=10091 gids={50091, 3003, 1015, 1028}
D/StatusBar.NetworkController( 1196): updateConnectivity: intent=Intent { act=android.net.conn.CONNECTIVITY_CHANGE flg=0x8000010 (has extras) }
D/StatusBar.NetworkController( 1196): updateConnectivity: networkInfo=null
D/StatusBar.NetworkController( 1196): updateConnectivity: connectionStatus=0
D/StatusBar.NetworkController( 1196): updateConnectivity: intent=Intent { act=android.net.conn.CONNECTIVITY_CHANGE flg=0x8000010 (has extras) }
D/StatusBar.NetworkController( 1196): updateConnectivity: networkInfo=null
D/StatusBar.NetworkController( 1196): updateConnectivity: connectionStatus=0
I/ActivityManager(  646): Start proc com.cyanogenmod.updater for broadcast com.cyanogenmod.updater/.receiver.UpdateCheckReceiver: pid=7700 uid=10007 gids={50007, 3003, 1015, 2001, 1028}
I/ActivityManager(  646): Start proc android.process.media for broadcast com.android.providers.downloads/.DownloadReceiver: pid=7716 uid=10019 gids={50019, 1015, 1023, 1024, 1028, 2001, 3003, 3007}
I/ActivityManager(  646): No longer want com.google.android.apps.plus (pid 6539): empty #17
I/ActivityManager(  646): No longer want com.touchtype.swiftkey.obeta (pid 7218): empty #17
I/ActivityManager(  646): Start proc com.cyanogenmod.lockclock for broadcast com.cyanogenmod.lockclock/.ClockWidgetProvider: pid=7749 uid=10029 gids={50029, 3003, 1028}
I/ActivityManager(  646): No longer want com.sand.airdroid:push (pid 7063): empty #17
I/ActivityManager(  646): Start proc com.google.android.apps.uploader for broadcast com.google.android.apps.uploader/com.google.android.picasasync.ConnectivityReceiver: pid=7770 uid=10063 gids={50063, 3003, 1015, 1028}
I/ActivityManager(  646): No longer want pl.solidexplorer (pid 7241): empty #17
I/ActivityManager(  646): Start proc com.google.android.apps.plus for broadcast com.google.android.apps.plus/com.google.android.picasasync.ConnectivityReceiver: pid=7784 uid=10060 gids={50060, 3003, 3002, 1015, 1006, 1028}
I/ActivityManager(  646): No longer want pl.solidexplorer.unlocker (pid 7259): empty #17
I/ActivityManager(  646): No longer want com.google.android.youtube (pid 5558): empty #17
I/ActivityManager(  646): Start proc com.touchtype.swiftkey.obeta for broadcast com.touchtype.swiftkey.obeta/com.touchtype_fluency.service.receiver.ConnectivityReceiver: pid=7810 uid=10126 gids={50126, 1015, 3003, 1028}
I/ActivityManager(  646): Start proc com.sand.airdroid:push for broadcast com.sand.airdroid/com.sand.push.NetworkAndAlarmReceiver: pid=7824 uid=10089 gids={50089, 1015, 3003, 1006, 1028}
I/ActivityManager(  646): No longer want com.lsdroid.cerberus (pid 7274): empty #17
I/ActivityManager(  646): Start proc pl.solidexplorer for broadcast pl.solidexplorer/.ConnectivityReceiver: pid=7838 uid=10072 gids={50072, 1015, 3003, 1028}
I/ActivityManager(  646): No longer want com.antutu.ABenchMark (pid 7289): empty #17
I/ActivityManager(  646): Start proc pl.solidexplorer.unlocker for content provider pl.solidexplorer.unlocker/.a: pid=7852 uid=10073 gids={50073, 1028}
I/ActivityManager(  646): Start proc com.google.android.youtube for broadcast com.google.android.youtube/com.google.android.apps.youtube.app.prefetch.PrefetchService$DeviceStateReceiver: pid=7867 uid=10100 gids={50100, 3003, 1015, 1006, 1028}
I/ActivityManager(  646): No longer want com.amazon.venezia (pid 7305): empty #17
I/ActivityManager(  646): No longer want com.devhd.feedly (pid 7408): empty #17
D/StatusBar.NetworkController( 1196): updateConnectivity: intent=Intent { act=android.net.conn.CONNECTIVITY_CHANGE flg=0x8000010 (has extras) }
D/StatusBar.NetworkController( 1196): updateConnectivity: networkInfo=null
D/StatusBar.NetworkController( 1196): updateConnectivity: connectionStatus=0
D/StatusBar.NetworkController( 1196): updateConnectivity: intent=Intent { act=android.net.conn.CONNECTIVITY_CHANGE flg=0x8000010 (has extras) }
D/StatusBar.NetworkController( 1196): updateConnectivity: networkInfo=null
D/StatusBar.NetworkController( 1196): updateConnectivity: connectionStatus=0
I/ActivityManager(  646): Start proc com.lsdroid.cerberus for broadcast com.lsdroid.cerberus/.ConnectivityReceiver: pid=7931 uid=10119 gids={50119, 3003, 1015, 1006, 1028}
I/ActivityManager(  646): No longer want com.google.android.keep (pid 7430): empty #17
I/ActivityManager(  646): Start proc com.antutu.ABenchMark for broadcast com.antutu.ABenchMark/com.antutu.benchmark.ConnectionChangeReceiver: pid=7947 uid=10101 gids={50101, 3003, 1015, 1006, 1028}
I/ActivityManager(  646): No longer want android.process.acore (pid 7495): empty #17
I/ActivityManager(  646): Start proc com.amazon.venezia for broadcast com.amazon.venezia/com.amazon.mas.client.ClientBroadcastReceiver: pid=7961 uid=10132 gids={50132, 3003, 1015, 1028}
I/ActivityManager(  646): No longer want com.google.android.gsf.login (pid 7481): empty #17
D/ConnectivityService(  646): Captive portal check NetworkInfo: type: WIFI[], state: CONNECTING/CAPTIVE_PORTAL_CHECK, reason: (unspecified), extra: "AirtelBB", roaming: false, failover: false, isAvailable: true, isConnectedToProvisioningNetwork: false
D/ConnectivityService(  646): handleCaptivePortalTrackerCheck: call captivePortalCheckComplete ni=NetworkInfo: type: WIFI[], state: CONNECTING/CAPTIVE_PORTAL_CHECK, reason: (unspecified), extra: "AirtelBB", roaming: false, failover: false, isAvailable: true, isConnectedToProvisioningNetwork: false
D/ConnectivityService(  646): ConnectivityChange for WIFI: CONNECTED/CONNECTED
D/Nat464Xlat(  646): requiresClat: netType=1, hasIPv4Address=true
D/MobileDataStateTracker(  646): default: setPolicyDataEnable(enabled=true)
D/MobileDataStateTracker(  646): default: setPolicyDataEnable(enabled=true)
I/ActivityManager(  646): Start proc com.devhd.feedly for broadcast com.devhd.feedly/.widget.FeedlyWidgetProvider: pid=8019 uid=10094 gids={50094, 3003, 1015, 1028}
I/ActivityManager(  646): No longer want com.cyanogenmod.updater (pid 7700): empty #17
I/ActivityManager(  646): Start proc com.cyanogenmod.updater for broadcast com.cyanogenmod.updater/.receiver.UpdateCheckReceiver: pid=8045 uid=10007 gids={50007, 3003, 1015, 2001, 1028}
D/ConnectivityService(  646): NetTransition Wakelock for ConnectedState released by timeout
I/ActivityManager(  646): No longer want com.google.android.apps.uploader (pid 7770): empty #17
I/ActivityManager(  646): Start proc com.google.android.apps.uploader for broadcast com.google.android.apps.uploader/com.google.android.picasasync.ConnectivityReceiver: pid=8065 uid=10063 gids={50063, 3003, 1015, 1028}
I/ActivityManager(  646): No longer want com.touchtype.swiftkey.obeta (pid 7810): empty #17
I/ActivityManager(  646): No longer want com.sand.airdroid:push (pid 7824): empty #17
I/ActivityManager(  646): Start proc com.touchtype.swiftkey.obeta for broadcast com.touchtype.swiftkey.obeta/com.touchtype.common.iris.ConnectivityReceiver: pid=8094 uid=10126 gids={50126, 1015, 3003, 1028}
I/ActivityManager(  646): Start proc com.sand.airdroid:push for broadcast com.sand.airdroid/com.sand.push.NetworkAndAlarmReceiver: pid=8128 uid=10089 gids={50089, 1015, 3003, 1006, 1028}
I/ActivityManager(  646): No longer want com.sand.airdroid (pid 7047): empty #17
I/ActivityManager(  646): Start proc com.sand.airdroid for broadcast com.sand.airdroid/.LocalConnectionStateReceiver: pid=8145 uid=10089 gids={50089, 1015, 3003, 1006, 1028}
I/ActivityManager(  646): No longer want pl.solidexplorer (pid 7838): empty #17
I/ActivityManager(  646): Start proc pl.solidexplorer for broadcast pl.solidexplorer/.ConnectivityReceiver: pid=8168 uid=10072 gids={50072, 1015, 3003, 1028}
I/ActivityManager(  646): No longer want pl.solidexplorer.unlocker (pid 7852): empty #17
D/WifiService(  646): setWifiEnabled: true pid=6979, uid=1000
I/ActivityManager(  646): Start proc pl.solidexplorer.unlocker for content provider pl.solidexplorer.unlocker/.a: pid=8183 uid=10073 gids={50073, 1028}
I/ActivityManager(  646): No longer want com.devhd.feedly (pid 8019): empty #17
I/ActivityManager(  646): No longer want com.cyanogenmod.updater (pid 8045): empty #17
I/ActivityManager(  646): Start proc com.devhd.feedly for broadcast com.devhd.feedly/.widget.FeedlyWidgetProvider: pid=8198 uid=10094 gids={50094, 3003, 1015, 1028}
I/ActivityManager(  646): No longer want com.cyanogenmod.lockclock (pid 7749): empty #17
D/ConnectivityService(  646): setProvNotificationVisible: E visible=false networkType=-1 extraInfo=null url=null
D/StatusBar.NetworkController( 1196): updateConnectivity: intent=Intent { act=android.net.conn.CONNECTIVITY_CHANGE flg=0x8000010 (has extras) }
D/StatusBar.NetworkController( 1196): updateConnectivity: networkInfo=NetworkInfo: type: WIFI[], state: CONNECTED/CONNECTED, reason: (unspecified), extra: "AirtelBB", roaming: false, failover: false, isAvailable: true, isConnectedToProvisioningNetwork: false
D/StatusBar.NetworkController( 1196): updateConnectivity: connectionStatus=0
D/StatusBar.NetworkController( 1196): updateConnectivity: intent=Intent { act=android.net.conn.CONNECTIVITY_CHANGE flg=0x8000010 (has extras) }
D/StatusBar.NetworkController( 1196): updateConnectivity: networkInfo=NetworkInfo: type: WIFI[], state: CONNECTED/CONNECTED, reason: (unspecified), extra: "AirtelBB", roaming: false, failover: false, isAvailable: true, isConnectedToProvisioningNetwork: false
D/StatusBar.NetworkController( 1196): updateConnectivity: connectionStatus=0
I/ActivityManager(  646): Start proc com.cyanogenmod.updater for broadcast com.cyanogenmod.updater/.receiver.UpdateCheckReceiver: pid=8230 uid=10007 gids={50007, 3003, 1015, 2001, 1028}
I/ActivityManager(  646): Start proc com.cyanogenmod.lockclock for broadcast com.cyanogenmod.lockclock/.ClockWidgetProvider: pid=8264 uid=10029 gids={50029, 3003, 1028}
I/ActivityManager(  646): No longer want com.android.mms (pid 7452): empty #17
D/CountryDetector(  646): No listener is left
I/ActivityManager(  646): Start proc com.android.mms for broadcast com.android.mms/.transaction.MmsSystemEventReceiver: pid=8280 uid=10031 gids={50031, 3003, 1015, 1028}
I/ActivityManager(  646): No longer want com.google.android.apps.uploader (pid 8065): empty #17
D/CountryDetector(  646): The first listener is added
D/ConnectivityService(  646): handleInetConditionHoldEnd: net=1, condition=100, published condition=0
D/StatusBar.NetworkController( 1196): updateConnectivity: intent=Intent { act=android.net.conn.INET_CONDITION_ACTION flg=0x8000010 (has extras) }
D/StatusBar.NetworkController( 1196): updateConnectivity: networkInfo=NetworkInfo: type: WIFI[], state: CONNECTED/CONNECTED, reason: (unspecified), extra: "AirtelBB", roaming: false, failover: false, isAvailable: true, isConnectedToProvisioningNetwork: false
D/StatusBar.NetworkController( 1196): updateConnectivity: connectionStatus=100
D/StatusBar.NetworkController( 1196): updateConnectivity: intent=Intent { act=android.net.conn.INET_CONDITION_ACTION flg=0x8000010 (has extras) }
D/StatusBar.NetworkController( 1196): updateConnectivity: networkInfo=NetworkInfo: type: WIFI[], state: CONNECTED/CONNECTED, reason: (unspecified), extra: "AirtelBB", roaming: false, failover: false, isAvailable: true, isConnectedToProvisioningNetwork: false
D/StatusBar.NetworkController( 1196): updateConnectivity: connectionStatus=100
I/ActivityManager(  646): Start proc com.google.android.apps.uploader for broadcast com.google.android.apps.uploader/com.google.android.picasasync.ConnectivityReceiver: pid=8304 uid=10063 gids={50063, 3003, 1015, 1028}
I/ActivityManager(  646): No longer want com.google.android.apps.plus (pid 7784): empty #17
I/ActivityManager(  646): Start proc android.process.acore for content provider com.android.providers.contacts/.ContactsProvider2: pid=8317 uid=10001 gids={50001, 3003, 1015, 1028}
I/ActivityManager(  646): Start proc com.google.android.apps.plus for broadcast com.google.android.apps.plus/com.google.android.picasasync.ConnectivityReceiver: pid=8326 uid=10060 gids={50060, 3003, 3002, 1015, 1006, 1028}
I/ActivityManager(  646): No longer want com.google.android.gms (pid 7188): empty #17
I/ActivityManager(  646): No longer want com.touchtype.swiftkey.obeta (pid 8094): empty #17
I/ActivityManager(  646): No longer want com.sand.airdroid (pid 8145): empty #17
I/ActivityManager(  646): Start proc com.google.android.gms for broadcast com.google.android.gms/.gcm.GmsAutoStarter: pid=8357 uid=10038 gids={50038, 3003, 1007, 1028, 1015, 1006, 2001, 3006}
I/ActivityManager(  646): No longer want com.sand.airdroid:push (pid 8128): empty #17
I/ActivityManager(  646): No longer want pl.solidexplorer (pid 8168): empty #17
I/ActivityManager(  646): Start proc com.touchtype.swiftkey.obeta for broadcast com.touchtype.swiftkey.obeta/com.touchtype_fluency.service.receiver.ConnectivityReceiver: pid=8381 uid=10126 gids={50126, 1015, 3003, 1028}
I/ActivityManager(  646): Start proc com.sand.airdroid:push for broadcast com.sand.airdroid/com.sand.push.NetworkAndAlarmReceiver: pid=8396 uid=10089 gids={50089, 1015, 3003, 1006, 1028}
I/ActivityManager(  646): No longer want pl.solidexplorer.unlocker (pid 8183): empty #17
I/ActivityManager(  646): Start proc com.sand.airdroid for broadcast com.sand.airdroid/.LocalConnectionStateReceiver: pid=8411 uid=10089 gids={50089, 1015, 3003, 1006, 1028}
I/ActivityManager(  646): No longer want com.google.android.youtube (pid 7867): empty #17
I/ActivityManager(  646): Start proc pl.solidexplorer for broadcast pl.solidexplorer/.ConnectivityReceiver: pid=8427 uid=10072 gids={50072, 1015, 3003, 1028}
I/ActivityManager(  646): No longer want com.lsdroid.cerberus (pid 7931): empty #17
I/ActivityManager(  646): Start proc pl.solidexplorer.unlocker for content provider pl.solidexplorer.unlocker/.a: pid=8441 uid=10073 gids={50073, 1028}
I/ActivityManager(  646): Start proc com.google.android.youtube for broadcast com.google.android.youtube/com.google.android.apps.youtube.app.prefetch.PrefetchService$DeviceStateReceiver: pid=8458 uid=10100 gids={50100, 3003, 1015, 1006, 1028}
I/ActivityManager(  646): No longer want com.antutu.ABenchMark (pid 7947): empty #17
I/ActivityManager(  646): No longer want com.amazon.venezia (pid 7961): empty #17
I/ActivityManager(  646): Start proc com.lsdroid.cerberus for broadcast com.lsdroid.cerberus/.ConnectivityReceiver: pid=8503 uid=10119 gids={50119, 3003, 1015, 1006, 1028}
I/ActivityManager(  646): No longer want com.devhd.feedly (pid 8198): empty #17
I/ActivityManager(  646): Start proc com.antutu.ABenchMark for broadcast com.antutu.ABenchMark/com.antutu.benchmark.ConnectionChangeReceiver: pid=8520 uid=10101 gids={50101, 3003, 1015, 1006, 1028}
I/ActivityManager(  646): No longer want com.cyanogenmod.updater (pid 8230): empty #17
I/ActivityManager(  646): Start proc com.amazon.venezia for broadcast com.amazon.venezia/com.amazon.mas.client.ClientBroadcastReceiver: pid=8533 uid=10132 gids={50132, 3003, 1015, 1028}
I/ActivityManager(  646): No longer want com.google.android.music:main (pid 7666): empty #17
I/ActivityManager(  646): Start proc com.devhd.feedly for broadcast com.devhd.feedly/.widget.FeedlyWidgetProvider: pid=8576 uid=10094 gids={50094, 3003, 1015, 1028}
I/ActivityManager(  646): No longer want com.cyanogenmod.lockclock (pid 8264): empty #17
I/ActivityManager(  646): Start proc com.google.android.music:main for broadcast com.google.android.music/.leanback.AutoCacheSchedulingService$EnablingReceiver: pid=8597 uid=10091 gids={50091, 3003, 1015, 1028}
I/ActivityManager(  646): Start proc com.google.android.gsf.login for service com.google.android.gms/.auth.be.recovery.AccountRecoveryBackgroundService: pid=8626 uid=10038 gids={50038, 3003, 1007, 1028, 1015, 1006, 2001, 3006}
I/ActivityManager(  646): No longer want com.android.settings (pid 6979): empty #17
I/ActivityManager(  646): No longer want com.google.android.apps.uploader (pid 8304): empty #17
I/ActivityManager(  646): No longer want android.process.media (pid 7716): empty #17
D/ConnectivityService(  646): captivePortalCheckCompleted: ni=NetworkInfo: type: WIFI[], state: CONNECTED/CONNECTED, reason: (unspecified), extra: "AirtelBB", roaming: false, failover: false, isAvailable: true, isConnectedToProvisioningNetwork: false captive=false
D/ConnectivityService(  646): setProvNotificationVisible: E visible=false networkType=-1 extraInfo=null url=null
D/MobileDataStateTracker(  646): default: setPolicyDataEnable(enabled=true)
V/PanelView( 1196): animationTick called with dtms=0; nothing to do (h=376.5 v=1556.109)
V/PanelView( 1196): animationTick called with dtms=-6; nothing to do (h=376.5 v=1556.109)
V/PanelView( 1196): animationTick called with dtms=0; nothing to do (h=1184.0 v=-4000.0)
I/ActivityManager(  646): START u0 {act=android.intent.action.VIEW dat=http://beta.swiftkey.net flg=0x10000000 cmp=com.chrome.beta/com.google.android.apps.chrome.Main} from pid 8381
I/ActivityManager(  646): Start proc com.chrome.beta for activity com.chrome.beta/com.google.android.apps.chrome.Main: pid=8784 uid=10118 gids={50118, 1006, 3003, 1015, 1028}
I/ActivityManager(  646): Start proc com.chrome.beta:sandboxed_process0 for service com.chrome.beta/org.chromium.content.app.SandboxedProcessService0: pid=8814 uid=99000 gids={}
I/ActivityManager(  646): Start proc com.chrome.beta:sandboxed_process1 for service com.chrome.beta/org.chromium.content.app.SandboxedProcessService1: pid=8973 uid=99001 gids={}
I/ActivityManager(  646): Process com.chrome.beta:sandboxed_process1 (pid 8973) has died.
W/ActivityManager(  646): Scheduling restart of crashed service com.chrome.beta/org.chromium.content.app.SandboxedProcessService1 in 5000ms
I/ActivityManager(  646): Start proc com.google.android.partnersetup for content provider com.google.android.partnersetup/.RlzAppProvider: pid=9101 uid=10059 gids={50059, 3003, 1028}
I/ActivityManager(  646): No longer want com.google.android.apps.plus (pid 8326): empty #17
I/ActivityManager(  646): Start proc com.google.android.googlequicksearchbox for broadcast com.google.android.googlequicksearchbox/com.google.android.apps.sidekick.calendar.CalendarIntentService$CalendarReceiver: pid=9179 uid=10065 gids={50065, 3003, 1028, 3002, 1015}
I/ActivityManager(  646): Start proc com.android.providers.calendar for content provider com.android.providers.calendar/.CalendarProvider2: pid=9225 uid=10011 gids={50011, 3003, 1015, 1028}
I/ActivityManager(  646): No longer want com.sand.airdroid (pid 8411): empty #17
I/ActivityManager(  646): Start proc com.android.calendar for broadcast com.android.calendar/.alerts.AlertReceiver: pid=9254 uid=10010 gids={50010, 3003, 1028}
I/ActivityManager(  646): No longer want com.sand.airdroid:push (pid 8396): empty #17
I/ActivityManager(  646): Start proc com.cyanogenmod.lockclock for broadcast com.cyanogenmod.lockclock/.ClockWidgetProvider: pid=9294 uid=10029 gids={50029, 3003, 1028}
I/ActivityManager(  646): No longer want pl.solidexplorer (pid 8427): empty #17
W/ActivityManager(  646): Unable to start service Intent { act=com.google.android.gms.analytics.service.START (has extras) } U=0: not found
I/ActivityManager(  646): No longer want pl.solidexplorer.unlocker (pid 8441): empty #17
W/ActivityManager(  646): Unable to start service Intent { act=com.google.android.gms.analytics.service.START (has extras) } U=0: not found
I/ActivityManager(  646): START u0 {act=android.intent.action.MAIN cat=[android.intent.category.HOME] flg=0x10200000 cmp=com.teslacoilsw.launcher/com.android.launcher2.Launcher} from pid 646
I/PowerManagerService(  646): Going to sleep due to screen timeout...
I/ActivityManager(  646): Start proc com.android.settings for broadcast com.android.settings/.cyanogenmod.superuser.SuReceiver: pid=9673 uid=1000 gids={41000, 1015, 1028, 3002, 3001, 3003, 3007}
I/ActivityManager(  646): No longer want com.google.android.youtube (pid 8458): empty #17
D/PhoneStatusBar( 1196): disable: < expand icons alerts ticker system_info back home RECENT* clock search >
D/PhoneStatusBar( 1196): disable: < expand icons alerts ticker system_info BACK* HOME* RECENT CLOCK* search >
W/ActivityThread( 8597): ClassLoader.loadClass: The class loader returned by Thread.getContextClassLoader() may fail for processes that host multiple applications. You should explicitly specify a context class loader. For example: Thread.setContextClassLoader(getClass().getClassLoader());
I/ActivityManager(  646): Start proc org.dayup.gtask for broadcast org.dayup.gtask/.reminder.GoogleTaskAlertReceiver: pid=10044 uid=10105 gids={50105, 3003, 1028}
E/ActivityThread(10044): Failed to find provider info for org.dayup.gtask.key
I/ActivityManager(  646): No longer want com.lsdroid.cerberus (pid 8503): empty #17
I/ActivityManager(  646): Start proc android.process.media for content provider com.android.providers.media/.MediaProvider: pid=10072 uid=10019 gids={50019, 1015, 1023, 1024, 1028, 2001, 3003, 3007}
I/ActivityManager(  646): No longer want com.antutu.ABenchMark (pid 8520): empty #17
D/ConnectivityService(  646): handleInetConditionHoldEnd: net=1, condition=0, published condition=100
D/StatusBar.NetworkController( 1196): updateConnectivity: intent=Intent { act=android.net.conn.INET_CONDITION_ACTION flg=0x8000010 (has extras) }
D/StatusBar.NetworkController( 1196): updateConnectivity: networkInfo=NetworkInfo: type: WIFI[], state: CONNECTED/CONNECTED, reason: (unspecified), extra: "AirtelBB", roaming: false, failover: false, isAvailable: true, isConnectedToProvisioningNetwork: false
D/StatusBar.NetworkController( 1196): updateConnectivity: connectionStatus=0
D/StatusBar.NetworkController( 1196): updateConnectivity: intent=Intent { act=android.net.conn.INET_CONDITION_ACTION flg=0x8000010 (has extras) }
D/StatusBar.NetworkController( 1196): updateConnectivity: networkInfo=NetworkInfo: type: WIFI[], state: CONNECTED/CONNECTED, reason: (unspecified), extra: "AirtelBB", roaming: false, failover: false, isAvailable: true, isConnectedToProvisioningNetwork: false
D/StatusBar.NetworkController( 1196): updateConnectivity: connectionStatus=0
I/ActivityManager(  646): Start proc com.google.android.gm for service com.google.android.gm/.provider.MailSyncAdapterService: pid=10191 uid=10054 gids={50054, 3003, 1015, 1028}
D/ActivityThread(10191): Loading provider com.android.gmail.ui: com.google.android.gm.provider.GmailProvider
D/ConnectivityService(  646): handleInetConditionHoldEnd: net=1, condition=100, published condition=0
D/StatusBar.NetworkController( 1196): updateConnectivity: intent=Intent { act=android.net.conn.INET_CONDITION_ACTION flg=0x8000010 (has extras) }
D/StatusBar.NetworkController( 1196): updateConnectivity: networkInfo=NetworkInfo: type: WIFI[], state: CONNECTED/CONNECTED, reason: (unspecified), extra: "AirtelBB", roaming: false, failover: false, isAvailable: true, isConnectedToProvisioningNetwork: false
D/StatusBar.NetworkController( 1196): updateConnectivity: connectionStatus=100
D/StatusBar.NetworkController( 1196): updateConnectivity: intent=Intent { act=android.net.conn.INET_CONDITION_ACTION flg=0x8000010 (has extras) }
D/StatusBar.NetworkController( 1196): updateConnectivity: networkInfo=NetworkInfo: type: WIFI[], state: CONNECTED/CONNECTED, reason: (unspecified), extra: "AirtelBB", roaming: false, failover: false, isAvailable: true, isConnectedToProvisioningNetwork: false
D/StatusBar.NetworkController( 1196): updateConnectivity: connectionStatus=100
W/ActivityManager(  646): Unable to start service Intent { act=com.google.android.gms.analytics.service.START (has extras) } U=0: not found
I/ActivityManager(  646): No longer want com.devhd.feedly (pid 8576): empty #17
W/ActivityManager(  646): Unable to start service Intent { act=com.google.android.gms.analytics.service.START (has extras) } U=0: not found
I/ActivityManager(  646): No longer want com.franco.kernel:batteryService (pid 3480): empty for 1836s
I/ActivityManager(  646): No longer want com.cgollner.systemmonitor.lite:batteryService (pid 3368): empty for 1837s
I/ActivityManager(  646): No longer want com.vladlee.blacklistplus.pro (pid 3168): empty for 1838s
W/ActivityManager(  646): Scheduling restart of crashed service com.vladlee.blacklistplus.pro/.BlockService in 5000ms
W/ActivityManager(  646): Scheduling restart of crashed service com.franco.kernel/com.cgollner.systemmonitor.battery.BatteryService in 14999ms
W/ActivityManager(  646): Scheduling restart of crashed service com.cgollner.systemmonitor.lite/com.cgollner.systemmonitor.battery.BatteryService in 24993ms
I/ActivityManager(  646): Start proc com.vladlee.blacklistplus.pro for service com.vladlee.blacklistplus.pro/.BlockService: pid=10343 uid=10122 gids={50122, 1028}
I/ActivityManager(  646): Start proc com.franco.kernel:batteryService for service com.franco.kernel/com.cgollner.systemmonitor.battery.BatteryService: pid=10360 uid=10071 gids={50071, 3003, 1015, 1028}
I/ActivityManager(  646): Start proc com.cgollner.systemmonitor.lite:batteryService for service com.cgollner.systemmonitor.lite/com.cgollner.systemmonitor.battery.BatteryService: pid=10390 uid=10070 gids={50070, 1015, 1028}
I/ActivityManager(  646): No longer want com.amazon.venezia (pid 8533): empty for 1804s
I/ActivityManager(  646): No longer want com.google.android.music:main (pid 8597): empty for 1814s
I/ActivityManager(  646): No longer want android.process.acore (pid 8317): empty for 1819s
I/ActivityManager(  646): No longer want com.android.mms (pid 8280): empty for 1819s
I/ActivityManager(  646): No longer want com.avast.android.mobilesecurity (pid 7366): empty for 1819s
I/ActivityManager(  646): No longer want com.maxmpz.audioplayer (pid 7352): empty for 1834s
D/MobileDataStateTracker(  646): default: setPolicyDataEnable(enabled=true)
W/ActivityManager(  646): Scheduling restart of crashed service com.maxmpz.audioplayer/.player.HeadsetMicroService in 5000ms
D/CountryDetector(  646): No listener is left
W/ActivityManager(  646): Scheduling restart of crashed service com.avast.android.mobilesecurity/.app.messageshield.MessageScannerService in 14976ms
W/ActivityManager(  646): Scheduling restart of crashed service com.avast.android.mobilesecurity/.app.locking.core.AppLockingService in 14976ms
W/ActivityManager(  646): Scheduling restart of crashed service com.avast.android.mobilesecurity/.app.webshield.WebshieldService in 24975ms
I/ActivityManager(  646): Start proc com.maxmpz.audioplayer for service com.maxmpz.audioplayer/.player.HeadsetMicroService: pid=10855 uid=10088 gids={50088, 1015, 3003, 3002, 1028}
I/ActivityManager(  646): Start proc com.avast.android.mobilesecurity for service com.avast.android.mobilesecurity/.app.locking.core.AppLockingService: pid=10881 uid=10116 gids={50116, 1015, 3003, 1028}
W/ActivityManager(  646): Unable to start service Intent { act=com.google.android.gms.analytics.service.START (has extras) } U=0: not found
W/ActivityManager(  646): Unable to start service Intent { act=com.google.android.gms.analytics.service.START (has extras) } U=0: not found
I/ActivityManager(  646): No longer want com.android.providers.calendar (pid 9225): empty for 1802s
I/ActivityManager(  646): No longer want com.android.calendar (pid 9254): empty for 1802s
I/ActivityManager(  646): No longer want com.google.android.partnersetup (pid 9101): empty for 1804s
I/ActivityManager(  646): No longer want com.touchtype.swiftkey.obeta (pid 8381): empty for 1843s
I/ActivityManager(  646): Start proc com.android.providers.calendar for content provider com.android.providers.calendar/.CalendarProvider2: pid=10979 uid=10011 gids={50011, 3003, 1015, 1028}
I/ActivityManager(  646): Start proc com.android.calendar for broadcast com.android.calendar/.alerts.AlertReceiver: pid=11001 uid=10010 gids={50010, 3003, 1028}
I/ActivityManager(  646): No longer want com.teslacoilsw.notifier (pid 3536): empty for 2679s
W/ActivityManager(  646): Scheduling restart of crashed service com.teslacoilsw.notifier/.NotificationService in 5000ms
I/ActivityManager(  646): Start proc com.teslacoilsw.notifier for service com.teslacoilsw.notifier/.NotificationService: pid=11054 uid=10098 gids={50098, 1028}
I/ActivityManager(  646): No longer want com.android.settings (pid 9673): empty for 1834s
I/ActivityManager(  646): No longer want com.asksven.betterbatterystats_xdaedition (pid 7593): empty for 1834s
I/ActivityManager(  646): No longer want net.dinglisch.android.taskerm (pid 3211): empty for 2753s
W/ActivityManager(  646): Scheduling restart of crashed service net.dinglisch.android.taskerm/.MonitorService in 5000ms
W/ActivityManager(  646): Scheduling restart of crashed service com.asksven.betterbatterystats_xdaedition/com.asksven.betterbatterystats.services.EventWatcherService in 14997ms
I/ActivityManager(  646): Start proc net.dinglisch.android.taskerm for service net.dinglisch.android.taskerm/.MonitorService: pid=11145 uid=10097 gids={50097, 1015, 1006, 3001, 3002, 3003, 1028}
I/ActivityManager(  646): Start proc com.asksven.betterbatterystats_xdaedition for service com.asksven.betterbatterystats_xdaedition/com.asksven.betterbatterystats.services.EventWatcherService: pid=11188 uid=10074 gids={50074, 1015, 3003, 3002, 1028}
I/ActivityManager(  646): Start proc android.process.acore for content provider com.android.providers.contacts/.ContactsProvider2: pid=11263 uid=10001 gids={50001, 3003, 1015, 1028}
D/PhoneStatusBar( 1196): disable: < expand icons ALERTS* ticker system_info BACK HOME RECENT CLOCK search >
D/CountryDetector(  646): The first listener is added
I/ActivityManager(  646): Start proc com.google.android.talk for broadcast com.google.android.talk/com.google.android.apps.babel.phone.PhoneStateReceiver: pid=11301 uid=10075 gids={50075, 3003, 1015, 1006, 3002, 1028}
I/ActivityManager(  646): START u0 {act=android.intent.action.MAIN flg=0x10840000 cmp=com.android.phone/.InCallScreen} from pid -1
D/PhoneStatusBar( 1196): disable: < EXPAND* icons ALERTS ticker system_info BACK HOME RECENT CLOCK search >
D/PhoneStatusBar( 1196): disable: < expand* icons ALERTS ticker system_info BACK HOME RECENT CLOCK search >
D/PhoneStatusBar( 1196): disable: < expand icons ALERTS ticker system_info back* home* RECENT clock* search >
I/ActivityManager(  646): Start proc com.android.contacts for service com.android.contacts/.ViewNotificationService: pid=11360 uid=10001 gids={50001, 3003, 1015, 1028}
I/PowerManagerService(  646): Waking up from sleep...
W/WindowManager(  646): Aborted waiting for drawn: Window{95f34e00 u0 Keyguard}
I/WindowManager(  646): Lock screen displayed!
D/PhoneStatusBar( 1196): disable: < EXPAND* icons ALERTS ticker system_info back home RECENT clock search >
D/PhoneStatusBar( 1196): disable: < EXPAND icons ALERTS ticker system_info BACK* HOME* RECENT clock search >
D/PhoneStatusBar( 1196): disable: < expand* icons ALERTS ticker system_info BACK HOME RECENT clock search >
D/PhoneStatusBar( 1196): disable: < expand icons ALERTS ticker system_info back* home* RECENT clock search >
D/PhoneStatusBar( 1196): disable: < expand icons ALERTS ticker system_info back home recent* clock search >
I/ActivityManager(  646): Start proc com.android.settings for broadcast com.android.settings/.cyanogenmod.superuser.SuReceiver: pid=11517 uid=1000 gids={41000, 1015, 1028, 3002, 3001, 3003, 3007}
D/MobileDataStateTracker(  646): fota: Broadcast received: android.intent.action.ANY_DATA_STATE apnType=fota
D/MobileDataStateTracker(  646): fota: fota setting isAvailable to false
D/MobileDataStateTracker(  646): fota: Received state=DISCONNECTED, old=DISCONNECTED, reason=2GVoiceCallEnded
D/MobileDataStateTracker(  646): dun: Broadcast received: android.intent.action.ANY_DATA_STATE apnType=dun
D/MobileDataStateTracker(  646): dun: dun setting isAvailable to false
D/MobileDataStateTracker(  646): dun: Received state=DISCONNECTED, old=DISCONNECTED, reason=2GVoiceCallEnded
D/MobileDataStateTracker(  646): supl: Broadcast received: android.intent.action.ANY_DATA_STATE apnType=supl
D/MobileDataStateTracker(  646): supl: supl setting isAvailable to false
D/MobileDataStateTracker(  646): supl: Received state=DISCONNECTED, old=DISCONNECTED, reason=2GVoiceCallEnded
D/MobileDataStateTracker(  646): hipri: Broadcast received: android.intent.action.ANY_DATA_STATE apnType=hipri
D/MobileDataStateTracker(  646): hipri: hipri setting isAvailable to false
D/MobileDataStateTracker(  646): hipri: Received state=DISCONNECTED, old=DISCONNECTED, reason=2GVoiceCallEnded
D/MobileDataStateTracker(  646): ims: Broadcast received: android.intent.action.ANY_DATA_STATE apnType=ims
D/MobileDataStateTracker(  646): ims: ims setting isAvailable to false
D/MobileDataStateTracker(  646): ims: Received state=DISCONNECTED, old=DISCONNECTED, reason=2GVoiceCallEnded
D/MobileDataStateTracker(  646): mms: Broadcast received: android.intent.action.ANY_DATA_STATE apnType=mms
D/MobileDataStateTracker(  646): mms: mms setting isAvailable to false
D/MobileDataStateTracker(  646): mms: Received state=DISCONNECTED, old=DISCONNECTED, reason=2GVoiceCallEnded
D/MobileDataStateTracker(  646): cbs: Broadcast received: android.intent.action.ANY_DATA_STATE apnType=cbs
D/MobileDataStateTracker(  646): cbs: cbs setting isAvailable to false
D/MobileDataStateTracker(  646): cbs: Received state=DISCONNECTED, old=DISCONNECTED, reason=2GVoiceCallEnded
D/PhoneStatusBar( 1196): disable: < expand icons alerts* ticker system_info back home recent clock search >
I/ActivityManager(  646): moveTaskToBack: 16
I/PowerManagerService(  646): Going to sleep due to screen timeout...
D/PhoneStatusBar( 1196): disable: < expand icons alerts ticker system_info back home RECENT* clock search >
D/PhoneStatusBar( 1196): disable: < expand icons alerts ticker system_info BACK* HOME* RECENT CLOCK* search >
I/ActivityManager(  646): Start proc com.android.deskclock for broadcast com.android.deskclock/.AlarmInitReceiver: pid=11900 uid=10016 gids={50016, 1028, 3003}
I/ActivityManager(  646): Start proc com.google.android.keep for broadcast com.google.android.keep/.notification.AlertReceiver: pid=11934 uid=10082 gids={50082, 3003, 1015, 1028}
I/ActivityManager(  646): No longer want com.google.android.gms (pid 8357): empty for 1816s
I/ActivityManager(  646): No longer want com.google.android.gm (pid 10191): empty for 1816s
I/ActivityManager(  646): No longer want com.cgollner.systemmonitor.lite:batteryService (pid 10390): empty for 1838s
I/ActivityManager(  646): No longer want com.franco.kernel:batteryService (pid 10360): empty for 1848s
W/ActivityManager(  646): Scheduling restart of crashed service com.franco.kernel/com.cgollner.systemmonitor.battery.BatteryService in 5000ms
W/ActivityManager(  646): Scheduling restart of crashed service com.cgollner.systemmonitor.lite/com.cgollner.systemmonitor.battery.BatteryService in 14996ms
I/ActivityManager(  646): Start proc com.franco.kernel:batteryService for service com.franco.kernel/com.cgollner.systemmonitor.battery.BatteryService: pid=12220 uid=10071 gids={50071, 3003, 1015, 1028}
I/ActivityManager(  646): Start proc com.cgollner.systemmonitor.lite:batteryService for service com.cgollner.systemmonitor.lite/com.cgollner.systemmonitor.battery.BatteryService: pid=12248 uid=10070 gids={50070, 1015, 1028}
V/BackupManagerService(  646): Running a backup pass
V/BackupManagerService(  646): clearing pending backups
V/PerformBackupTask(  646): Beginning backup of 17 targets
D/PerformBackupTask(  646): invokeAgentForBackup on @pm@
I/PMBA    (  646): Previous metadata c904f71ed9 mismatch vs d5d6e9f9dd - rewriting
W/ActivityThread(  646): ClassLoader.loadClass: The class loader returned by Thread.getContextClassLoader() may fail for processes that host multiple applications. You should explicitly specify a context class loader. For example: Thread.setContextClassLoader(getClass().getClassLoader());
D/PerformBackupTask(  646): starting agent for backup of BackupRequest{pkg=com.android.calendar}
D/BackupManagerService(  646): awaiting agent for ApplicationInfo{960d4dd8 com.android.calendar}
D/BackupManagerService(  646): agentConnected pkg=com.android.calendar agent=android.os.BinderProxy@96560bd0
I/BackupManagerService(  646): got agent android.app.IBackupAgent$Stub$Proxy@95e312b8
D/PerformBackupTask(  646): invokeAgentForBackup on com.android.calendar
D/PerformBackupTask(  646): starting agent for backup of BackupRequest{pkg=com.android.providers.telephony}
D/BackupManagerService(  646): awaiting agent for ApplicationInfo{9622d680 com.android.providers.telephony}
D/BackupManagerService(  646): agentConnected pkg=com.android.providers.telephony agent=android.os.BinderProxy@96569420
I/BackupManagerService(  646): got agent android.app.IBackupAgent$Stub$Proxy@95e0cf08
D/PerformBackupTask(  646): invokeAgentForBackup on com.android.providers.telephony
I/PerformBackupTask(  646): no backup data written; not calling transport
D/PerformBackupTask(  646): starting agent for backup of BackupRequest{pkg=com.android.browser}
I/ActivityManager(  646): Start proc com.android.browser for backup com.android.browser/.BrowserBackupAgent: pid=12320 uid=10004 gids={50004, 3003, 1015, 1028}
D/BackupManagerService(  646): awaiting agent for ApplicationInfo{960b2190 com.android.browser}
D/BackupManagerService(  646): agentConnected pkg=com.android.browser agent=android.os.BinderProxy@9656d9e8
I/BackupManagerService(  646): got agent android.app.IBackupAgent$Stub$Proxy@95e074b8
D/PerformBackupTask(  646): invokeAgentForBackup on com.android.browser
I/PerformBackupTask(  646): no backup data written; not calling transport
D/PerformBackupTask(  646): starting agent for backup of BackupRequest{pkg=android}
D/BackupManagerService(  646): awaiting agent for ApplicationInfo{96066528 android}
D/BackupManagerService(  646): agentConnected pkg=android agent=android.app.backup.BackupAgent$BackupServiceBinder@96570e48
I/BackupManagerService(  646): got agent android.app.backup.BackupAgent$BackupServiceBinder@96570e48
D/PerformBackupTask(  646): invokeAgentForBackup on android
D/PerformBackupTask(  646): starting agent for backup of BackupRequest{pkg=com.google.android.talk}
D/BackupManagerService(  646): awaiting agent for ApplicationInfo{96341920 com.google.android.talk}
D/BackupManagerService(  646): agentConnected pkg=com.google.android.talk agent=android.os.BinderProxy@9657c1b0
I/BackupManagerService(  646): got agent android.app.IBackupAgent$Stub$Proxy@95de3b48
D/PerformBackupTask(  646): invokeAgentForBackup on com.google.android.talk
D/PerformBackupTask(  646): starting agent for backup of BackupRequest{pkg=com.android.nfc}
D/BackupManagerService(  646): awaiting agent for ApplicationInfo{9618f8a8 com.android.nfc}
D/BackupManagerService(  646): agentConnected pkg=com.android.nfc agent=android.os.BinderProxy@9658dc50
I/BackupManagerService(  646): got agent android.app.IBackupAgent$Stub$Proxy@95d74360
D/PerformBackupTask(  646): invokeAgentForBackup on com.android.nfc
I/PerformBackupTask(  646): no backup data written; not calling transport
D/PerformBackupTask(  646): starting agent for backup of BackupRequest{pkg=com.google.android.maps.mytracks}
I/ActivityManager(  646): Start proc com.google.android.maps.mytracks for backup com.google.android.maps.mytracks/com.google.android.apps.mytracks.io.backup.MyTracksBackupAgent: pid=12359 uid=10087 gids={50087, 3002, 3001, 3003, 1028, 1015}
D/BackupManagerService(  646): awaiting agent for ApplicationInfo{962eb670 com.google.android.maps.mytracks}
D/BackupManagerService(  646): agentConnected pkg=com.google.android.maps.mytracks agent=android.os.BinderProxy@96592730
I/BackupManagerService(  646): got agent android.app.IBackupAgent$Stub$Proxy@95d6a340
D/PerformBackupTask(  646): invokeAgentForBackup on com.google.android.maps.mytracks
D/PerformBackupTask(  646): starting agent for backup of BackupRequest{pkg=com.android.providers.userdictionary}
D/BackupManagerService(  646): awaiting agent for ApplicationInfo{96246718 com.android.providers.userdictionary}
D/BackupManagerService(  646): agentConnected pkg=com.android.providers.userdictionary agent=android.os.BinderProxy@965a1250
I/BackupManagerService(  646): got agent android.app.IBackupAgent$Stub$Proxy@965a1750
D/PerformBackupTask(  646): invokeAgentForBackup on com.android.providers.userdictionary
I/PerformBackupTask(  646): no backup data written; not calling transport
D/PerformBackupTask(  646): starting agent for backup of BackupRequest{pkg=com.android.keepass}
I/ActivityManager(  646): Start proc com.android.keepass for backup com.android.keepass/com.keepassdroid.backup.SettingsBackupAgent: pid=12377 uid=10111 gids={50111, 1015, 1028}
D/BackupManagerService(  646): awaiting agent for ApplicationInfo{960e71c0 com.android.keepass}
D/BackupManagerService(  646): agentConnected pkg=com.android.keepass agent=android.os.BinderProxy@965a75d8
I/BackupManagerService(  646): got agent android.app.IBackupAgent$Stub$Proxy@965a78c0
D/PerformBackupTask(  646): invokeAgentForBackup on com.android.keepass
I/PerformBackupTask(  646): no backup data written; not calling transport
D/PerformBackupTask(  646): starting agent for backup of BackupRequest{pkg=com.android.sharedstoragebackup}
I/ActivityManager(  646): Start proc com.android.sharedstoragebackup for backup com.android.sharedstoragebackup/.SharedStorageAgent: pid=12401 uid=10039 gids={50039, 1015, 1023, 1028}
D/BackupManagerService(  646): awaiting agent for ApplicationInfo{96213128 com.android.sharedstoragebackup}
D/BackupManagerService(  646): agentConnected pkg=com.android.sharedstoragebackup agent=android.os.BinderProxy@9604c0a0
I/BackupManagerService(  646): got agent android.app.IBackupAgent$Stub$Proxy@95ef2328
D/PerformBackupTask(  646): invokeAgentForBackup on com.android.sharedstoragebackup
I/PerformBackupTask(  646): no backup data written; not calling transport
D/PerformBackupTask(  646): starting agent for backup of BackupRequest{pkg=com.android.providers.settings}
D/BackupManagerService(  646): awaiting agent for ApplicationInfo{96210360 com.android.providers.settings}
D/BackupManagerService(  646): agentConnected pkg=com.android.providers.settings agent=android.app.backup.BackupAgent$BackupServiceBinder@960637f8
I/BackupManagerService(  646): got agent android.app.backup.BackupAgent$BackupServiceBinder@960637f8
D/PerformBackupTask(  646): invokeAgentForBackup on com.android.providers.settings
I/ActivityManager(  646): No longer want com.android.contacts (pid 11360): empty #17
D/PerformBackupTask(  646): starting agent for backup of BackupRequest{pkg=at.markushi.expensemanager}
I/ActivityManager(  646): Start proc at.markushi.expensemanager for backup at.markushi.expensemanager/.util.ExpenseManagerBackupAgent: pid=12419 uid=10102 gids={50102, 3003, 1015, 1028}
D/BackupManagerService(  646): awaiting agent for ApplicationInfo{9634d7e0 at.markushi.expensemanager}
D/BackupManagerService(  646): agentConnected pkg=at.markushi.expensemanager agent=android.os.BinderProxy@96c69e20
I/BackupManagerService(  646): got agent android.app.IBackupAgent$Stub$Proxy@96c6ce40
D/PerformBackupTask(  646): invokeAgentForBackup on at.markushi.expensemanager
I/ActivityManager(  646): No longer want com.android.settings (pid 11517): empty #17
D/PerformBackupTask(  646): starting agent for backup of BackupRequest{pkg=com.touchtype.swiftkey.obeta}
I/ActivityManager(  646): Start proc com.touchtype.swiftkey.obeta for backup com.touchtype.swiftkey.obeta/com.touchtype.backup.SwiftkeyBackupAgent: pid=12434 uid=10126 gids={50126, 1015, 3003, 1028}
D/BackupManagerService(  646): awaiting agent for ApplicationInfo{963af118 com.touchtype.swiftkey.obeta}
