--------- beginning of /dev/log/system
I/WindowManager(  646): Screenshot max retries 4 of Token{96b59ca0 ActivityRecord{96b59650 u0 com.teslacoilsw.launcher/com.android.launcher2.Launcher}} appWin=Window{96b45428 u0 com.teslacoilsw.launcher/com.android.launcher2.Launcher} drawState=4
W/WindowManager(  646): Screenshot failure taking screenshot for (768x1280) to layer 21000
D/MobileDataStateTracker(  646): default: Broadcast received: android.intent.action.ANY_DATA_STATE apnType=default
D/MobileDataStateTracker(  646): default: default setting isAvailable to true
D/MobileDataStateTracker(  646): default: Received state=DISCONNECTED, old=DISCONNECTED, reason=(unspecified)
D/MobileDataStateTracker(  646): fota: Broadcast received: android.intent.action.ANY_DATA_STATE apnType=fota
D/MobileDataStateTracker(  646): fota: fota setting isAvailable to true
D/MobileDataStateTracker(  646): fota: Received state=DISCONNECTED, old=DISCONNECTED, reason=nwTypeChanged
D/MobileDataStateTracker(  646): dun: Broadcast received: android.intent.action.ANY_DATA_STATE apnType=dun
D/MobileDataStateTracker(  646): dun: dun setting isAvailable to true
D/MobileDataStateTracker(  646): dun: Received state=DISCONNECTED, old=DISCONNECTED, reason=nwTypeChanged
D/MobileDataStateTracker(  646): supl: Broadcast received: android.intent.action.ANY_DATA_STATE apnType=supl
D/MobileDataStateTracker(  646): supl: supl setting isAvailable to true
D/MobileDataStateTracker(  646): supl: Received state=DISCONNECTED, old=DISCONNECTED, reason=nwTypeChanged
D/MobileDataStateTracker(  646): hipri: Broadcast received: android.intent.action.ANY_DATA_STATE apnType=hipri
D/MobileDataStateTracker(  646): hipri: hipri setting isAvailable to true
D/MobileDataStateTracker(  646): hipri: Received state=DISCONNECTED, old=DISCONNECTED, reason=nwTypeChanged
D/MobileDataStateTracker(  646): ims: Broadcast received: android.intent.action.ANY_DATA_STATE apnType=ims
D/MobileDataStateTracker(  646): ims: ims setting isAvailable to true
D/MobileDataStateTracker(  646): ims: Received state=DISCONNECTED, old=DISCONNECTED, reason=nwTypeChanged
D/MobileDataStateTracker(  646): default: Broadcast received: android.intent.action.ANY_DATA_STATE apnType=default
D/MobileDataStateTracker(  646): default: default setting isAvailable to true
D/MobileDataStateTracker(  646): default: Received state=DISCONNECTED, old=DISCONNECTED, reason=nwTypeChanged
D/MobileDataStateTracker(  646): mms: Broadcast received: android.intent.action.ANY_DATA_STATE apnType=mms
D/MobileDataStateTracker(  646): mms: mms setting isAvailable to true
D/MobileDataStateTracker(  646): mms: Received state=DISCONNECTED, old=DISCONNECTED, reason=nwTypeChanged
D/MobileDataStateTracker(  646): cbs: Broadcast received: android.intent.action.ANY_DATA_STATE apnType=cbs
D/MobileDataStateTracker(  646): cbs: cbs setting isAvailable to true
D/MobileDataStateTracker(  646): cbs: Received state=DISCONNECTED, old=DISCONNECTED, reason=nwTypeChanged
D/MobileDataStateTracker(  646): fota: Broadcast received: android.intent.action.ANY_DATA_STATE apnType=fota
D/MobileDataStateTracker(  646): fota: fota setting isAvailable to true
D/MobileDataStateTracker(  646): fota: Received state=DISCONNECTED, old=DISCONNECTED, reason=nwTypeChanged
D/MobileDataStateTracker(  646): dun: Broadcast received: android.intent.action.ANY_DATA_STATE apnType=dun
D/MobileDataStateTracker(  646): dun: dun setting isAvailable to true
D/MobileDataStateTracker(  646): dun: Received state=DISCONNECTED, old=DISCONNECTED, reason=nwTypeChanged
D/MobileDataStateTracker(  646): supl: Broadcast received: android.intent.action.ANY_DATA_STATE apnType=supl
D/MobileDataStateTracker(  646): supl: supl setting isAvailable to true
D/MobileDataStateTracker(  646): supl: Received state=DISCONNECTED, old=DISCONNECTED, reason=nwTypeChanged
D/MobileDataStateTracker(  646): hipri: Broadcast received: android.intent.action.ANY_DATA_STATE apnType=hipri
D/MobileDataStateTracker(  646): hipri: hipri setting isAvailable to true
D/MobileDataStateTracker(  646): hipri: Received state=DISCONNECTED, old=DISCONNECTED, reason=nwTypeChanged
D/MobileDataStateTracker(  646): ims: Broadcast received: android.intent.action.ANY_DATA_STATE apnType=ims
D/MobileDataStateTracker(  646): ims: ims setting isAvailable to true
D/MobileDataStateTracker(  646): ims: Received state=DISCONNECTED, old=DISCONNECTED, reason=nwTypeChanged
D/MobileDataStateTracker(  646): mms: Broadcast received: android.intent.action.ANY_DATA_STATE apnType=mms
D/MobileDataStateTracker(  646): mms: mms setting isAvailable to true
D/MobileDataStateTracker(  646): mms: Received state=DISCONNECTED, old=DISCONNECTED, reason=nwTypeChanged
D/MobileDataStateTracker(  646): cbs: Broadcast received: android.intent.action.ANY_DATA_STATE apnType=cbs
D/MobileDataStateTracker(  646): cbs: cbs setting isAvailable to true
D/MobileDataStateTracker(  646): cbs: Received state=DISCONNECTED, old=DISCONNECTED, reason=nwTypeChanged
D/MobileDataStateTracker(  646): fota: Broadcast received: android.intent.action.ANY_DATA_STATE apnType=fota
D/MobileDataStateTracker(  646): fota: fota setting isAvailable to true
D/MobileDataStateTracker(  646): fota: Received state=DISCONNECTED, old=DISCONNECTED, reason=simLoaded
D/MobileDataStateTracker(  646): dun: Broadcast received: android.intent.action.ANY_DATA_STATE apnType=dun
D/MobileDataStateTracker(  646): dun: dun setting isAvailable to true
D/MobileDataStateTracker(  646): dun: Received state=DISCONNECTED, old=DISCONNECTED, reason=simLoaded
D/MobileDataStateTracker(  646): supl: Broadcast received: android.intent.action.ANY_DATA_STATE apnType=supl
D/MobileDataStateTracker(  646): supl: supl setting isAvailable to true
D/MobileDataStateTracker(  646): supl: Received state=DISCONNECTED, old=DISCONNECTED, reason=simLoaded
D/MobileDataStateTracker(  646): hipri: Broadcast received: android.intent.action.ANY_DATA_STATE apnType=hipri
D/MobileDataStateTracker(  646): hipri: hipri setting isAvailable to true
D/MobileDataStateTracker(  646): hipri: Received state=DISCONNECTED, old=DISCONNECTED, reason=simLoaded
D/MobileDataStateTracker(  646): ims: Broadcast received: android.intent.action.ANY_DATA_STATE apnType=ims
D/MobileDataStateTracker(  646): ims: ims setting isAvailable to true
D/MobileDataStateTracker(  646): ims: Received state=DISCONNECTED, old=DISCONNECTED, reason=simLoaded
D/MobileDataStateTracker(  646): mms: Broadcast received: android.intent.action.ANY_DATA_STATE apnType=mms
D/MobileDataStateTracker(  646): mms: mms setting isAvailable to true
D/MobileDataStateTracker(  646): mms: Received state=DISCONNECTED, old=DISCONNECTED, reason=simLoaded
D/MobileDataStateTracker(  646): cbs: Broadcast received: android.intent.action.ANY_DATA_STATE apnType=cbs
D/MobileDataStateTracker(  646): cbs: cbs setting isAvailable to true
D/MobileDataStateTracker(  646): cbs: Received state=DISCONNECTED, old=DISCONNECTED, reason=simLoaded
D/MobileDataStateTracker(  646): fota: Broadcast received: android.intent.action.ANY_DATA_STATE apnType=fota
D/MobileDataStateTracker(  646): fota: fota setting isAvailable to true
D/MobileDataStateTracker(  646): fota: Received state=DISCONNECTED, old=DISCONNECTED, reason=simLoaded
D/MobileDataStateTracker(  646): dun: Broadcast received: android.intent.action.ANY_DATA_STATE apnType=dun
D/MobileDataStateTracker(  646): dun: dun setting isAvailable to true
D/MobileDataStateTracker(  646): dun: Received state=DISCONNECTED, old=DISCONNECTED, reason=simLoaded
D/MobileDataStateTracker(  646): supl: Broadcast received: android.intent.action.ANY_DATA_STATE apnType=supl
D/MobileDataStateTracker(  646): supl: supl setting isAvailable to true
D/MobileDataStateTracker(  646): supl: Received state=DISCONNECTED, old=DISCONNECTED, reason=simLoaded
D/MobileDataStateTracker(  646): hipri: Broadcast received: android.intent.action.ANY_DATA_STATE apnType=hipri
D/MobileDataStateTracker(  646): hipri: hipri setting isAvailable to true
D/MobileDataStateTracker(  646): hipri: Received state=DISCONNECTED, old=DISCONNECTED, reason=simLoaded
D/MobileDataStateTracker(  646): ims: Broadcast received: android.intent.action.ANY_DATA_STATE apnType=ims
D/MobileDataStateTracker(  646): ims: ims setting isAvailable to true
D/MobileDataStateTracker(  646): ims: Received state=DISCONNECTED, old=DISCONNECTED, reason=simLoaded
D/MobileDataStateTracker(  646): mms: Broadcast received: android.intent.action.ANY_DATA_STATE apnType=mms
D/MobileDataStateTracker(  646): mms: mms setting isAvailable to true
D/MobileDataStateTracker(  646): mms: Received state=DISCONNECTED, old=DISCONNECTED, reason=simLoaded
D/MobileDataStateTracker(  646): cbs: Broadcast received: android.intent.action.ANY_DATA_STATE apnType=cbs
D/MobileDataStateTracker(  646): cbs: cbs setting isAvailable to true
D/MobileDataStateTracker(  646): cbs: Received state=DISCONNECTED, old=DISCONNECTED, reason=simLoaded
I/ActivityManager(  646): Start proc com.lsdroid.cerberus for broadcast com.lsdroid.cerberus/.SIMChangeReceiver: pid=1962 uid=10119 gids={50119, 3003, 1015, 1006, 1028}
I/ActivityManager(  646): Start proc com.cyanogenmod.updater for broadcast com.cyanogenmod.updater/.receiver.UpdateCheckReceiver: pid=2030 uid=10007 gids={50007, 3003, 1015, 2001, 1028}
W/ActivityThread( 1400): ClassLoader.loadClass: The class loader returned by Thread.getContextClassLoader() may fail for processes that host multiple applications. You should explicitly specify a context class loader. For example: Thread.setContextClassLoader(getClass().getClassLoader());
I/ActivityManager(  646): Start proc com.android.mms for broadcast com.android.mms/.transaction.MmsSystemEventReceiver: pid=2051 uid=10031 gids={50031, 3003, 1015, 1028}
D/CountryDetector(  646): The first listener is added
I/ActivityManager(  646): Start proc com.google.android.apps.uploader for broadcast com.google.android.apps.uploader/com.google.android.picasasync.ConnectivityReceiver: pid=2085 uid=10063 gids={50063, 3003, 1015, 1028}
I/ActivityManager(  646): No longer want com.android.calendar (pid 1669): empty #17
W/ActivityManager(  646): Unable to start service Intent { act=com.google.android.gms.analytics.service.START (has extras) } U=0: not found
I/ActivityManager(  646): No longer want com.android.deskclock (pid 1695): empty #17
I/ActivityManager(  646): Start proc com.touchtype.swiftkey.obeta for broadcast com.touchtype.swiftkey.obeta/com.touchtype_fluency.service.receiver.ConnectivityReceiver: pid=2111 uid=10126 gids={50126, 1015, 3003, 1028}
I/ActivityManager(  646): Start proc com.sand.airdroid:push for broadcast com.sand.airdroid/com.sand.push.NetworkAndAlarmReceiver: pid=2126 uid=10089 gids={50089, 1015, 3003, 1006, 1028}
I/ActivityManager(  646): No longer want com.android.providers.calendar (pid 1687): empty #17
I/ActivityManager(  646): Start proc com.sand.airdroid for broadcast com.sand.airdroid/.LocalConnectionStateReceiver: pid=2141 uid=10089 gids={50089, 1015, 3003, 1006, 1028}
I/ActivityManager(  646): No longer want com.google.android.keep (pid 1731): empty #17
I/ActivityManager(  646): No longer want android.process.acore (pid 1254): empty #17
I/ActivityManager(  646): Start proc android.process.acore for content provider com.android.providers.contacts/.ContactsProvider2: pid=2159 uid=10001 gids={50001, 3003, 1015, 1028}
I/ActivityManager(  646): No longer want com.eclipsim.gpsstatus2 (pid 1538): empty #17
I/ActivityManager(  646): Start proc pl.solidexplorer for broadcast pl.solidexplorer/.ConnectivityReceiver: pid=2173 uid=10072 gids={50072, 1015, 3003, 1028}
I/ActivityManager(  646): No longer want com.lsdroid.cerberus (pid 1962): empty #17
W/ActivityThread( 2051): Content provider com.android.providers.contacts.ContactsProvider2 already published as contacts
W/ActivityThread( 2051): Content provider com.android.providers.contacts.ContactsProvider2 already published as com.android.contacts
I/ActivityManager(  646): Start proc pl.solidexplorer.unlocker for content provider pl.solidexplorer.unlocker/.a: pid=2192 uid=10073 gids={50073, 1028}
I/ActivityManager(  646): Start proc com.google.android.music:main for broadcast com.google.android.music/.leanback.AutoCacheSchedulingService$ActionReceiver: pid=2005 uid=10091 gids={50091, 3003, 1015, 1028}
I/ActivityManager(  646): Start proc com.google.android.youtube for broadcast com.google.android.youtube/com.google.android.apps.youtube.app.prefetch.PrefetchService$DeviceStateReceiver: pid=2207 uid=10100 gids={50100, 3003, 1015, 1006, 1028}
I/ActivityManager(  646): No longer want com.chrome.beta (pid 1813): empty #17
I/ActivityManager(  646): No longer want com.android.chrome (pid 1775): empty #17
W/ActivityThread( 2051): Content provider com.android.providers.contacts.ContactsProvider2 already published as contacts
W/ActivityThread( 2051): Content provider com.android.providers.contacts.ContactsProvider2 already published as com.android.contacts
W/ActivityThread( 2051): Content provider com.android.providers.contacts.ContactsProvider2 already published as contacts
W/ActivityThread( 2051): Content provider com.android.providers.contacts.ContactsProvider2 already published as com.android.contacts
W/ActivityThread( 2051): Content provider com.android.providers.contacts.ContactsProvider2 already published as contacts
W/ActivityThread( 2051): Content provider com.android.providers.contacts.ContactsProvider2 already published as com.android.contacts
W/ActivityThread( 2051): Content provider com.android.providers.contacts.ContactsProvider2 already published as contacts
W/ActivityThread( 2051): Content provider com.android.providers.contacts.ContactsProvider2 already published as com.android.contacts
W/ActivityThread( 2051): Content provider com.android.providers.contacts.ContactsProvider2 already published as contacts
W/ActivityThread( 2051): Content provider com.android.providers.contacts.ContactsProvider2 already published as com.android.contacts
W/ActivityThread( 2051): Content provider com.android.providers.contacts.ContactsProvider2 already published as contacts
W/ActivityThread( 2051): Content provider com.android.providers.contacts.ContactsProvider2 already published as com.android.contacts
W/ActivityThread( 2051): Content provider com.android.providers.contacts.ContactsProvider2 already published as contacts
W/ActivityThread( 2051): Content provider com.android.providers.contacts.ContactsProvider2 already published as com.android.contacts
W/ActivityThread( 2051): Content provider com.android.providers.contacts.ContactsProvider2 already published as contacts
W/ActivityThread( 2051): Content provider com.android.providers.contacts.ContactsProvider2 already published as com.android.contacts
W/ActivityThread( 2051): Content provider com.android.providers.contacts.ContactsProvider2 already published as contacts
W/ActivityThread( 2051): Content provider com.android.providers.contacts.ContactsProvider2 already published as com.android.contacts
W/ActivityThread( 2051): Content provider com.android.providers.contacts.ContactsProvider2 already published as contacts
W/ActivityThread( 2051): Content provider com.android.providers.contacts.ContactsProvider2 already published as com.android.contacts
I/ActivityManager(  646): Start proc com.lsdroid.cerberus for broadcast com.lsdroid.cerberus/.ConnectivityReceiver: pid=2258 uid=10119 gids={50119, 3003, 1015, 1006, 1028}
W/ActivityThread( 2051): Content provider com.android.providers.contacts.ContactsProvider2 already published as contacts
W/ActivityThread( 2051): Content provider com.android.providers.contacts.ContactsProvider2 already published as com.android.contacts
I/ActivityManager(  646): No longer want com.tmobile.thememanager (pid 1843): empty #17
W/ActivityThread( 2051): Content provider com.android.providers.contacts.ContactsProvider2 already published as contacts
W/ActivityThread( 2051): Content provider com.android.providers.contacts.ContactsProvider2 already published as com.android.contacts
I/ActivityManager(  646): Start proc com.antutu.ABenchMark for broadcast com.antutu.ABenchMark/com.antutu.benchmark.ConnectionChangeReceiver: pid=2274 uid=10101 gids={50101, 3003, 1015, 1006, 1028}
I/ActivityManager(  646): No longer want com.cyanogenmod.updater (pid 2030): empty #17
W/ActivityThread( 2051): Content provider com.android.providers.contacts.ContactsProvider2 already published as contacts
W/ActivityThread( 2051): Content provider com.android.providers.contacts.ContactsProvider2 already published as com.android.contacts
I/ActivityManager(  646): Start proc com.amazon.venezia for broadcast com.amazon.venezia/com.amazon.mas.client.ClientBroadcastReceiver: pid=2287 uid=10132 gids={50132, 3003, 1015, 1028}
I/ActivityManager(  646): No longer want com.google.android.music:main (pid 2005): empty #17
W/ActivityThread( 2051): Content provider com.android.providers.contacts.ContactsProvider2 already published as contacts
W/ActivityThread( 2051): Content provider com.android.providers.contacts.ContactsProvider2 already published as com.android.contacts
W/ActivityThread( 2051): Content provider com.android.providers.contacts.ContactsProvider2 already published as contacts
W/ActivityThread( 2051): Content provider com.android.providers.contacts.ContactsProvider2 already published as com.android.contacts
W/ActivityThread( 2051): Content provider com.android.providers.contacts.ContactsProvider2 already published as contacts
W/ActivityThread( 2051): Content provider com.android.providers.contacts.ContactsProvider2 already published as com.android.contacts
W/ActivityThread( 2051): Content provider com.android.providers.contacts.ContactsProvider2 already published as contacts
W/ActivityThread( 2051): Content provider com.android.providers.contacts.ContactsProvider2 already published as com.android.contacts
W/ActivityThread( 2051): Content provider com.android.providers.contacts.ContactsProvider2 already published as contacts
W/ActivityThread( 2051): Content provider com.android.providers.contacts.ContactsProvider2 already published as com.android.contacts
W/ActivityThread( 2051): Content provider com.android.providers.contacts.ContactsProvider2 already published as contacts
W/ActivityThread( 2051): Content provider com.android.providers.contacts.ContactsProvider2 already published as com.android.contacts
W/ActivityThread( 2051): Content provider com.android.providers.contacts.ContactsProvider2 already published as contacts
W/ActivityThread( 2051): Content provider com.android.providers.contacts.ContactsProvider2 already published as com.android.contacts
W/ActivityThread( 2051): Content provider com.android.providers.contacts.ContactsProvider2 already published as contacts
W/ActivityThread( 2051): Content provider com.android.providers.contacts.ContactsProvider2 already published as com.android.contacts
W/ActivityThread( 2051): Content provider com.android.providers.contacts.ContactsProvider2 already published as contacts
W/ActivityThread( 2051): Content provider com.android.providers.contacts.ContactsProvider2 already published as com.android.contacts
W/ActivityThread( 2051): Content provider com.android.providers.contacts.ContactsProvider2 already published as contacts
W/ActivityThread( 2051): Content provider com.android.providers.contacts.ContactsProvider2 already published as com.android.contacts
W/ActivityThread( 2051): Content provider com.android.providers.contacts.ContactsProvider2 already published as contacts
W/ActivityThread( 2051): Content provider com.android.providers.contacts.ContactsProvider2 already published as com.android.contacts
W/ActivityThread( 2051): Content provider com.android.providers.contacts.ContactsProvider2 already published as contacts
W/ActivityThread( 2051): Content provider com.android.providers.contacts.ContactsProvider2 already published as com.android.contacts
W/ActivityThread( 2051): Content provider com.android.providers.contacts.ContactsProvider2 already published as contacts
W/ActivityThread( 2051): Content provider com.android.providers.contacts.ContactsProvider2 already published as com.android.contacts
W/ActivityThread( 2051): Content provider com.android.providers.contacts.ContactsProvider2 already published as contacts
W/ActivityThread( 2051): Content provider com.android.providers.contacts.ContactsProvider2 already published as com.android.contacts
W/ActivityThread( 2051): Content provider com.android.providers.contacts.ContactsProvider2 already published as contacts
W/ActivityThread( 2051): Content provider com.android.providers.contacts.ContactsProvider2 already published as com.android.contacts
W/ActivityThread( 2051): Content provider com.android.providers.contacts.ContactsProvider2 already published as contacts
W/ActivityThread( 2051): Content provider com.android.providers.contacts.ContactsProvider2 already published as com.android.contacts
W/ActivityThread( 2051): Content provider com.android.providers.contacts.ContactsProvider2 already published as contacts
W/ActivityThread( 2051): Content provider com.android.providers.contacts.ContactsProvider2 already published as com.android.contacts
W/ActivityThread( 2051): Content provider com.android.providers.contacts.ContactsProvider2 already published as contacts
W/ActivityThread( 2051): Content provider com.android.providers.contacts.ContactsProvider2 already published as com.android.contacts
W/ActivityThread( 2051): Content provider com.android.providers.contacts.ContactsProvider2 already published as contacts
W/ActivityThread( 2051): Content provider com.android.providers.contacts.ContactsProvider2 already published as com.android.contacts
W/ActivityThread( 2051): Content provider com.android.providers.contacts.ContactsProvider2 already published as contacts
W/ActivityThread( 2051): Content provider com.android.providers.contacts.ContactsProvider2 already published as com.android.contacts
W/ActivityThread( 2051): Content provider com.android.providers.contacts.ContactsProvider2 already published as contacts
W/ActivityThread( 2051): Content provider com.android.providers.contacts.ContactsProvider2 already published as com.android.contacts
W/ActivityThread( 2051): Content provider com.android.providers.contacts.ContactsProvider2 already published as contacts
W/ActivityThread( 2051): Content provider com.android.providers.contacts.ContactsProvider2 already published as com.android.contacts
W/ActivityThread( 2051): Content provider com.android.providers.contacts.ContactsProvider2 already published as contacts
W/ActivityThread( 2051): Content provider com.android.providers.contacts.ContactsProvider2 already published as com.android.contacts
W/ActivityThread( 2051): Content provider com.android.providers.contacts.ContactsProvider2 already published as contacts
W/ActivityThread( 2051): Content provider com.android.providers.contacts.ContactsProvider2 already published as com.android.contacts
W/ActivityThread( 2051): Content provider com.android.providers.contacts.ContactsProvider2 already published as contacts
W/ActivityThread( 2051): Content provider com.android.providers.contacts.ContactsProvider2 already published as com.android.contacts
W/ActivityThread( 2051): Content provider com.android.providers.contacts.ContactsProvider2 already published as contacts
W/ActivityThread( 2051): Content provider com.android.providers.contacts.ContactsProvider2 already published as com.android.contacts
W/ActivityThread( 2051): Content provider com.android.providers.contacts.ContactsProvider2 already published as contacts
W/ActivityThread( 2051): Content provider com.android.providers.contacts.ContactsProvider2 already published as com.android.contacts
W/ActivityThread( 2051): Content provider com.android.providers.contacts.ContactsProvider2 already published as contacts
W/ActivityThread( 2051): Content provider com.android.providers.contacts.ContactsProvider2 already published as com.android.contacts
I/ActivityManager(  646): Start proc com.devhd.feedly for broadcast com.devhd.feedly/.widget.FeedlyWidgetProvider: pid=2332 uid=10094 gids={50094, 3003, 1015, 1028}
W/ActivityThread( 2051): Content provider com.android.providers.contacts.ContactsProvider2 already published as contacts
W/ActivityThread( 2051): Content provider com.android.providers.contacts.ContactsProvider2 already published as com.android.contacts
W/ActivityThread( 2051): Content provider com.android.providers.contacts.ContactsProvider2 already published as contacts
W/ActivityThread( 2051): Content provider com.android.providers.contacts.ContactsProvider2 already published as com.android.contacts
W/ActivityThread( 2051): Content provider com.android.providers.contacts.ContactsProvider2 already published as contacts
W/ActivityThread( 2051): Content provider com.android.providers.contacts.ContactsProvider2 already published as com.android.contacts
I/ActivityManager(  646): Start proc com.ttxapps.dropsync for broadcast com.ttxapps.dropsync/.NetworkStateMonitor: pid=2348 uid=10079 gids={50079, 3003, 1015, 1028}
I/ActivityManager(  646): No longer want android.process.media (pid 1422): empty #17
W/ActivityThread( 2051): Content provider com.android.providers.contacts.ContactsProvider2 already published as contacts
W/ActivityThread( 2051): Content provider com.android.providers.contacts.ContactsProvider2 already published as com.android.contacts
W/ActivityThread( 2051): Content provider com.android.providers.contacts.ContactsProvider2 already published as contacts
W/ActivityThread( 2051): Content provider com.android.providers.contacts.ContactsProvider2 already published as com.android.contacts
D/ConnectivityService(  646): handleInetConditionHoldEnd: net=1, condition=100, published condition=0
W/ActivityThread( 2051): Content provider com.android.providers.contacts.ContactsProvider2 already published as contacts
W/ActivityThread( 2051): Content provider com.android.providers.contacts.ContactsProvider2 already published as com.android.contacts
D/StatusBar.NetworkController( 1196): updateConnectivity: intent=Intent { act=android.net.conn.INET_CONDITION_ACTION flg=0x8000010 (has extras) }
D/StatusBar.NetworkController( 1196): updateConnectivity: networkInfo=NetworkInfo: type: WIFI[], state: CONNECTED/CONNECTED, reason: (unspecified), extra: "ASUS", roaming: false, failover: false, isAvailable: true, isConnectedToProvisioningNetwork: false
D/StatusBar.NetworkController( 1196): updateConnectivity: connectionStatus=100
D/StatusBar.NetworkController( 1196): updateConnectivity: intent=Intent { act=android.net.conn.INET_CONDITION_ACTION flg=0x8000010 (has extras) }
D/StatusBar.NetworkController( 1196): updateConnectivity: networkInfo=NetworkInfo: type: WIFI[], state: CONNECTED/CONNECTED, reason: (unspecified), extra: "ASUS", roaming: false, failover: false, isAvailable: true, isConnectedToProvisioningNetwork: false
D/StatusBar.NetworkController( 1196): updateConnectivity: connectionStatus=100
W/ActivityThread( 2051): Content provider com.android.providers.contacts.ContactsProvider2 already published as contacts
W/ActivityThread( 2051): Content provider com.android.providers.contacts.ContactsProvider2 already published as com.android.contacts
W/ActivityThread( 2051): Content provider com.android.providers.contacts.ContactsProvider2 already published as contacts
W/ActivityThread( 2051): Content provider com.android.providers.contacts.ContactsProvider2 already published as com.android.contacts
W/ActivityThread( 2051): Content provider com.android.providers.contacts.ContactsProvider2 already published as contacts
W/ActivityThread( 2051): Content provider com.android.providers.contacts.ContactsProvider2 already published as com.android.contacts
W/ActivityThread( 2051): Content provider com.android.providers.contacts.ContactsProvider2 already published as contacts
W/ActivityThread( 2051): Content provider com.android.providers.contacts.ContactsProvider2 already published as com.android.contacts
W/ActivityThread( 2051): Content provider com.android.providers.contacts.ContactsProvider2 already published as contacts
W/ActivityThread( 2051): Content provider com.android.providers.contacts.ContactsProvider2 already published as com.android.contacts
W/ActivityThread( 2051): Content provider com.android.providers.contacts.ContactsProvider2 already published as contacts
W/ActivityThread( 2051): Content provider com.android.providers.contacts.ContactsProvider2 already published as com.android.contacts
W/ActivityThread( 2051): Content provider com.android.providers.contacts.ContactsProvider2 already published as contacts
W/ActivityThread( 2051): Content provider com.android.providers.contacts.ContactsProvider2 already published as com.android.contacts
W/ActivityThread( 2051): Content provider com.android.providers.contacts.ContactsProvider2 already published as contacts
W/ActivityThread( 2051): Content provider com.android.providers.contacts.ContactsProvider2 already published as com.android.contacts
W/ActivityThread( 2051): Content provider com.android.providers.contacts.ContactsProvider2 already published as contacts
W/ActivityThread( 2051): Content provider com.android.providers.contacts.ContactsProvider2 already published as com.android.contacts
W/ActivityThread( 2051): Content provider com.android.providers.contacts.ContactsProvider2 already published as contacts
W/ActivityThread( 2051): Content provider com.android.providers.contacts.ContactsProvider2 already published as com.android.contacts
I/ActivityManager(  646): Start proc com.android.calendar for broadcast com.android.calendar/.widget.CalendarAppWidgetProvider: pid=2370 uid=10010 gids={50010, 3003, 1028}
W/ActivityThread( 2051): Content provider com.android.providers.contacts.ContactsProvider2 already published as contacts
W/ActivityThread( 2051): Content provider com.android.providers.contacts.ContactsProvider2 already published as com.android.contacts
I/ActivityManager(  646): Start proc com.android.dialer for broadcast com.android.dialer/.calllog.CallLogReceiver: pid=2386 uid=10018 gids={50018, 3003, 1015, 1028}
I/ActivityManager(  646): No longer want com.android.mms (pid 2051): empty #17
D/CountryDetector(  646): No listener is left
I/ActivityManager(  646): No longer want com.android.settings (pid 1572): empty #17
I/ActivityManager(  646): Start proc com.quoord.tapatalkHD for broadcast com.quoord.tapatalkHD/com.quoord.tapatalkpro.alarm.NotificationAlarmReceiver: pid=2402 uid=10081 gids={50081, 3003, 1015, 1028}
I/ActivityManager(  646): No longer want com.google.android.apps.uploader (pid 2085): empty #17
I/ActivityManager(  646): No longer want com.google.android.gms (pid 1607): empty #17
I/ActivityManager(  646): Start proc com.eolwral.osmonitor for broadcast com.eolwral.osmonitor/.BootUpReceiver: pid=2422 uid=10125 gids={50125, 3003, 1015, 1028}
I/ActivityManager(  646): No longer want com.touchtype.swiftkey.obeta (pid 2111): empty #17
I/ActivityManager(  646): Start proc com.cyanogenmod.account for broadcast com.cyanogenmod.account/.receiver.BootReceiver: pid=2438 uid=10005 gids={50005, 3003, 1028}
W/ActivityManager(  646): Unable to start service Intent { act=com.google.android.gms.analytics.service.START (has extras) } U=0: not found
I/BootReceiver(  646): Copying /proc/last_kmsg to DropBox (SYSTEM_LAST_KMSG)
D/MobileDataStateTracker(  646): default: Broadcast received: android.intent.action.ANY_DATA_STATE apnType=default
D/MobileDataStateTracker(  646): default: default setting isAvailable to false
D/MobileDataStateTracker(  646): default: Received state=DISCONNECTED, old=DISCONNECTED, reason=(unspecified)
D/MobileDataStateTracker(  646): fota: Broadcast received: android.intent.action.ANY_DATA_STATE apnType=fota
D/MobileDataStateTracker(  646): fota: fota setting isAvailable to false
D/MobileDataStateTracker(  646): fota: Received state=DISCONNECTED, old=DISCONNECTED, reason=dataAttached
D/MobileDataStateTracker(  646): dun: Broadcast received: android.intent.action.ANY_DATA_STATE apnType=dun
D/MobileDataStateTracker(  646): dun: dun setting isAvailable to false
D/MobileDataStateTracker(  646): dun: Received state=DISCONNECTED, old=DISCONNECTED, reason=dataAttached
D/MobileDataStateTracker(  646): supl: Broadcast received: android.intent.action.ANY_DATA_STATE apnType=supl
D/MobileDataStateTracker(  646): supl: supl setting isAvailable to false
D/MobileDataStateTracker(  646): supl: Received state=DISCONNECTED, old=DISCONNECTED, reason=dataAttached
D/MobileDataStateTracker(  646): hipri: Broadcast received: android.intent.action.ANY_DATA_STATE apnType=hipri
D/MobileDataStateTracker(  646): hipri: hipri setting isAvailable to false
D/MobileDataStateTracker(  646): hipri: Received state=DISCONNECTED, old=DISCONNECTED, reason=dataAttached
D/MobileDataStateTracker(  646): ims: Broadcast received: android.intent.action.ANY_DATA_STATE apnType=ims
D/MobileDataStateTracker(  646): ims: ims setting isAvailable to false
D/MobileDataStateTracker(  646): ims: Received state=DISCONNECTED, old=DISCONNECTED, reason=dataAttached
D/MobileDataStateTracker(  646): mms: Broadcast received: android.intent.action.ANY_DATA_STATE apnType=mms
D/MobileDataStateTracker(  646): mms: mms setting isAvailable to false
D/MobileDataStateTracker(  646): mms: Received state=DISCONNECTED, old=DISCONNECTED, reason=dataAttached
D/MobileDataStateTracker(  646): cbs: Broadcast received: android.intent.action.ANY_DATA_STATE apnType=cbs
D/MobileDataStateTracker(  646): cbs: cbs setting isAvailable to false
D/MobileDataStateTracker(  646): cbs: Received state=DISCONNECTED, old=DISCONNECTED, reason=dataAttached
D/MobileDataStateTracker(  646): fota: Broadcast received: android.intent.action.ANY_DATA_STATE apnType=fota
D/MobileDataStateTracker(  646): fota: fota setting isAvailable to false
D/MobileDataStateTracker(  646): fota: Received state=DISCONNECTED, old=DISCONNECTED, reason=dataAttached
D/MobileDataStateTracker(  646): dun: Broadcast received: android.intent.action.ANY_DATA_STATE apnType=dun
D/MobileDataStateTracker(  646): dun: dun setting isAvailable to false
D/MobileDataStateTracker(  646): dun: Received state=DISCONNECTED, old=DISCONNECTED, reason=dataAttached
D/MobileDataStateTracker(  646): supl: Broadcast received: android.intent.action.ANY_DATA_STATE apnType=supl
D/MobileDataStateTracker(  646): supl: supl setting isAvailable to false
D/MobileDataStateTracker(  646): supl: Received state=DISCONNECTED, old=DISCONNECTED, reason=dataAttached
D/MobileDataStateTracker(  646): hipri: Broadcast received: android.intent.action.ANY_DATA_STATE apnType=hipri
D/MobileDataStateTracker(  646): hipri: hipri setting isAvailable to false
D/MobileDataStateTracker(  646): hipri: Received state=DISCONNECTED, old=DISCONNECTED, reason=dataAttached
D/MobileDataStateTracker(  646): ims: Broadcast received: android.intent.action.ANY_DATA_STATE apnType=ims
D/MobileDataStateTracker(  646): ims: ims setting isAvailable to false
D/MobileDataStateTracker(  646): ims: Received state=DISCONNECTED, old=DISCONNECTED, reason=dataAttached
D/MobileDataStateTracker(  646): mms: Broadcast received: android.intent.action.ANY_DATA_STATE apnType=mms
D/MobileDataStateTracker(  646): mms: mms setting isAvailable to false
D/MobileDataStateTracker(  646): mms: Received state=DISCONNECTED, old=DISCONNECTED, reason=dataAttached
D/MobileDataStateTracker(  646): cbs: Broadcast received: android.intent.action.ANY_DATA_STATE apnType=cbs
D/MobileDataStateTracker(  646): cbs: cbs setting isAvailable to false
D/MobileDataStateTracker(  646): cbs: Received state=DISCONNECTED, old=DISCONNECTED, reason=dataAttached
I/BootReceiver(  646): Copying audit failures to DropBox
I/BootReceiver(  646): Copied 0 worth of audits to DropBox
I/ActivityManager(  646): Start proc android.process.media for content provider com.android.providers.downloads/.DownloadProvider: pid=2469 uid=10019 gids={50019, 1015, 1023, 1024, 1028, 2001, 3003, 3007}
I/ActivityManager(  646): Start proc com.cyanogenmod.updater for broadcast com.cyanogenmod.updater/.receiver.UpdateCheckReceiver: pid=2484 uid=10007 gids={50007, 3003, 1015, 2001, 1028}
I/ActivityManager(  646): No longer want com.sand.airdroid (pid 2141): empty #17
I/ActivityManager(  646): Start proc com.android.providers.calendar for broadcast com.android.providers.calendar/.CalendarReceiver: pid=2502 uid=10011 gids={50011, 3003, 1015, 1028}
I/ActivityManager(  646): No longer want com.google.android.gsf.login (pid 1795): empty #17
I/ActivityManager(  646): Start proc com.android.cellbroadcastreceiver for broadcast com.android.cellbroadcastreceiver/.CellBroadcastReceiver: pid=2525 uid=10012 gids={50012, 1028}
I/ActivityManager(  646): Start proc com.android.deskclock for broadcast com.android.deskclock/.AlarmInitReceiver: pid=2539 uid=10016 gids={50016, 1028, 3003}
I/ActivityManager(  646): No longer want com.sand.airdroid:push (pid 2126): empty #17
I/ActivityManager(  646): Start proc com.android.email for broadcast com.android.email/.service.EmailBroadcastReceiver: pid=2561 uid=10020 gids={50020, 3003, 1015, 1028}
I/ActivityManager(  646): Start proc com.android.exchange for service com.android.exchange/.ExchangeService: pid=2578 uid=10021 gids={50021, 3003, 1015, 1028}
W/ActivityManager(  646): Unable to start service Intent { act=com.google.android.gms.analytics.service.START (has extras) } U=0: not found
W/ActivityManager(  646): Unable to start service Intent { cmp=com.android.email/.service.AttachmentDownloadService } U=0: not found
W/ActivityManager(  646): Unable to start service Intent { cmp=com.android.email/.service.AttachmentDownloadService } U=0: not found
W/ActivityManager(  646): Unable to start service Intent { cmp=com.android.email/.service.AttachmentDownloadService } U=0: not found
I/ActivityManager(  646): Start proc com.android.mms for broadcast com.android.mms/.transaction.MmsSystemEventReceiver: pid=2618 uid=10031 gids={50031, 3003, 1015, 1028}
D/CountryDetector(  646): The first listener is added
I/ActivityManager(  646): No longer want pl.solidexplorer (pid 2173): empty #17
I/ActivityManager(  646): Start proc com.android.onetimeinitializer for broadcast com.android.onetimeinitializer/.OneTimeInitializerReceiver: pid=2651 uid=10033 gids={50033, 1028}
I/ActivityManager(  646): Start proc com.android.settings for broadcast com.android.settings/.cmstats.ReportingServiceManager: pid=2667 uid=1000 gids={41000, 1015, 1028, 3002, 3001, 3003, 3007}
I/ActivityManager(  646): No longer want pl.solidexplorer.unlocker (pid 2192): empty #17
I/ActivityManager(  646): No longer want com.google.android.youtube (pid 2207): empty #17
I/ActivityManager(  646): No longer want com.lsdroid.cerberus (pid 2258): empty #17
I/ActivityManager(  646): Start proc com.android.voicedialer for broadcast com.android.voicedialer/.VoiceDialerReceiver: pid=2685 uid=10048 gids={50048, 3002, 1028}
I/ActivityManager(  646): Start proc org.cyanogenmod.voiceplus for broadcast org.cyanogenmod.voiceplus/.PackageChangeReceiver: pid=2698 uid=10049 gids={50049, 3003, 1028}
I/ActivityManager(  646): No longer want com.amazon.venezia (pid 2287): empty #17
I/ActivityManager(  646): No longer want com.antutu.ABenchMark (pid 2274): empty #18
I/ActivityManager(  646): No longer want com.devhd.feedly (pid 2332): empty #17
I/ActivityManager(  646): Start proc com.google.android.configupdater for broadcast com.google.android.configupdater/.CertPin.CertPinUpdateRequestReceiver: pid=2712 uid=10052 gids={50052, 3003, 2001, 1028}
I/ActivityManager(  646): No longer want com.android.dialer (pid 2386): empty #17
I/ActivityManager(  646): Start proc com.google.android.apps.genie.geniewidget for broadcast com.google.android.apps.genie.geniewidget/.miniwidget.MiniWidgetProvider: pid=2736 uid=10053 gids={50053, 3003, 1015, 1028}
I/ActivityManager(  646): No longer want android.process.acore (pid 2159): empty #17
I/ActivityManager(  646): Start proc android.process.acore for content provider com.android.providers.contacts/.ContactsProvider2: pid=2749 uid=10001 gids={50001, 3003, 1015, 1028}
I/ActivityManager(  646): No longer want com.quoord.tapatalkHD (pid 2402): empty #17
I/ActivityManager(  646): No longer want com.eolwral.osmonitor (pid 2422): empty #17
I/ActivityManager(  646): Start proc com.google.android.onetimeinitializer for broadcast com.google.android.onetimeinitializer/.OneTimeInitializerReceiver: pid=2771 uid=10058 gids={50058, 1028}
W/ActivityThread( 2618): Content provider com.android.providers.contacts.ContactsProvider2 already published as contacts
W/ActivityThread( 2618): Content provider com.android.providers.contacts.ContactsProvider2 already published as com.android.contacts
I/ActivityManager(  646): Start proc com.google.android.partnersetup for broadcast com.google.android.partnersetup/.GooglePartnerSetup: pid=2789 uid=10059 gids={50059, 3003, 1028}
I/ActivityManager(  646): Start proc com.google.android.gm for broadcast com.google.android.gm/.GoogleMailDeviceStartupReceiver: pid=2811 uid=10054 gids={50054, 3003, 1015, 1028}
D/ActivityThread( 2811): Loading provider com.android.gmail.ui: com.google.android.gm.provider.GmailProvider
I/ActivityManager(  646): Start proc com.google.android.gsf.login for service com.google.android.gsf.login/com.google.android.gsf.loginservice.GoogleLoginService: pid=2830 uid=10038 gids={50038, 3003, 1007, 1028, 1015, 1006, 2001, 3006}
I/ActivityManager(  646): No longer want com.cyanogenmod.updater (pid 2484): empty #17
I/ActivityManager(  646): No longer want com.cyanogenmod.account (pid 2438): empty #17
W/ActivityThread( 2618): Content provider com.android.providers.contacts.ContactsProvider2 already published as contacts
W/ActivityThread( 2618): Content provider com.android.providers.contacts.ContactsProvider2 already published as com.android.contacts
I/ActivityManager(  646): Start proc com.google.android.gms for service com.google.android.gms/.icing.impl.IndexService: pid=2847 uid=10038 gids={50038, 3003, 1007, 1028, 1015, 1006, 2001, 3006}
I/ActivityManager(  646): No longer want com.android.providers.calendar (pid 2502): empty #17
I/ActivityManager(  646): No longer want com.android.cellbroadcastreceiver (pid 2525): empty #17
I/ActivityManager(  646): Start proc com.android.vending for broadcast com.android.vending/com.google.android.finsky.receivers.BootCompletedReceiver: pid=2867 uid=10064 gids={50064, 3003, 1015, 1028}
W/ActivityThread( 2618): Content provider com.android.providers.contacts.ContactsProvider2 already published as contacts
W/ActivityThread( 2618): Content provider com.android.providers.contacts.ContactsProvider2 already published as com.android.contacts
W/ActivityThread( 2618): Content provider com.android.providers.contacts.ContactsProvider2 already published as contacts
W/ActivityThread( 2618): Content provider com.android.providers.contacts.ContactsProvider2 already published as com.android.contacts
W/ActivityThread( 2618): Content provider com.android.providers.contacts.ContactsProvider2 already published as contacts
W/ActivityThread( 2618): Content provider com.android.providers.contacts.ContactsProvider2 already published as com.android.contacts
I/ActivityManager(  646): No longer want com.android.deskclock (pid 2539): empty #17
W/ActivityThread( 2618): Content provider com.android.providers.contacts.ContactsProvider2 already published as contacts
W/ActivityThread( 2618): Content provider com.android.providers.contacts.ContactsProvider2 already published as com.android.contacts
D/ConnectivityService(  646): captivePortalCheckCompleted: ni=NetworkInfo: type: WIFI[], state: CONNECTED/CONNECTED, reason: (unspecified), extra: "ASUS", roaming: false, failover: false, isAvailable: true, isConnectedToProvisioningNetwork: false captive=false
D/ConnectivityService(  646): setProvNotificationVisible: E visible=false networkType=-1 extraInfo=null url=null
I/ActivityManager(  646): Start proc com.google.android.googlequicksearchbox for broadcast com.google.android.googlequicksearchbox/com.google.android.searchcommon.StartUpReceiver: pid=2929 uid=10065 gids={50065, 3003, 1028, 3002, 1015}
W/ActivityThread( 2618): Content provider com.android.providers.contacts.ContactsProvider2 already published as contacts
W/ActivityThread( 2618): Content provider com.android.providers.contacts.ContactsProvider2 already published as com.android.contacts
I/ActivityManager(  646): Start proc com.google.android.keep for broadcast com.google.android.keep/.notification.AlertReceiver: pid=2960 uid=10082 gids={50082, 3003, 1015, 1028}
I/ActivityManager(  646): No longer want com.cyanogenmod.lockclock (pid 1375): empty #17
D/PhoneStatusBar( 1196): disable: < expand icons alerts ticker system_info BACK HOME recent* CLOCK search >
D/PhoneStatusBar( 1196): disable: < expand icons alerts ticker system_info back* home* recent clock* search >
I/ActivityManager(  646): Start proc com.android.providers.calendar for content provider com.android.providers.calendar/.CalendarProvider2: pid=2996 uid=10011 gids={50011, 3003, 1015, 1028}
I/ActivityManager(  646): Start proc net.tsapps.appsales for broadcast net.tsapps.appsales/.notificationservice.BootReciever: pid=3020 uid=10086 gids={50086, 3003, 1015, 1028}
I/ActivityManager(  646): Start proc com.google.android.youtube for broadcast com.google.android.youtube/com.google.android.apps.youtube.core.transfer.DownloadService$BootReceiver: pid=3041 uid=10100 gids={50100, 3003, 1015, 1006, 1028}
W/ActivityThread( 2618): Content provider com.android.providers.contacts.ContactsProvider2 already published as contacts
W/ActivityThread( 2618): Content provider com.android.providers.contacts.ContactsProvider2 already published as com.android.contacts
I/ActivityManager(  646): No longer want com.android.exchange (pid 2578): empty #17
W/ActivityThread( 2618): Content provider com.android.providers.contacts.ContactsProvider2 already published as contacts
W/ActivityThread( 2618): Content provider com.android.providers.contacts.ContactsProvider2 already published as com.android.contacts
W/ActivityThread( 2618): Content provider com.android.providers.contacts.ContactsProvider2 already published as contacts
W/ActivityThread( 2618): Content provider com.android.providers.contacts.ContactsProvider2 already published as com.android.contacts
W/ActivityManager(  646): Unable to start service Intent { act=com.google.android.gms.analytics.service.START (has extras) } U=0: not found
W/ActivityThread( 2618): Content provider com.android.providers.contacts.ContactsProvider2 already published as contacts
W/ActivityThread( 2618): Content provider com.android.providers.contacts.ContactsProvider2 already published as com.android.contacts
W/ActivityThread( 2618): Content provider com.android.providers.contacts.ContactsProvider2 already published as contacts
W/ActivityThread( 2618): Content provider com.android.providers.contacts.ContactsProvider2 already published as com.android.contacts
W/ActivityThread( 2618): Content provider com.android.providers.contacts.ContactsProvider2 already published as contacts
W/ActivityThread( 2618): Content provider com.android.providers.contacts.ContactsProvider2 already published as com.android.contacts
W/ActivityThread( 2618): Content provider com.android.providers.contacts.ContactsProvider2 already published as contacts
W/ActivityThread( 2618): Content provider com.android.providers.contacts.ContactsProvider2 already published as com.android.contacts
I/ActivityManager(  646): Start proc com.lsdroid.cerberus for broadcast com.lsdroid.cerberus/.BootReceiver: pid=3106 uid=10119 gids={50119, 3003, 1015, 1006, 1028}
I/ActivityManager(  646): No longer want com.android.email (pid 2561): empty #17
W/ActivityThread( 2618): Content provider com.android.providers.contacts.ContactsProvider2 already published as contacts
W/ActivityThread( 2618): Content provider com.android.providers.contacts.ContactsProvider2 already published as com.android.contacts
I/ActivityManager(  646): No longer want com.android.mms (pid 2618): empty #17
D/CountryDetector(  646): No listener is left
I/ActivityManager(  646): Start proc com.google.android.talk for broadcast com.google.android.talk/com.google.android.apps.babel.service.BootReceiver: pid=3121 uid=10075 gids={50075, 3003, 1015, 1006, 3002, 1028}
I/ActivityManager(  646): No longer want com.google.android.apps.plus (pid 1767): empty #17
I/ActivityManager(  646): No longer want com.android.onetimeinitializer (pid 2651): empty #17
W/BroadcastQueue(  646): Permission Denial: receiving Intent { act=android.intent.action.BOOT_COMPLETED flg=0x10 (has extras) } to com.google.android.apps.authenticator2/com.google.android.apps.authenticator.seedrotation.SeedRotationService$StartupListener requires android.permission.RECEIVE_BOOT_COMPLETED due to sender null (uid 1000)
I/ActivityManager(  646): No longer want com.android.settings (pid 2667): empty #17
I/ActivityManager(  646): Start proc com.asksven.betterbatterystats_xdaedition for broadcast com.asksven.betterbatterystats_xdaedition/com.asksven.betterbatterystats.handlers.OnBootHandler: pid=3150 uid=10074 gids={50074, 1015, 3003, 3002, 1028}
W/ActivityManager(  646): Unable to start service Intent { act=com.google.android.gms.analytics.service.START (has extras) } U=0: not found
I/ActivityManager(  646): Start proc com.vladlee.blacklistplus.pro for broadcast com.vladlee.blacklistplus.pro/.BootReceiver: pid=3168 uid=10122 gids={50122, 1028}
I/ActivityManager(  646): Start proc com.google.android.maps.mytracks for broadcast com.google.android.maps.mytracks/com.google.android.apps.mytracks.BootReceiver: pid=3188 uid=10087 gids={50087, 3002, 3001, 3003, 1028, 1015}
I/ActivityManager(  646): No longer want com.android.voicedialer (pid 2685): empty #17
I/ActivityManager(  646): Start proc net.dinglisch.android.taskerm for broadcast net.dinglisch.android.taskerm/.ReceiverStaticAlwaysOn: pid=3211 uid=10097 gids={50097, 1015, 1006, 3001, 3002, 3003, 1028}
