V/BackupManagerService(  646): Running a backup pass
V/BackupManagerService(  646): clearing pending backups
V/BackupServiceBinder(  646): doBackup() invoked
V/PerformBackupTask(  646): Beginning backup of 1 targets
D/PerformBackupTask(  646): invokeAgentForBackup on @pm@
V/BackupServiceBinder(  646): doBackup() invoked
D/BackupHelperDispatcher(  646): handling existing helper 'profiles' android.app.backup.AbsoluteFileBackupHelper@95fba928
D/BackupHelperDispatcher(  646): handling existing helper 'wallpaper' android.app.backup.WallpaperBackupHelper@96c581f0
I/PerformBackupTask(  646): no backup data written; not calling transport
D/PerformBackupTask(  646): starting agent for backup of BackupRequest{pkg=android}
D/BackupManagerService(  646): awaiting agent for ApplicationInfo{96066528 android}
D/BackupManagerService(  646): agentConnected pkg=android agent=android.app.backup.BackupAgent$BackupServiceBinder@96008760
I/BackupManagerService(  646): got agent android.app.backup.BackupAgent$BackupServiceBinder@96008760
D/PerformBackupTask(  646): invokeAgentForBackup on android
I/PerformBackupTask(  646): no backup data written; not calling transport
I/PerformBackupTask(  646): Backup pass finished.
I/Dropsync( 2348): Next sync cycle scheduled to run at 2013-10-30 05:10:18+0530
D/GCM     ( 1400): Ignoring attempt to send heartbeat on dead connection.
I/AvailabilitySDK(21328): analyzing venezia submission policies
W/Settings(21328): Setting airplane_mode_on has moved from android.provider.Settings.System to android.provider.Settings.Global, returning read-only value.
D/MobileDataStateTracker(  646): default: setPolicyDataEnable(enabled=true)
I/AvailabilitySDK(21328): looking for venezia measurements to submit...
I/AvailabilitySDK(21328): analyzing maps submission policies
W/Settings(21328): Setting airplane_mode_on has moved from android.provider.Settings.System to android.provider.Settings.Global, returning read-only value.
I/AvailabilitySDK(21328): looking for maps measurements to submit...
I/AvailabilitySDK(21328): analyzing gamelab-custom submission policies
W/Settings(21328): Setting airplane_mode_on has moved from android.provider.Settings.System to android.provider.Settings.Global, returning read-only value.
I/AvailabilitySDK(21328): looking for gamelab-custom measurements to submit...
I/AvailabilitySDK(21328): analyzing venezia-metrics submission policies
W/Settings(21328): Setting airplane_mode_on has moved from android.provider.Settings.System to android.provider.Settings.Global, returning read-only value.
I/AvailabilitySDK(21328): looking for venezia-metrics measurements to submit...
I/AvailabilitySDK(21328): analyzing location-services submission policies
W/Settings(21328): Setting airplane_mode_on has moved from android.provider.Settings.System to android.provider.Settings.Global, returning read-only value.
I/AvailabilitySDK(21328): looking for location-services measurements to submit...
I/AvailabilitySDK(21328): analyzing html5 submission policies
W/Settings(21328): Setting airplane_mode_on has moved from android.provider.Settings.System to android.provider.Settings.Global, returning read-only value.
I/AvailabilitySDK(21328): looking for html5 measurements to submit...
I/AvailabilitySDK(21328): analyzing gamecircle submission policies
W/Settings(21328): Setting airplane_mode_on has moved from android.provider.Settings.System to android.provider.Settings.Global, returning read-only value.
I/AvailabilitySDK(21328): looking for gamecircle measurements to submit...
I/AvailabilitySDK(21328): analyzing zeroes submission policies
W/Settings(21328): Setting airplane_mode_on has moved from android.provider.Settings.System to android.provider.Settings.Global, returning read-only value.
I/AvailabilitySDK(21328): looking for zeroes measurements to submit...
I/AvailabilitySDK(21328): analyzing gamelab submission policies
W/Settings(21328): Setting airplane_mode_on has moved from android.provider.Settings.System to android.provider.Settings.Global, returning read-only value.
I/AvailabilitySDK(21328): looking for gamelab measurements to submit...
I/AvailabilitySDK(21328): analyzing gamecircle-staging submission policies
W/Settings(21328): Setting airplane_mode_on has moved from android.provider.Settings.System to android.provider.Settings.Global, returning read-only value.
I/AvailabilitySDK(21328): looking for gamecircle-staging measurements to submit...
I/AvailabilitySDK(21328): analyzing ad3.report.venezia submission policies
W/Settings(21328): Setting airplane_mode_on has moved from android.provider.Settings.System to android.provider.Settings.Global, returning read-only value.
I/AvailabilitySDK(21328): looking for ad3.report.venezia measurements to submit...
V/AlarmClock(17892): Alarm set for id=1 03:00:00.000/Thu
V/AlarmClock(17892): Setting next alarm string in system to Thu 3:00 AM
V/AlarmClock(17892): AlarmInitReceiver finished
D/AlarmManagerService(  646): Kernel timezone updated to -330 minutes west of GMT
D/SystemClock( 1319): Setting time of day to sec=1383086859
D/m       (14265): insertReminder.....
E/SQLiteDatabase(14265): Error inserting taskId=100000080 lastModifyDate=1383086859144 reminderTime=1383148800000 USER_TYPE=0 isSnoozer=false status=0
E/SQLiteDatabase(14265): android.database.sqlite.SQLiteConstraintException: PRIMARY KEY must be unique (code 19)
E/SQLiteDatabase(14265): 	at android.database.sqlite.SQLiteConnection.nativeExecuteForLastInsertedRowId(Native Method)
E/SQLiteDatabase(14265): 	at android.database.sqlite.SQLiteConnection.executeForLastInsertedRowId(SQLiteConnection.java:782)
E/SQLiteDatabase(14265): 	at android.database.sqlite.SQLiteSession.executeForLastInsertedRowId(SQLiteSession.java:788)
E/SQLiteDatabase(14265): 	at android.database.sqlite.SQLiteStatement.executeInsert(SQLiteStatement.java:86)
E/SQLiteDatabase(14265): 	at android.database.sqlite.SQLiteDatabase.insertWithOnConflict(SQLiteDatabase.java:1469)
E/SQLiteDatabase(14265): 	at android.database.sqlite.SQLiteDatabase.insert(SQLiteDatabase.java:1339)
E/SQLiteDatabase(14265): 	at org.dayup.gtask.b.f.a(Table.java:91)
E/SQLiteDatabase(14265): 	at org.dayup.gtask.data.m.b(Reminder.java:249)
E/SQLiteDatabase(14265): 	at org.dayup.gtask.reminder.AlertService.a(AlertService.java:82)
E/SQLiteDatabase(14265): 	at org.dayup.gtask.reminder.a.handleMessage(AlertService.java:64)
E/SQLiteDatabase(14265): 	at android.os.Handler.dispatchMessage(Handler.java:99)
E/SQLiteDatabase(14265): 	at android.os.Looper.loop(Looper.java:137)
E/SQLiteDatabase(14265): 	at android.os.HandlerThread.run(HandlerThread.java:61)
D/m       (14265): insertReminder.....
E/SQLiteDatabase(14265): Error inserting taskId=100000072 lastModifyDate=1383086859148 reminderTime=1383150600000 USER_TYPE=0 isSnoozer=false status=0
E/SQLiteDatabase(14265): android.database.sqlite.SQLiteConstraintException: PRIMARY KEY must be unique (code 19)
E/SQLiteDatabase(14265): 	at android.database.sqlite.SQLiteConnection.nativeExecuteForLastInsertedRowId(Native Method)
E/SQLiteDatabase(14265): 	at android.database.sqlite.SQLiteConnection.executeForLastInsertedRowId(SQLiteConnection.java:782)
E/SQLiteDatabase(14265): 	at android.database.sqlite.SQLiteSession.executeForLastInsertedRowId(SQLiteSession.java:788)
E/SQLiteDatabase(14265): 	at android.database.sqlite.SQLiteStatement.executeInsert(SQLiteStatement.java:86)
E/SQLiteDatabase(14265): 	at android.database.sqlite.SQLiteDatabase.insertWithOnConflict(SQLiteDatabase.java:1469)
E/SQLiteDatabase(14265): 	at android.database.sqlite.SQLiteDatabase.insert(SQLiteDatabase.java:1339)
E/SQLiteDatabase(14265): 	at org.dayup.gtask.b.f.a(Table.java:91)
E/SQLiteDatabase(14265): 	at org.dayup.gtask.data.m.b(Reminder.java:249)
E/SQLiteDatabase(14265): 	at org.dayup.gtask.reminder.AlertService.a(AlertService.java:82)
E/SQLiteDatabase(14265): 	at org.dayup.gtask.reminder.a.handleMessage(AlertService.java:64)
E/SQLiteDatabase(14265): 	at android.os.Handler.dispatchMessage(Handler.java:99)
E/SQLiteDatabase(14265): 	at android.os.Looper.loop(Looper.java:137)
E/SQLiteDatabase(14265): 	at android.os.HandlerThread.run(HandlerThread.java:61)
D/m       (14265): insertReminder.....
E/SQLiteDatabase(14265): Error inserting taskId=100000066 lastModifyDate=1383086859152 reminderTime=1383150600000 USER_TYPE=0 isSnoozer=false status=0
E/SQLiteDatabase(14265): android.database.sqlite.SQLiteConstraintException: PRIMARY KEY must be unique (code 19)
E/SQLiteDatabase(14265): 	at android.database.sqlite.SQLiteConnection.nativeExecuteForLastInsertedRowId(Native Method)
E/SQLiteDatabase(14265): 	at android.database.sqlite.SQLiteConnection.executeForLastInsertedRowId(SQLiteConnection.java:782)
E/SQLiteDatabase(14265): 	at android.database.sqlite.SQLiteSession.executeForLastInsertedRowId(SQLiteSession.java:788)
E/SQLiteDatabase(14265): 	at android.database.sqlite.SQLiteStatement.executeInsert(SQLiteStatement.java:86)
E/SQLiteDatabase(14265): 	at android.database.sqlite.SQLiteDatabase.insertWithOnConflict(SQLiteDatabase.java:1469)
E/SQLiteDatabase(14265): 	at android.database.sqlite.SQLiteDatabase.insert(SQLiteDatabase.java:1339)
E/SQLiteDatabase(14265): 	at org.dayup.gtask.b.f.a(Table.java:91)
E/SQLiteDatabase(14265): 	at org.dayup.gtask.data.m.b(Reminder.java:249)
E/SQLiteDatabase(14265): 	at org.dayup.gtask.reminder.AlertService.a(AlertService.java:82)
E/SQLiteDatabase(14265): 	at org.dayup.gtask.reminder.a.handleMessage(AlertService.java:64)
E/SQLiteDatabase(14265): 	at android.os.Handler.dispatchMessage(Handler.java:99)
E/SQLiteDatabase(14265): 	at android.os.Looper.loop(Looper.java:137)
E/SQLiteDatabase(14265): 	at android.os.HandlerThread.run(HandlerThread.java:61)
D/m       (14265): insertReminder.....
E/SQLiteDatabase(14265): Error inserting taskId=100000103 lastModifyDate=1383086859156 reminderTime=1383150600000 USER_TYPE=0 isSnoozer=false status=0
E/SQLiteDatabase(14265): android.database.sqlite.SQLiteConstraintException: PRIMARY KEY must be unique (code 19)
E/SQLiteDatabase(14265): 	at android.database.sqlite.SQLiteConnection.nativeExecuteForLastInsertedRowId(Native Method)
E/SQLiteDatabase(14265): 	at android.database.sqlite.SQLiteConnection.executeForLastInsertedRowId(SQLiteConnection.java:782)
E/SQLiteDatabase(14265): 	at android.database.sqlite.SQLiteSession.executeForLastInsertedRowId(SQLiteSession.java:788)
E/SQLiteDatabase(14265): 	at android.database.sqlite.SQLiteStatement.executeInsert(SQLiteStatement.java:86)
E/SQLiteDatabase(14265): 	at android.database.sqlite.SQLiteDatabase.insertWithOnConflict(SQLiteDatabase.java:1469)
E/SQLiteDatabase(14265): 	at android.database.sqlite.SQLiteDatabase.insert(SQLiteDatabase.java:1339)
E/SQLiteDatabase(14265): 	at org.dayup.gtask.b.f.a(Table.java:91)
E/SQLiteDatabase(14265): 	at org.dayup.gtask.data.m.b(Reminder.java:249)
E/SQLiteDatabase(14265): 	at org.dayup.gtask.reminder.AlertService.a(AlertService.java:82)
E/SQLiteDatabase(14265): 	at org.dayup.gtask.reminder.a.handleMessage(AlertService.java:64)
E/SQLiteDatabase(14265): 	at android.os.Handler.dispatchMessage(Handler.java:99)
E/SQLiteDatabase(14265): 	at android.os.Looper.loop(Looper.java:137)
E/SQLiteDatabase(14265): 	at android.os.HandlerThread.run(HandlerThread.java:61)
D/m       (14265): insertReminder.....
E/SQLiteDatabase(14265): Error inserting taskId=100000071 lastModifyDate=1383086859160 reminderTime=1383152400000 USER_TYPE=0 isSnoozer=false status=0
E/SQLiteDatabase(14265): android.database.sqlite.SQLiteConstraintException: PRIMARY KEY must be unique (code 19)
E/SQLiteDatabase(14265): 	at android.database.sqlite.SQLiteConnection.nativeExecuteForLastInsertedRowId(Native Method)
E/SQLiteDatabase(14265): 	at android.database.sqlite.SQLiteConnection.executeForLastInsertedRowId(SQLiteConnection.java:782)
E/SQLiteDatabase(14265): 	at android.database.sqlite.SQLiteSession.executeForLastInsertedRowId(SQLiteSession.java:788)
E/SQLiteDatabase(14265): 	at android.database.sqlite.SQLiteStatement.executeInsert(SQLiteStatement.java:86)
E/SQLiteDatabase(14265): 	at android.database.sqlite.SQLiteDatabase.insertWithOnConflict(SQLiteDatabase.java:1469)
E/SQLiteDatabase(14265): 	at android.database.sqlite.SQLiteDatabase.insert(SQLiteDatabase.java:1339)
E/SQLiteDatabase(14265): 	at org.dayup.gtask.b.f.a(Table.java:91)
E/SQLiteDatabase(14265): 	at org.dayup.gtask.data.m.b(Reminder.java:249)
E/SQLiteDatabase(14265): 	at org.dayup.gtask.reminder.AlertService.a(AlertService.java:82)
E/SQLiteDatabase(14265): 	at org.dayup.gtask.reminder.a.handleMessage(AlertService.java:64)
E/SQLiteDatabase(14265): 	at android.os.Handler.dispatchMessage(Handler.java:99)
E/SQLiteDatabase(14265): 	at android.os.Looper.loop(Looper.java:137)
E/SQLiteDatabase(14265): 	at android.os.HandlerThread.run(HandlerThread.java:61)
D/m       (14265): insertReminder.....
E/SQLiteDatabase(14265): Error inserting taskId=100000080 lastModifyDate=1383086859205 reminderTime=1383148800000 USER_TYPE=0 isSnoozer=false status=0
E/SQLiteDatabase(14265): android.database.sqlite.SQLiteConstraintException: PRIMARY KEY must be unique (code 19)
E/SQLiteDatabase(14265): 	at android.database.sqlite.SQLiteConnection.nativeExecuteForLastInsertedRowId(Native Method)
E/SQLiteDatabase(14265): 	at android.database.sqlite.SQLiteConnection.executeForLastInsertedRowId(SQLiteConnection.java:782)
E/SQLiteDatabase(14265): 	at android.database.sqlite.SQLiteSession.executeForLastInsertedRowId(SQLiteSession.java:788)
E/SQLiteDatabase(14265): 	at android.database.sqlite.SQLiteStatement.executeInsert(SQLiteStatement.java:86)
E/SQLiteDatabase(14265): 	at android.database.sqlite.SQLiteDatabase.insertWithOnConflict(SQLiteDatabase.java:1469)
E/SQLiteDatabase(14265): 	at android.database.sqlite.SQLiteDatabase.insert(SQLiteDatabase.java:1339)
E/SQLiteDatabase(14265): 	at org.dayup.gtask.b.f.a(Table.java:91)
E/SQLiteDatabase(14265): 	at org.dayup.gtask.data.m.b(Reminder.java:249)
E/SQLiteDatabase(14265): 	at org.dayup.gtask.reminder.AlertService.a(AlertService.java:82)
E/SQLiteDatabase(14265): 	at org.dayup.gtask.reminder.a.handleMessage(AlertService.java:64)
E/SQLiteDatabase(14265): 	at android.os.Handler.dispatchMessage(Handler.java:99)
E/SQLiteDatabase(14265): 	at android.os.Looper.loop(Looper.java:137)
E/SQLiteDatabase(14265): 	at android.os.HandlerThread.run(HandlerThread.java:61)
D/m       (14265): insertReminder.....
E/SQLiteDatabase(14265): Error inserting taskId=100000072 lastModifyDate=1383086859209 reminderTime=1383150600000 USER_TYPE=0 isSnoozer=false status=0
E/SQLiteDatabase(14265): android.database.sqlite.SQLiteConstraintException: PRIMARY KEY must be unique (code 19)
E/SQLiteDatabase(14265): 	at android.database.sqlite.SQLiteConnection.nativeExecuteForLastInsertedRowId(Native Method)
E/SQLiteDatabase(14265): 	at android.database.sqlite.SQLiteConnection.executeForLastInsertedRowId(SQLiteConnection.java:782)
E/SQLiteDatabase(14265): 	at android.database.sqlite.SQLiteSession.executeForLastInsertedRowId(SQLiteSession.java:788)
E/SQLiteDatabase(14265): 	at android.database.sqlite.SQLiteStatement.executeInsert(SQLiteStatement.java:86)
E/SQLiteDatabase(14265): 	at android.database.sqlite.SQLiteDatabase.insertWithOnConflict(SQLiteDatabase.java:1469)
E/SQLiteDatabase(14265): 	at android.database.sqlite.SQLiteDatabase.insert(SQLiteDatabase.java:1339)
E/SQLiteDatabase(14265): 	at org.dayup.gtask.b.f.a(Table.java:91)
E/SQLiteDatabase(14265): 	at org.dayup.gtask.data.m.b(Reminder.java:249)
E/SQLiteDatabase(14265): 	at org.dayup.gtask.reminder.AlertService.a(AlertService.java:82)
E/SQLiteDatabase(14265): 	at org.dayup.gtask.reminder.a.handleMessage(AlertService.java:64)
E/SQLiteDatabase(14265): 	at android.os.Handler.dispatchMessage(Handler.java:99)
E/SQLiteDatabase(14265): 	at android.os.Looper.loop(Looper.java:137)
E/SQLiteDatabase(14265): 	at android.os.HandlerThread.run(HandlerThread.java:61)
D/m       (14265): insertReminder.....
E/SQLiteDatabase(14265): Error inserting taskId=100000066 lastModifyDate=1383086859213 reminderTime=1383150600000 USER_TYPE=0 isSnoozer=false status=0
E/SQLiteDatabase(14265): android.database.sqlite.SQLiteConstraintException: PRIMARY KEY must be unique (code 19)
E/SQLiteDatabase(14265): 	at android.database.sqlite.SQLiteConnection.nativeExecuteForLastInsertedRowId(Native Method)
E/SQLiteDatabase(14265): 	at android.database.sqlite.SQLiteConnection.executeForLastInsertedRowId(SQLiteConnection.java:782)
E/SQLiteDatabase(14265): 	at android.database.sqlite.SQLiteSession.executeForLastInsertedRowId(SQLiteSession.java:788)
E/SQLiteDatabase(14265): 	at android.database.sqlite.SQLiteStatement.executeInsert(SQLiteStatement.java:86)
E/SQLiteDatabase(14265): 	at android.database.sqlite.SQLiteDatabase.insertWithOnConflict(SQLiteDatabase.java:1469)
E/SQLiteDatabase(14265): 	at android.database.sqlite.SQLiteDatabase.insert(SQLiteDatabase.java:1339)
E/SQLiteDatabase(14265): 	at org.dayup.gtask.b.f.a(Table.java:91)
E/SQLiteDatabase(14265): 	at org.dayup.gtask.data.m.b(Reminder.java:249)
E/SQLiteDatabase(14265): 	at org.dayup.gtask.reminder.AlertService.a(AlertService.java:82)
E/SQLiteDatabase(14265): 	at org.dayup.gtask.reminder.a.handleMessage(AlertService.java:64)
E/SQLiteDatabase(14265): 	at android.os.Handler.dispatchMessage(Handler.java:99)
E/SQLiteDatabase(14265): 	at android.os.Looper.loop(Looper.java:137)
E/SQLiteDatabase(14265): 	at android.os.HandlerThread.run(HandlerThread.java:61)
D/m       (14265): insertReminder.....
E/SQLiteDatabase(14265): Error inserting taskId=100000103 lastModifyDate=1383086859217 reminderTime=1383150600000 USER_TYPE=0 isSnoozer=false status=0
E/SQLiteDatabase(14265): android.database.sqlite.SQLiteConstraintException: PRIMARY KEY must be unique (code 19)
E/SQLiteDatabase(14265): 	at android.database.sqlite.SQLiteConnection.nativeExecuteForLastInsertedRowId(Native Method)
E/SQLiteDatabase(14265): 	at android.database.sqlite.SQLiteConnection.executeForLastInsertedRowId(SQLiteConnection.java:782)
E/SQLiteDatabase(14265): 	at android.database.sqlite.SQLiteSession.executeForLastInsertedRowId(SQLiteSession.java:788)
E/SQLiteDatabase(14265): 	at android.database.sqlite.SQLiteStatement.executeInsert(SQLiteStatement.java:86)
E/SQLiteDatabase(14265): 	at android.database.sqlite.SQLiteDatabase.insertWithOnConflict(SQLiteDatabase.java:1469)
E/SQLiteDatabase(14265): 	at android.database.sqlite.SQLiteDatabase.insert(SQLiteDatabase.java:1339)
E/SQLiteDatabase(14265): 	at org.dayup.gtask.b.f.a(Table.java:91)
E/SQLiteDatabase(14265): 	at org.dayup.gtask.data.m.b(Reminder.java:249)
E/SQLiteDatabase(14265): 	at org.dayup.gtask.reminder.AlertService.a(AlertService.java:82)
E/SQLiteDatabase(14265): 	at org.dayup.gtask.reminder.a.handleMessage(AlertService.java:64)
E/SQLiteDatabase(14265): 	at android.os.Handler.dispatchMessage(Handler.java:99)
E/SQLiteDatabase(14265): 	at android.os.Looper.loop(Looper.java:137)
E/SQLiteDatabase(14265): 	at android.os.HandlerThread.run(HandlerThread.java:61)
D/m       (14265): insertReminder.....
E/SQLiteDatabase(14265): Error inserting taskId=100000071 lastModifyDate=1383086859222 reminderTime=1383152400000 USER_TYPE=0 isSnoozer=false status=0
E/SQLiteDatabase(14265): android.database.sqlite.SQLiteConstraintException: PRIMARY KEY must be unique (code 19)
E/SQLiteDatabase(14265): 	at android.database.sqlite.SQLiteConnection.nativeExecuteForLastInsertedRowId(Native Method)
E/SQLiteDatabase(14265): 	at android.database.sqlite.SQLiteConnection.executeForLastInsertedRowId(SQLiteConnection.java:782)
E/SQLiteDatabase(14265): 	at android.database.sqlite.SQLiteSession.executeForLastInsertedRowId(SQLiteSession.java:788)
E/SQLiteDatabase(14265): 	at android.database.sqlite.SQLiteStatement.executeInsert(SQLiteStatement.java:86)
E/SQLiteDatabase(14265): 	at android.database.sqlite.SQLiteDatabase.insertWithOnConflict(SQLiteDatabase.java:1469)
E/SQLiteDatabase(14265): 	at android.database.sqlite.SQLiteDatabase.insert(SQLiteDatabase.java:1339)
E/SQLiteDatabase(14265): 	at org.dayup.gtask.b.f.a(Table.java:91)
E/SQLiteDatabase(14265): 	at org.dayup.gtask.data.m.b(Reminder.java:249)
E/SQLiteDatabase(14265): 	at org.dayup.gtask.reminder.AlertService.a(AlertService.java:82)
E/SQLiteDatabase(14265): 	at org.dayup.gtask.reminder.a.handleMessage(AlertService.java:64)
E/SQLiteDatabase(14265): 	at android.os.Handler.dispatchMessage(Handler.java:99)
E/SQLiteDatabase(14265): 	at android.os.Looper.loop(Looper.java:137)
E/SQLiteDatabase(14265): 	at android.os.HandlerThread.run(HandlerThread.java:61)
E/KeepSync(17909): IOException
E/KeepSync(17909): java.io.EOFException
E/KeepSync(17909): 	at libcore.io.Streams.readAsciiLine(Streams.java:203)
E/KeepSync(17909): 	at libcore.net.http.HttpEngine.readResponseHeaders(HttpEngine.java:579)
E/KeepSync(17909): 	at libcore.net.http.HttpEngine.readResponse(HttpEngine.java:827)
E/KeepSync(17909): 	at libcore.net.http.HttpURLConnectionImpl.getResponse(HttpURLConnectionImpl.java:283)
E/KeepSync(17909): 	at libcore.net.http.HttpURLConnectionImpl.getResponseCode(HttpURLConnectionImpl.java:497)
E/KeepSync(17909): 	at libcore.net.http.HttpsURLConnectionImpl.getResponseCode(HttpsURLConnectionImpl.java:134)
E/KeepSync(17909): 	at com.google.api.client.http.javanet.NetHttpResponse.<init>(SourceFile:37)
E/KeepSync(17909): 	at com.google.api.client.http.javanet.NetHttpRequest.execute(SourceFile:94)
E/KeepSync(17909): 	at com.google.api.client.http.HttpRequest.execute(SourceFile:960)
E/KeepSync(17909): 	at com.google.api.client.googleapis.services.AbstractGoogleClientRequest.executeUnparsed(SourceFile:410)
E/KeepSync(17909): 	at com.google.api.client.googleapis.services.AbstractGoogleClientRequest.executeUnparsed(SourceFile:343)
E/KeepSync(17909): 	at com.google.api.client.googleapis.services.AbstractGoogleClientRequest.execute(SourceFile:460)
E/KeepSync(17909): 	at com.google.android.keep.c.a(SourceFile:103)
E/KeepSync(17909): 	at com.google.android.keep.syncadapter.MemorySyncAdapter.a(SourceFile:203)
E/KeepSync(17909): 	at com.google.android.keep.syncadapter.MemorySyncAdapter.onPerformSync(SourceFile:146)
E/KeepSync(17909): 	at android.content.AbstractThreadedSyncAdapter$SyncThread.run(AbstractThreadedSyncAdapter.java:257)
W/KeepSync(17909): Sync result 2
D/SyncManager(  646): failed sync operation ashishsony@gmail.com u0 (com.google), com.google.android.keep, LOCAL, earliestRunTime 26252510, reason: 10082, SyncResult: stats [ numIoExceptions: 1]
D/SyncManager(  646): retrying sync operation as a two-way sync because an upload-only sync encountered an error: ashishsony@gmail.com u0 (com.google), com.google.android.keep, LOCAL, earliestRunTime 26252735, reason: 10082
D/GoogleServicesManager( 8784): setState: sync = true, wantedSyncState = true
D/GoogleServicesManager( 8784): Enabling sync
E/kickstart(  617): Wrote to /sys/power/wake_lock
E/kickstart(  617): Received file "/dev/block/platform/msm_sdcc.1/by-name/m9kefs2"
E/kickstart(  617): 786432 bytes transferred in 0.122s (6.14 MBps)
E/kickstart(  617): Successfully downloaded files from target 
E/kickstart(  617): Wrote to /sys/power/wake_unlock
E/kickstart(  617): Sahara protocol completed
D/GoogleServicesManager( 8784): setState: sync = true, wantedSyncState = true
D/GoogleServicesManager( 8784): Enabling sync
I/EventLogService( 1400): Aggregate from 1383085329590 (log), 1383085329590 (data)
I/ServiceDumpSys( 1400): dumping service [account]
W/ProcessStats(  646): Skipping unknown process pid 1300
W/ProcessStats(  646): Skipping unknown process pid 1301
W/ProcessStats(  646): Skipping unknown process pid 1302
W/ProcessStats(  646): Skipping unknown process pid 1303
W/ProcessStats(  646): Skipping unknown process pid 1304
W/ProcessStats(  646): Skipping unknown process pid 1308
W/ProcessStats(  646): Skipping unknown process pid 1318
W/ProcessStats(  646): Skipping unknown process pid 1320
W/ProcessStats(  646): Skipping unknown process pid 1321
W/ProcessStats(  646): Skipping unknown process pid 1323
W/ProcessStats(  646): Skipping unknown process pid 1327
W/ProcessStats(  646): Skipping unknown process pid 1328
W/ProcessStats(  646): Skipping unknown process pid 1329
W/ProcessStats(  646): Skipping unknown process pid 1335
W/ProcessStats(  646): Skipping unknown process pid 1336
D/GCM     ( 1400): Ignoring attempt to send heartbeat on dead connection.
W/ProcessStats(  646): Skipping unknown process pid 2030
I/Dropsync( 2348): Next sync cycle scheduled to run at 2013-10-30 05:10:18+0530
D/GCM     ( 1400): Ignoring attempt to send heartbeat on dead connection.
D/MobileDataStateTracker(  646): default: setPolicyDataEnable(enabled=true)
I/PowerManagerService(  646): Waking up from sleep...
D/SurfaceFlinger(  192): Screen acquired, type=0 flinger=0xb73e4478
D/qdhwcomposer(  192): hwc_blank: Unblanking display: 0
I/WindowManager(  646): Lock screen displayed!
D/qdhwcomposer(  192): hwc_blank: Done unblanking display: 0
D/PhoneApp( 1319): mReceiver: ACTION_SCREEN_OFF / ACTION_SCREEN_ON
D/AccelerometerListener( 1319): enable(false)
W/ActivityManager(  646): getTopActivityExtras failed: no resumed activity
D/audio_hw_primary(  195): adev_set_parameters: enter: screen_state=on
D/audio_hw_primary(  195): adev_set_parameters: exit with code(-2)
I/System.out( 3412): Just caught an IllegalArgumentException...Receiver not registered: com.plexnor.gravityscreenofffree.ar@95cbb9c0
I/ScreenEventHandler(17798): Received Broadcast ACTION_SCREEN_ON
I/EventWatcherService(17798): Received start id 21: Intent { cmp=com.asksven.betterbatterystats_xdaedition/com.asksven.betterbatterystats.services.EventWatcherService }
I/SmallWidgetProvider(17798): onReceive method called, action = 'BBS_WIDGET_UPDATE' at 2013-10-30 04:47:28
I/Dropsync( 2348): Next sync cycle scheduled to run at 2013-10-30 05:10:18+0530
I/Dropsync( 2348): Next sync cycle scheduled to run at 2013-10-30 05:10:18+0530
I/PowerManagerService(  646): Going to sleep due to screen timeout...
D/SurfaceFlinger(  192): Screen released, type=0 flinger=0xb73e4478
D/qdhwcomposer(  192): hwc_blank: Blanking display: 0
D/qdhwcomposer(  192): hwc_blank: Done blanking display: 0
D/SurfaceControl(  646): Excessive delay in blankDisplay() while turning screen off: 192ms
D/PhoneApp( 1319): mReceiver: ACTION_SCREEN_OFF / ACTION_SCREEN_ON
D/AccelerometerListener( 1319): enable(false)
D/audio_hw_primary(  195): adev_set_parameters: enter: screen_state=off
D/audio_hw_primary(  195): adev_set_parameters: exit with code(-2)
D/BackupManagerService(  646): Now staging backup of android
I/ScreenEventHandler(17798): Received Broadcast ACTION_SCREEN_OFF
I/EventWatcherService(17798): Received start id 22: Intent { cmp=com.asksven.betterbatterystats_xdaedition/com.asksven.betterbatterystats.services.EventWatcherService }
W/IdleConnectionHandler(21328): Removing a connection that never existed!
I/WriteScreenOffReferenceService(17798): Called at 2013-10-30 04:48:02
D/Globals (17798): Wakelock BBS_WAKELOCK_WHILE_SAVING_REF aquired
V/KeyguardHostView(  646): hide transport, gen:26
V/KeyguardHostView(  646): music state changed: 2
I/Choreographer(  646): Skipped 37 frames!  The application may be doing too much work on its main thread.
D/StatsProvider(17798): Added Deep sleep:5 h 58 m 3 s  (21483 s) Ratio: 76.6%
I/StatsProvider(17798): rawRealtime = 28046173000
I/StatsProvider(17798): whichRealtime = 13532971
I/StatsProvider(17798): Trace: Calling root operations2013-10-30 04:48:02
I/AlarmsDumpsys(17798): getAlarms: SDK=18, RELEASE=4.3.1
D/dalvikvm(  646): JIT code cache reset in 1 ms (1048336 bytes 5/0)
I/StatsProvider(17798): Trace: Finished root operations2013-10-30 04:48:03
I/ReferenceStore(17798): Serializing reference ref_screen_off
D/Globals (17798): Wakelock BBS_WAKELOCK_WHILE_SAVING_REF released
E/WriteScreenOffReferenceService(17798): Destroyed at2013-10-30 04:48:03
I/SmallWidgetProvider(17798): onReceive method called, action = 'BBS_WIDGET_UPDATE' at 2013-10-30 04:48:03
I/ReferenceStore(17798): Saved ref ref_screen_off
W/ProcessStats(  646): Skipping unknown process pid 9010
W/ProcessStats(  646): Skipping unknown process pid 9011
W/ProcessStats(  646): Skipping unknown process pid 9012
W/ProcessStats(  646): Skipping unknown process pid 9013
W/ProcessStats(  646): Skipping unknown process pid 9014
I/qtaguid (24543): Failed write_ctrl(u 46) res=-1 errno=22
I/qtaguid (24543): Untagging socket 46 failed errno=-22
W/NetworkManagementSocketTagger(24543): untagSocket(46) failed with errno -22
I/cka     (24543): I/O exception (org.apache.http.NoHttpResponseException) caught when processing request: The target server failed to respond
I/cka     (24543): Retrying request
I/eph     ( 8626): I/O exception (org.apache.http.NoHttpResponseException) caught when processing request: The target server failed to respond
I/eph     ( 8626): Retrying request
I/qtaguid (24543): Failed write_ctrl(u 46) res=-1 errno=22
I/qtaguid (24543): Untagging socket 46 failed errno=-22
W/NetworkManagementSocketTagger(24543): untagSocket(46) failed with errno -22
D/Volley  (24543): [849] jn.a: HTTP response for request=<[ ] https://www.googleapis.com/batch 0x30b75e1c NORMAL 8> [lifetime=3327], [size=18659], [rc=200], [retryCount=0]
D/Volley  (24543): [1] ix.b: 3426 ms: [ ] https://www.googleapis.com/batch 0x30b75e1c NORMAL 8
I/qtaguid (24543): Failed write_ctrl(u 46) res=-1 errno=22
I/qtaguid (24543): Untagging socket 46 failed errno=-22
W/NetworkManagementSocketTagger(24543): untagSocket(46) failed with errno -22
E/HttpTransaction(24543): Failed to find the apiHeader field on an http request, this should not happen.
E/HttpTransaction(24543): java.lang.NoSuchFieldException: apiHeader
E/HttpTransaction(24543): 	at java.lang.Class.getField(Class.java:673)
E/HttpTransaction(24543): 	at lf.i(ProGuard:180)
E/HttpTransaction(24543): 	at lf.e(ProGuard:139)
E/HttpTransaction(24543): 	at ayw.h(ProGuard:67)
E/HttpTransaction(24543): 	at jq.a(ProGuard:73)
E/HttpTransaction(24543): 	at jn.a(ProGuard:93)
E/HttpTransaction(24543): 	at it.run(ProGuard:105)
I/qtaguid (24543): Failed write_ctrl(u 46) res=-1 errno=22
I/qtaguid (24543): Untagging socket 46 failed errno=-22
W/NetworkManagementSocketTagger(24543): untagSocket(46) failed with errno -22
I/qtaguid (24543): Failed write_ctrl(u 46) res=-1 errno=22
I/qtaguid (24543): Untagging socket 46 failed errno=-22
W/NetworkManagementSocketTagger(24543): untagSocket(46) failed with errno -22
I/qtaguid (24543): Failed write_ctrl(u 46) res=-1 errno=22
I/qtaguid (24543): Untagging socket 46 failed errno=-22
W/NetworkManagementSocketTagger(24543): untagSocket(46) failed with errno -22
I/qtaguid (24543): Failed write_ctrl(u 46) res=-1 errno=22
I/qtaguid (24543): Untagging socket 46 failed errno=-22
W/NetworkManagementSocketTagger(24543): untagSocket(46) failed with errno -22
I/EventLogService( 1400): Aggregate from 1383087130032 (log), 1383087130032 (data)
I/ServiceDumpSys( 1400): dumping service [account]
I/PowerManagerService(  646): Waking up from sleep...
D/SurfaceFlinger(  192): Screen acquired, type=0 flinger=0xb73e4478
D/qdhwcomposer(  192): hwc_blank: Unblanking display: 0
I/WindowManager(  646): Lock screen displayed!
I/Dropsync( 2348): Next sync cycle scheduled to run at 2013-10-30 05:10:18+0530
D/qdhwcomposer(  192): hwc_blank: Done unblanking display: 0
D/PhoneApp( 1319): mReceiver: ACTION_SCREEN_OFF / ACTION_SCREEN_ON
D/AccelerometerListener( 1319): enable(false)
W/ActivityManager(  646): getTopActivityExtras failed: no resumed activity
D/audio_hw_primary(  195): adev_set_parameters: enter: screen_state=on
D/audio_hw_primary(  195): adev_set_parameters: exit with code(-2)
I/System.out( 3412): Just caught an IllegalArgumentException...Receiver not registered: com.plexnor.gravityscreenofffree.ar@95cbb9c0
I/ScreenEventHandler(17798): Received Broadcast ACTION_SCREEN_ON
I/EventWatcherService(17798): Received start id 23: Intent { cmp=com.asksven.betterbatterystats_xdaedition/com.asksven.betterbatterystats.services.EventWatcherService }
I/SmallWidgetProvider(17798): onReceive method called, action = 'BBS_WIDGET_UPDATE' at 2013-10-30 04:55:30
D/audio_hw_primary(  195): start_output_stream: enter: usecase(1: low-latency-playback) devices(0x2)
D/audio_hw_primary(  195): select_devices: out_snd_device(2: speaker) in_snd_device(0: none)
D/audio_hw_primary(  195): enable_snd_device: sending audio calibration for snd_device(2) acdb_id(14)
D/ACDB-LOADER(  195): ACDB -> send_afe_cal
D/audio_hw_primary(  195): enable_snd_device: snd_device(2: speaker)
D/audio_hw_primary(  195): enable_audio_route: apply mixer path: low-latency-playback
D/PhoneStatusBar( 1196): disable: < expand icons alerts ticker system_info BACK HOME recent* CLOCK search >
D/audio_hw_primary(  195): start_output_stream: exit
I/ScreenEventHandler(17798): Received Broadcast ACTION_USER_PRESENT
D/PhoneStatusBar( 1196): disable: < expand icons alerts ticker system_info back* home* recent clock* search >
I/EventWatcherService(17798): Received start id 24: Intent { cmp=com.asksven.betterbatterystats_xdaedition/com.asksven.betterbatterystats.services.EventWatcherService }
I/WatchdogProcessingService(17798): Called at 2013-10-30 04:55:31
I/ActivityManager(  646): Start proc com.teslacoilsw.notifier for service com.teslacoilsw.notifier/.NotificationService: pid=9723 uid=10098 gids={50098, 1028}
I/WriteScreenOnReferenceService(17798): Called at 2013-10-30 04:55:31
D/Globals (17798): Wakelock BBS_WAKELOCK_WHILE_SAVING_REF aquired
I/ActivityManager(  646): Start proc com.google.android.gm for content provider com.google.android.gm/.provider.PublicContentProvider: pid=9761 uid=10054 gids={50054, 3003, 1015, 1028}
D/StatsProvider(17798): Added Deep sleep:6 h 4 m 50 s  (21890 s) Ratio: 76.8%
I/StatsProvider(17798): rawRealtime = 28495376000
I/StatsProvider(17798): whichRealtime = 13982068
I/StatsProvider(17798): Trace: Calling root operations2013-10-30 04:55:31
D/ActivityThread( 9761): Loading provider com.android.gmail.ui: com.google.android.gm.provider.GmailProvider
V/TAG     (  646): bug 7643792: fitSystemWindows([0,50][0,0])
I/AlarmsDumpsys(17798): getAlarms: SDK=18, RELEASE=4.3.1
W/GAV2    ( 9761): Thread[main,5,main]: Need to call initialize() and be in fallback mode to start dispatch.
I/StatsProvider(17798): Trace: Finished root operations2013-10-30 04:55:32
I/ReferenceStore(17798): Serializing reference ref_screen_on
I/ActivityManager(  646): No longer want com.quoord.tapatalkHD (pid 18294): empty #17
I/Gmail   ( 9761): calculateUnknownSyncRationalesAndPurgeInBackground: exiting (labelMap not synced
I/Gmail   ( 9761): calculateUnknownSyncRationalesAndPurgeInBackground: exiting (labelMap not synced
I/ReferenceStore(17798): Saved ref ref_screen_on
D/StatsProvider(17798): Added Deep sleep:6 h 4 m 50 s  (21890 s) Ratio: 76.8%
I/StatsProvider(17798): rawRealtime = 28495756000
I/StatsProvider(17798): whichRealtime = 13982612
I/Misc    (17798): Fixed rounding difference: 449641 -> 449611
I/Misc    (17798): Fixed rounding difference: 449641 -> 449611
I/Misc    (17798): Fixed rounding difference: 449641 -> 449611
I/Misc    (17798): Fixed rounding difference: 449641 -> 449611
I/StatsProvider(17798): rawRealtime = 28495759000
I/StatsProvider(17798): whichRealtime = 449641
I/Gmail   ( 9761): calculateUnknownSyncRationalesAndPurgeInBackground: queueing
I/SmallWidgetProvider(17798): onReceive method called, action = 'BBS_WIDGET_UPDATE' at 2013-10-30 04:55:32
I/Gmail   ( 9761): calculateUnknownSyncRationalesAndPurgeInBackground: queueing
D/StatsProvider(17798): Added Deep sleep:6 h 4 m 50 s  (21890 s) Ratio: 76.8%
I/Gmail   ( 9761): calculateUnknownSyncRationalesAndPurgeInBackground: running
I/Gmail   ( 9761): calculateUnknownSyncRationalesAndPurgeInBackground: running
I/Gmail   ( 9761): calculateUnknownSyncRationalesAndPurgeInBackground: exiting (labelMap not synced
I/Gmail   ( 9761): calculateUnknownSyncRationalesAndPurgeInBackground: exiting (labelMap not synced
I/StatsProvider(17798): rawRealtime = 28495817000
I/StatsProvider(17798): whichRealtime = 13982612
I/StatsProvider(17798): Trace: Calling root operations2013-10-30 04:55:32
E/Gmail.LabelManager( 9761): Unable to get label ^i for account hlsoni2000@gmail.com
E/Gmail   ( 9761): Couldn't find label: ^i
E/Gmail.LabelManager( 9761): Unable to get label ^i for account ashjas@gmail.com
E/Gmail   ( 9761): Couldn't find label: ^i
I/Gmail   ( 9761): calculateUnknownSyncRationalesAndPurgeInBackground: exiting (labelMap not synced
I/Gmail   ( 9761): calculateUnknownSyncRationalesAndPurgeInBackground: exiting (labelMap not synced
E/Gmail.LabelManager( 9761): Unable to get label ^i for account hlsoni2000@gmail.com
E/Gmail   ( 9761): Couldn't find label: ^i
E/Gmail.LabelManager( 9761): Unable to get label ^i for account ashjas@gmail.com
E/Gmail   ( 9761): Couldn't find label: ^i
I/AlarmsDumpsys(17798): getAlarms: SDK=18, RELEASE=4.3.1
E/Gmail.LabelManager( 9761): Unable to get label ^i for account paltry@gmail.com
E/Gmail   ( 9761): Couldn't find label: ^i
E/Gmail.LabelManager( 9761): Unable to get label ^i for account hlsoni2000@gmail.com
E/Gmail   ( 9761): Couldn't find label: ^i
E/Gmail.LabelManager( 9761): Unable to get label ^i for account ashjas@gmail.com
E/Gmail   ( 9761): Couldn't find label: ^i
E/Gmail.LabelManager( 9761): Unable to get label ^i for account paltry@gmail.com
E/Gmail   ( 9761): Couldn't find label: ^i
I/StatsProvider(17798): Trace: Finished root operations2013-10-30 04:55:32
I/ReferenceStore(17798): Serializing reference ref_current
D/Globals (17798): Wakelock BBS_WAKELOCK_WHILE_SAVING_REF released
E/WriteScreenOnReferenceService(17798): Destroyed at2013-10-30 04:55:32
I/SmallWidgetProvider(17798): onReceive method called, action = 'BBS_WIDGET_UPDATE' at 2013-10-30 04:55:32
I/ReferenceStore(17798): Saved ref ref_current
V/PanelView( 1196): animationTick called with dtms=0; nothing to do (h=341.5 v=2062.1033)
W/MessageQueue(17798): Handler (android.os.Handler) {9628cd10} sending message to a Handler on a dead thread
W/MessageQueue(17798): java.lang.RuntimeException: Handler (android.os.Handler) {9628cd10} sending message to a Handler on a dead thread
W/MessageQueue(17798): 	at android.os.MessageQueue.enqueueMessage(MessageQueue.java:309)
W/MessageQueue(17798): 	at android.os.Handler.enqueueMessage(Handler.java:623)
W/MessageQueue(17798): 	at android.os.Handler.sendMessageAtTime(Handler.java:592)
W/MessageQueue(17798): 	at android.os.Handler.sendMessageDelayed(Handler.java:563)
W/MessageQueue(17798): 	at android.os.Handler.post(Handler.java:323)
W/MessageQueue(17798): 	at android.widget.Toast$TN.hide(Toast.java:367)
W/MessageQueue(17798): 	at android.app.ITransientNotification$Stub.onTransact(ITransientNotification.java:55)
W/MessageQueue(17798): 	at android.os.Binder.execTransact(Binder.java:388)
W/MessageQueue(17798): 	at dalvik.system.NativeStart.run(Native Method)
D/audio_hw_primary(  195): out_standby: enter: usecase(1: low-latency-playback)
D/audio_hw_primary(  195): stop_output_stream: enter: usecase(1: low-latency-playback)
D/audio_hw_primary(  195): disable_audio_route: reset mixer path: low-latency-playback
D/audio_hw_primary(  195): disable_snd_device: snd_device(2: speaker)
D/audio_hw_primary(  195): stop_output_stream: exit: status(0)
D/audio_hw_primary(  195): out_standby: exit
D/audio_hw_primary(  195): start_output_stream: enter: usecase(1: low-latency-playback) devices(0x2)
D/audio_hw_primary(  195): select_devices: out_snd_device(2: speaker) in_snd_device(0: none)
D/audio_hw_primary(  195): enable_snd_device: sending audio calibration for snd_device(2) acdb_id(14)
D/ACDB-LOADER(  195): ACDB -> send_afe_cal
D/audio_hw_primary(  195): enable_snd_device: snd_device(2: speaker)
I/ActivityManager(  646): START u0 {act=viewsubscribe1804563009 flg=0x8000 cmp=com.quoord.tapatalkHD/com.quoord.tapatalkpro.ics.slidingMenu.SlidingMenuActivity bnds=[0,230][768,462] (has extras)} from pid -1
D/audio_hw_primary(  195): enable_audio_route: apply mixer path: low-latency-playback
D/audio_hw_primary(  195): start_output_stream: exit
W/ActivityManager(  646): startActivity called from non-Activity context; forcing Intent.FLAG_ACTIVITY_NEW_TASK for: Intent { act=viewsubscribe1804563009 flg=0x8000 cmp=com.quoord.tapatalkHD/com.quoord.tapatalkpro.ics.slidingMenu.SlidingMenuActivity bnds=[0,230][768,462] (has extras) }
I/ActivityManager(  646): Start proc com.quoord.tapatalkHD for activity com.quoord.tapatalkHD/com.quoord.tapatalkpro.ics.slidingMenu.SlidingMenuActivity: pid=9878 uid=10081 gids={50081, 3003, 1015, 1028}
V/PanelView( 1196): animationTick called with dtms=0; nothing to do (h=1184.0 v=-4000.0)
V/yao     ( 9878): 
V/yao     ( 9878): <methodCall>
V/yao     ( 9878):  <methodName>get_config</methodName>
V/yao     ( 9878): </methodCall>
I/ActivityManager(  646): START u0 {cmp=com.quoord.tapatalkHD/com.quoord.tapatalkpro.activity.forum.ThreadActivity (has extras)} from pid 9878
W/GAV2    ( 9878): Thread[main,5,main]: Connection to service failed 1
W/Ads     ( 9878): No Google Analytics: Library Incompatible.
W/ActivityManager(  646): Unable to start service Intent { act=com.google.android.gms.analytics.service.START (has extras) } U=0: not found
W/GAV2    ( 9878): Thread[main,5,main]: Need to call initialize() and be in fallback mode to start dispatch.
D/libEGL  ( 9878): loaded /system/lib/egl/libEGL_adreno200.so
D/libEGL  ( 9878): loaded /system/lib/egl/libGLESv1_CM_adreno200.so
D/libEGL  ( 9878): loaded /system/lib/egl/libGLESv2_adreno200.so
I/Adreno200-EGL( 9878): <qeglDrvAPI_eglInitialize:265>: EGL 1.4 QUALCOMM Build: Iabe52cfaeae4c5fab1acacfe6f056ba15fa93274
D/OpenGLRenderer( 9878): Enabling debug mode 0
I/ActivityManager(  646): Displayed com.quoord.tapatalkHD/com.quoord.tapatalkpro.ics.slidingMenu.SlidingMenuActivity: +500ms
W/ResourceType( 9878): getEntry failing because entryIndex 727 is beyond type entryCount 1
W/ViewPager( 9878): Requested offscreen page limit 0 too small; defaulting to 1
V/yao     ( 9878): 
V/yao     ( 9878): <methodCall>
V/yao     ( 9878):  <methodName>get_thread_by_unread</methodName>
V/yao     ( 9878):  <params>
V/yao     ( 9878):   <param>
V/yao     ( 9878):    <value>
V/yao     ( 9878):     <string>2196707</string>
V/yao     ( 9878):    </value>
V/yao     ( 9878):   </param>
V/yao     ( 9878):   <param>
V/yao     ( 9878):    <value>
V/yao     ( 9878):     <i4>10</i4>
V/yao     ( 9878):    </value>
V/yao     ( 9878):   </param>
V/yao     ( 9878):  </params>
V/yao     ( 9878): </methodCall>
W/GAV2    ( 9761): Thread[GAThread,5,main]: Service unavailable (code=1), will retry.
I/GAV2    ( 9761): Thread[GAThread,5,main]: No campaign data found.
W/ActivityManager(  646): Unable to start service Intent { act=com.google.android.gms.analytics.service.START (has extras) } U=0: not found
I/janan   ( 9878): search
I/ActivityManager(  646): Displayed com.quoord.tapatalkHD/com.quoord.tapatalkpro.activity.forum.ThreadActivity: +279ms
I/janan   ( 9878): signin
V/yao     ( 9878): 
V/yao     ( 9878): <methodCall>
V/yao     ( 9878):  <methodName>login</methodName>
V/yao     ( 9878):  <params>
V/yao     ( 9878):   <param>
V/yao     ( 9878):    <value>
V/yao     ( 9878):     <base64>YXNoamFz</base64>
V/yao     ( 9878):    </value>
V/yao     ( 9878):   </param>
V/yao     ( 9878):   <param>
V/yao     ( 9878):    <value>
V/yao     ( 9878):     <base64>ZWE2MjYyZTA4MWY2ZTViMzFkMGY5ZjJjYWE2MzQ3Y2M=</base64>
V/yao     ( 9878):    </value>
V/yao     ( 9878):   </param>
V/yao     ( 9878):   <param>
V/yao     ( 9878):    <value>
V/yao     ( 9878):     <boolean>0</boolean>
V/yao     ( 9878):    </value>
V/yao     ( 9878):   </param>
V/yao     ( 9878):   <param>
V/yao     ( 9878):    <value>
V/yao     ( 9878):     <string>1</string>
V/yao     ( 9878):    </value>
V/yao     ( 9878):   </param>
V/yao     ( 9878):  </params>
V/yao     ( 9878): </methodCall>
I/GAV2    ( 9878): Thread[GAThread,5,main]: No campaign data found.
I/janan   ( 9878): 
I/janan   ( 9878): key1+1375153XDA-Developersusesignin||key21375153ashjasusesignin
V/yao     ( 9878): 
V/yao     ( 9878): <methodCall>
V/yao     ( 9878):  <methodName>login</methodName>
V/yao     ( 9878):  <params>
V/yao     ( 9878):   <param>
V/yao     ( 9878):    <value>
V/yao     ( 9878):     <base64>YXNoamFz</base64>
V/yao     ( 9878):    </value>
V/yao     ( 9878):   </param>
V/yao     ( 9878):   <param>
V/yao     ( 9878):    <value>
V/yao     ( 9878):     <base64>ZWE2MjYyZTA4MWY2ZTViMzFkMGY5ZjJjYWE2MzQ3Y2M=</base64>
V/yao     ( 9878):    </value>
V/yao     ( 9878):   </param>
V/yao     ( 9878):   <param>
V/yao     ( 9878):    <value>
V/yao     ( 9878):     <boolean>0</boolean>
V/yao     ( 9878):    </value>
V/yao     ( 9878):   </param>
V/yao     ( 9878):   <param>
V/yao     ( 9878):    <value>
V/yao     ( 9878):     <string>1</string>
V/yao     ( 9878):    </value>
V/yao     ( 9878):   </param>
V/yao     ( 9878):  </params>
V/yao     ( 9878): </methodCall>
W/MillennialMediaSDK( 9878): MMJS - same URL
W/MillennialMediaSDK( 9878): Not downloading MMJS - (http://lp.mydas.mobi/assets/mmjs/1.3/mm.js)
W/MillennialMediaSDK( 9878): MMJS - same URL
W/MillennialMediaSDK( 9878): Not downloading MMJS - (http://lp.mydas.mobi/assets/mmjs/1.3/mm.js)
D/audio_hw_primary(  195): out_standby: enter: usecase(1: low-latency-playback)
D/audio_hw_primary(  195): stop_output_stream: enter: usecase(1: low-latency-playback)
D/audio_hw_primary(  195): disable_audio_route: reset mixer path: low-latency-playback
D/audio_hw_primary(  195): disable_snd_device: snd_device(2: speaker)
D/audio_hw_primary(  195): stop_output_stream: exit: status(0)
D/audio_hw_primary(  195): out_standby: exit
V/yao     ( 9878): 
V/yao     ( 9878): <methodCall>
V/yao     ( 9878):  <methodName>get_inbox_stat</methodName>
V/yao     ( 9878): </methodCall>
I/Choreographer( 9878): Skipped 35 frames!  The application may be doing too much work on its main thread.
V/yao     ( 9878): 
V/yao     ( 9878): <methodCall>
V/yao     ( 9878):  <methodName>get_thread_by_unread</methodName>
V/yao     ( 9878):  <params>
V/yao     ( 9878):   <param>
V/yao     ( 9878):    <value>
V/yao     ( 9878):     <string>2196707</string>
V/yao     ( 9878):    </value>
V/yao     ( 9878):   </param>
V/yao     ( 9878):   <param>
V/yao     ( 9878):    <value>
V/yao     ( 9878):     <i4>10</i4>
V/yao     ( 9878):    </value>
V/yao     ( 9878):   </param>
V/yao     ( 9878):  </params>
V/yao     ( 9878): </methodCall>
W/GAV2    ( 9878): Thread[Service Reconnect,5,main]: Connection to service failed 1
W/ActivityManager(  646): Unable to start service Intent { act=com.google.android.gms.analytics.service.START (has extras) } U=0: not found
W/GAV2    ( 9761): Thread[Service Reconnect,5,main]: Service unavailable (code=1), using local store.
W/ActivityManager(  646): Unable to start service Intent { act=com.google.android.gms.analytics.service.START (has extras) } U=0: not found
W/ViewPager( 9878): Requested offscreen page limit 0 too small; defaulting to 1
W/ViewPager( 9878): Requested offscreen page limit 0 too small; defaulting to 1
I/Choreographer( 9878): Skipped 32 frames!  The application may be doing too much work on its main thread.
W/ViewPager( 9878): Requested offscreen page limit 0 too small; defaulting to 1
W/ViewPager( 9878): Requested offscreen page limit 0 too small; defaulting to 1
W/ViewPager( 9878): Requested offscreen page limit 0 too small; defaulting to 1
W/ViewPager( 9878): Requested offscreen page limit 0 too small; defaulting to 1
I/janan   ( 9878): search
I/dalvikvm( 9878): Jit: resizing JitTable from 4096 to 8192
I/Dropsync( 2348): Next sync cycle scheduled to run at 2013-10-30 05:10:18+0530
D/audio_hw_primary(  195): start_output_stream: enter: usecase(1: low-latency-playback) devices(0x2)
D/audio_hw_primary(  195): select_devices: out_snd_device(2: speaker) in_snd_device(0: none)
D/audio_hw_primary(  195): enable_snd_device: sending audio calibration for snd_device(2) acdb_id(14)
D/ACDB-LOADER(  195): ACDB -> send_afe_cal
D/audio_hw_primary(  195): enable_snd_device: snd_device(2: speaker)
D/audio_hw_primary(  195): enable_audio_route: apply mixer path: low-latency-playback
D/audio_hw_primary(  195): start_output_stream: exit
I/ActivityManager(  646): START u0 {flg=0x4000000 cmp=com.quoord.tapatalkHD/com.quoord.tapatalkpro.activity.directory.ics.IcsEntryActivity} from pid 9878
I/ActivityManager(  646): Displayed com.quoord.tapatalkHD/com.quoord.tapatalkpro.activity.directory.ics.IcsEntryActivity: +414ms
I/ActivityManager(  646): No longer want net.tsapps.appsales:remote (pid 19614): empty #17
I/ActivityManager(  646): START u0 {act=android.intent.action.MAIN cat=[android.intent.category.LAUNCHER] flg=0x10200000 cmp=com.android.settings/.Settings bnds=[384,650][576,850]} from pid 1356
I/ActivityManager(  646): Start proc com.android.settings for activity com.android.settings/.Settings: pid=10158 uid=1000 gids={41000, 1015, 1028, 3002, 3001, 3003, 3007}
D/BluetoothManagerService(  646): Message: 20
D/BluetoothManagerService(  646): Added callback: android.bluetooth.IBluetoothManagerCallback$Stub$Proxy@969c8fc0:true
D/BluetoothAdapter(10158): -1780108776: getState() :  mService = null. Returning STATE_OFF
D/BluetoothManagerService(  646): Message: 30
D/BluetoothManagerService(  646): Message: 30
D/BluetoothPan(10158): BluetoothPan() call bindService
D/BluetoothPan(10158): BluetoothPan(), bindService called
D/BluetoothManagerService(  646): Message: 30
D/LocalBluetoothProfileManager(10158): LocalBluetoothProfileManager construction complete
D/BluetoothAdapter(10158): -1780108776: getState() :  mService = null. Returning STATE_OFF
D/BluetoothAdapter(10158): -1780108776: getState() :  mService = null. Returning STATE_OFF
